--------- beginning of main
10-29 22:18:27.841  1904  1904 W auditd  : type=2000 audit(0.0:1): state=initialized audit_enabled=0 res=1
10-29 22:18:28.808  1904  1904 I auditd  : type=1403 audit(0.0:2): policy loaded auid=4294967295 ses=4294967295
10-29 22:18:29.774  1905  1905 I SELinux : SELinux: Loaded service_contexts from:
10-29 22:18:29.801  1905  1905 I SELinux :     /system/etc/selinux/plat_service_contexts
10-29 22:18:29.824  1903  1903 I tee-supp: type=1400 audit(0.0:3): avc: denied { getattr } for path="/metadata" dev="xvda4" ino=2 scontext=u:r:tee:s0 tcontext=u:object_r:metadata_file:s0 tclass=dir permissive=1
--------- beginning of system
10-29 22:18:29.833  1893  1893 I vold    : Vold 3.0 (the awakening) firing up
10-29 22:18:29.834  1893  1893 V vold    : Detected support for: ext4 vfat ntfs
10-29 22:18:29.863  1893  1893 V vold    : Found unmanaged dm device named vendor
10-29 22:18:29.863  1893  1893 V vold    : Found unmanaged dm device named system
10-29 22:18:29.863  1893  1893 W vold    : Failed to LOOP_GET_STATUS64 /dev/block/loop7: No such device or address
10-29 22:18:29.863  1893  1893 W vold    : Failed to LOOP_GET_STATUS64 /dev/block/loop4: No such device or address
10-29 22:18:29.863  1893  1893 W vold    : Failed to LOOP_GET_STATUS64 /dev/block/loop1: No such device or address
10-29 22:18:29.863  1893  1893 W vold    : Failed to LOOP_GET_STATUS64 /dev/block/loop3: No such device or address
10-29 22:18:29.863  1893  1893 W vold    : Failed to LOOP_GET_STATUS64 /dev/block/loop0: No such device or address
10-29 22:18:29.863  1893  1893 W vold    : Failed to LOOP_GET_STATUS64 /dev/block/loop6: No such device or address
10-29 22:18:29.863  1893  1893 W vold    : Failed to LOOP_GET_STATUS64 /dev/block/loop5: No such device or address
10-29 22:18:29.863  1893  1893 W vold    : Failed to LOOP_GET_STATUS64 /dev/block/loop2: No such device or address
10-29 22:18:29.873  1893  1893 D vold    : VoldNativeService::start() completed OK
10-29 22:18:29.902  1907  1907 I SELinux : SELinux: Loaded service_contexts from:
10-29 22:18:29.902  1907  1907 I SELinux :     /vendor/etc/selinux/vndservice_contexts
10-29 22:18:29.987  1906  1906 I hwservicemanager: hwservicemanager is ready now.
10-29 22:18:30.003  1918  1918 D BootControlHAL: Create BootControl
10-29 22:18:30.003  1918  1918 E BootControlHAL: Unable to initialize BootControl
10-29 22:18:30.004  1918  1918 I ServiceManagement: Removing namespace from process name android.hardware.boot@1.0-service.renesas to boot@1.0-service.renesas.
10-29 22:18:30.008  1903  1903 I tee-supp: type=1400 audit(0.0:4): avc: denied { read write } for name="dirf.db" dev="xvda4" ino=14 scontext=u:r:tee:s0 tcontext=u:object_r:metadata_file:s0 tclass=file permissive=1
10-29 22:18:30.008  1903  1903 I tee-supp: type=1400 audit(0.0:5): avc: denied { open } for path="/metadata/tee/dirf.db" dev="xvda4" ino=14 scontext=u:r:tee:s0 tcontext=u:object_r:metadata_file:s0 tclass=file permissive=1
10-29 22:18:30.009  1919  1919 I KeymasterHAL: Loading...
10-29 22:18:30.025  1906  1906 W hwservicemanager: getTransport: Cannot find entry android.hardware.keymaster@4.0::IKeymasterDevice/default in either framework or device manifest.
10-29 22:18:30.027  1920  1920 I ServiceManagement: getService: Trying again for android.hardware.keymaster@3.0::IKeymasterDevice/default...
10-29 22:18:30.065  1919  1919 I OpteeKeymaster: Connection with keystore was established
10-29 22:18:30.066  1919  1919 I ServiceManagement: Removing namespace from process name android.hardware.keymaster@3.0-service.renesas to keymaster@3.0-service.renesas.
10-29 22:18:30.074  1914  1914 W VehicleHalImpl: Continous query disabled!
10-29 22:18:30.076  1914  1914 D TCP_SERVER: TcpServer::initCom() done, port:12345, fd: 4
10-29 22:18:30.076  1914  1914 I automotive.vehicle@2.0-impl: VehicleHalManager::init
10-29 22:18:30.105  1914  1914 I VehicleHalImpl: VehicleHal init done
10-29 22:18:30.106  1914  1914 I ServiceManagement: Removing namespace from process name android.hardware.automotive.vehicle@2.0-service.vinfast to vehicle@2.0-service.vinfast.
10-29 22:18:30.109  1914  1948 I VehicleHalSomeip: [info   ] VF SOMEIP version 0.3.0 initializing...
10-29 22:18:30.109  1914  1948 I VehicleHalSomeip: [info   ] Commit ID: a2e4349
10-29 22:18:30.109  1914  1948 D VehicleHalSomeip: [debug  ] [SdProxy] Reconnecting ...
10-29 22:18:30.196  1913  1913 I ServiceManagement: getService: Trying again for vendor.renesas.graphics.composer@1.0::IComposer/default...
10-29 22:18:31.105  1914  1948 D VehicleHalSomeip: [debug  ] [SdProxy] Reconnecting ...
10-29 22:18:31.139  1893  1893 I vold    : e4crypt_initialize_global_de
10-29 22:18:31.140  1893  1893 D vold    : Key exists, using: /data/unencrypted/key
10-29 22:18:31.144  1906  1906 W hwservicemanager: getTransport: Cannot find entry android.hardware.keymaster@4.0::IKeymasterDevice/default in either framework or device manifest.
10-29 22:18:31.146  1893  1893 I vold    : List of Keymaster HALs found:
10-29 22:18:31.146  1893  1893 I vold    : Keymaster HAL #1: Renesas Keymaster HALv3_0 from Renesas Electronics SecurityLevel: TRUSTED_ENVIRONMENT HAL: android.hardware.keymaster@3.0::IKeymasterDevice/default
10-29 22:18:31.146  1893  1893 I vold    : Using Renesas Keymaster HALv3_0 from Renesas Electronics for encryption.  Security level: TRUSTED_ENVIRONMENT, HAL: android.hardware.keymaster@3.0::IKeymasterDevice/default
10-29 22:18:31.152  1893  1893 D vold    : Added key 716806538 (ext4:b8f819610c8eae91) to keyring 563837701 in process 1893
10-29 22:18:31.152  1893  1893 D vold    : Added key 832644792 (f2fs:b8f819610c8eae91) to keyring 563837701 in process 1893
10-29 22:18:31.152  1893  1893 D vold    : Added key 913193967 (fscrypt:b8f819610c8eae91) to keyring 563837701 in process 1893
10-29 22:18:31.154  1893  1893 I vold    : Wrote system DE key reference to:/data/unencrypted/ref
10-29 22:18:31.197  1913  1913 W ServiceManagement: Waited one second for vendor.renesas.graphics.composer@1.0::IComposer/default. Waiting another...
10-29 22:18:31.270  1893  1893 D vold    : e4crypt_init_user0
10-29 22:18:31.270  1893  1893 D vold    : Preparing: /data/misc/vold/user_keys
10-29 22:18:31.271  1893  1893 D vold    : Preparing: /data/misc/vold/user_keys/ce
10-29 22:18:31.272  1893  1893 D vold    : Preparing: /data/misc/vold/user_keys/de
10-29 22:18:31.272  1893  1893 D vold    : Skipping non-de-key ..
10-29 22:18:31.276  1906  1906 W hwservicemanager: getTransport: Cannot find entry android.hardware.keymaster@4.0::IKeymasterDevice/default in either framework or device manifest.
10-29 22:18:31.276  1893  1893 I vold    : List of Keymaster HALs found:
10-29 22:18:31.277  1893  1893 I vold    : Keymaster HAL #1: Renesas Keymaster HALv3_0 from Renesas Electronics SecurityLevel: TRUSTED_ENVIRONMENT HAL: android.hardware.keymaster@3.0::IKeymasterDevice/default
10-29 22:18:31.277  1893  1893 I vold    : Using Renesas Keymaster HALv3_0 from Renesas Electronics for encryption.  Security level: TRUSTED_ENVIRONMENT, HAL: android.hardware.keymaster@3.0::IKeymasterDevice/default
10-29 22:18:31.283  1893  1893 D vold    : Added key 418000920 (ext4:5d1ede431a1deb27) to keyring 563837701 in process 1893
10-29 22:18:31.283  1893  1893 D vold    : Added key 496277101 (f2fs:5d1ede431a1deb27) to keyring 563837701 in process 1893
10-29 22:18:31.283  1893  1893 D vold    : Added key 238597084 (fscrypt:5d1ede431a1deb27) to keyring 563837701 in process 1893
10-29 22:18:31.283  1893  1893 D vold    : Installed de key for user 0
10-29 22:18:31.283  1893  1893 D vold    : Skipping non-de-key .
10-29 22:18:31.283  1893  1893 D vold    : e4crypt_prepare_user_storage for volume null, user 0, serial 0, flags 1
10-29 22:18:31.283  1893  1893 D vold    : Preparing: /data/system/users/0
10-29 22:18:31.284  1893  1893 D vold    : Preparing: /data/misc/profiles/cur/0
10-29 22:18:31.284  1893  1893 D vold    : Preparing: /data/system_de/0
10-29 22:18:31.285  1893  1893 D vold    : Preparing: /data/misc_de/0
10-29 22:18:31.285  1893  1893 D vold    : Preparing: /data/vendor_de/0
10-29 22:18:31.286  1893  1893 D vold    : Preparing: /data/user_de/0
10-29 22:18:31.287  1893  1893 I vold    : Found policy 5d1ede431a1deb27 at /data/system_de/0 which matches expected value
10-29 22:18:31.287  1893  1893 I vold    : Found policy 5d1ede431a1deb27 at /data/misc_de/0 which matches expected value
10-29 22:18:31.288  1893  1893 I vold    : Found policy 5d1ede431a1deb27 at /data/vendor_de/0 which matches expected value
10-29 22:18:31.289  1893  1893 I vold    : Found policy 5d1ede431a1deb27 at /data/user_de/0 which matches expected value
10-29 22:18:31.289  1893  1893 V vold    : /system/bin/vold_prepare_subdirs
10-29 22:18:31.289  1893  1893 V vold    :     prepare
10-29 22:18:31.289  1893  1893 V vold    :     
10-29 22:18:31.289  1893  1893 V vold    :     0
10-29 22:18:31.289  1893  1893 V vold    :     1
10-29 22:18:31.310  1893  1893 I vold_prepare_subdirs: SELinux: Loaded file_contexts
10-29 22:18:31.312  1982  1982 D vold_prepare_subdirs: Setting up mode 700 uid 0 gid 0 context u:object_r:vold_data_file:s0 on path: /data/misc_de/0/vold
10-29 22:18:31.313  1982  1982 D vold_prepare_subdirs: Setting up mode 700 uid 0 gid 0 context u:object_r:storaged_data_file:s0 on path: /data/misc_de/0/storaged
10-29 22:18:31.314  1982  1982 D vold_prepare_subdirs: Setting up mode 700 uid 1000 gid 1000 context u:object_r:fingerprint_vendor_data_file:s0 on path: /data/vendor_de/0/fpdata
10-29 22:18:31.332  1983  1983 I /system/bin/tzdatacheck: timezone distro dir /data/misc/zoneinfo/current does not exist. No action required.
10-29 22:18:31.408  1986  1986 W otapreopt_slot: Slot property empty.
10-29 22:18:31.711  1989  1989 I Netd    : Netd 1.0 starting
10-29 22:18:31.716  1989  1989 D TetherController: Setting IP forward enable = 0
10-29 22:18:31.779  1989  1989 I Netd    : Creating child chains: 53.8ms
10-29 22:18:31.779  1989  1989 I Netd    : Setting up OEM hooks: 0.2ms
10-29 22:18:31.779  1989  1989 I Netd    : Setting up FirewallController hooks: 0.0ms
10-29 22:18:31.782  1989  1989 I Netd    : Setting up TetherController hooks: 3.2ms
10-29 22:18:31.784  1989  1989 I Netd    : Setting up BandwidthController hooks: 2.5ms
10-29 22:18:31.784  1989  1989 I Netd    : Setting up IdletimerController hooks: 0.0ms
10-29 22:18:31.849  1989  1989 I Netd    : initializing traffic control: 64.3ms
10-29 22:18:31.858  1989  1989 I Netd    : Disabling bandwidth control: 9.3ms
10-29 22:18:31.860  1989  1989 E Netd    : cannot find interface dummy0
10-29 22:18:31.862  2014  2014 I ServiceManagement: Removing namespace from process name android.hidl.allocator@1.0-service to allocator@1.0-service.
10-29 22:18:31.867  1989  1989 I Netd    : Initializing RouteController: 8.8ms
10-29 22:18:31.867  1989  1989 D XfrmController: Sending Netlink XFRM Message: XFRM_MSG_FLUSHSA
10-29 22:18:31.867  1989  1989 D XfrmController: Sending Netlink XFRM Message: XFRM_MSG_FLUSHPOLICY
10-29 22:18:31.868  1989  1989 I Netd    : Initializing XfrmController: 0.6ms
10-29 22:18:31.871  1989  1989 D MDnsDS  : MDnsSdListener::Hander starting up
10-29 22:18:31.875  1989  2032 D MDnsDS  : MDnsSdListener starting to monitor
10-29 22:18:31.875  1989  2032 D MDnsDS  : Going to poll with pollCount 1
10-29 22:18:31.877  1989  1989 I Netd    : Registering NetdNativeService: 1.2ms
10-29 22:18:31.877  1989  1989 I Netd    : Starting CommandListener: 0.2ms
10-29 22:18:31.881  1989  1989 I Netd    : Registering NetdHwService: 4.3ms
10-29 22:18:31.881  1989  1989 I Netd    : Netd started in 170ms
10-29 22:18:31.956  2018  2018 I ServiceManagement: Removing namespace from process name android.hardware.bluetooth@1.0-service.vf_ecockpit to bluetooth@1.0-service.vf_ecockpit.
10-29 22:18:31.977  2024  2024 I ServiceManagement: Removing namespace from process name android.hardware.contexthub@1.0-service.renesas to contexthub@1.0-service.renesas.
10-29 22:18:32.022  2033  2033 D android.hardware.drm@1.0-service: android.hardware.drm@1.0-service starting...
10-29 22:18:32.108  1914  1948 D VehicleHalSomeip: [debug  ] [SdProxy] Reconnecting ...
10-29 22:18:32.141  2017  2017 E AudCntrlDrv: registerAsService AudioControl 2.0
10-29 22:18:32.142  2017  2017 I ServiceManagement: Removing namespace from process name android.hardware.automotive.audiocontrol@2.0-service to audiocontrol@2.0-service.
10-29 22:18:32.149  2019  2019 I ServiceManagement: Removing namespace from process name android.hardware.broadcastradio@2.0-service.vf to broadcastradio@2.0-service.vf.
10-29 22:18:32.151  2019  2019 I VFBcRadioDef: Broadcast Radio HAL 2.0 Ready.
10-29 22:18:32.197  1913  1913 W ServiceManagement: Waited one second for vendor.renesas.graphics.composer@1.0::IComposer/default. Waiting another...
10-29 22:18:32.200  2041  2041 I VINFAST_dsp_dione: Client ID: 0X1112
10-29 22:18:32.200  2041  2041 I VINFAST_dsp_dione: git commit id: 27fac44
10-29 22:18:32.247  2013  2013 I EvsManager: EVS manager starting
10-29 22:18:32.247  2013  2013 D EvsManager: Main thread entering thread pool
10-29 22:18:32.247  2013  2056 I EvsManager: EVS managed service connecting to hardware service at EvsEnumeratorHw
10-29 22:18:32.247  2013  2056 D EvsManager: init
10-29 22:18:32.248  1903  1903 I tee-supp: type=1400 audit(0.0:6): avc: denied { read write } for name="dirf.db" dev="xvda4" ino=14 scontext=u:r:tee:s0 tcontext=u:object_r:metadata_file:s0 tclass=file permissive=1
10-29 22:18:32.248  1903  1903 I tee-supp: type=1400 audit(0.0:7): avc: denied { open } for path="/metadata/tee/dirf.db" dev="xvda4" ino=14 scontext=u:r:tee:s0 tcontext=u:object_r:metadata_file:s0 tclass=file permissive=1
10-29 22:18:32.250  2013  2056 I ServiceManagement: getService: Trying again for android.hardware.automotive.evs@1.0::IEvsEnumerator/EvsEnumeratorHw...
10-29 22:18:32.252  2043  2043 I android.hardware.gatekeeper@1.0-service.renesas: Loading...
10-29 22:18:32.271  2041  2041 I ServiceManagement: Removing namespace from process name android.hardware.dsp.dione@1.0-service to dione@1.0-service.
10-29 22:18:32.272  2041  2061 I VINFAST_dsp_dione: [info   ] VF SOMEIP version 0.3.0 initializing...
10-29 22:18:32.272  2041  2061 I VINFAST_dsp_dione: [info   ] Commit ID: a2e4349
10-29 22:18:32.273  2041  2041 I VINFAST_dsp_dione: DIONE HAL 1.0 Ready.
10-29 22:18:32.290  2048  2048 I ServiceManagement: Removing namespace from process name android.hardware.light@2.0-service.renesas to light@2.0-service.renesas.
10-29 22:18:32.307  2042  2042 I ServiceManagement: Removing namespace from process name android.hardware.dumpstate@1.0-service.renesas to dumpstate@1.0-service.renesas.
10-29 22:18:32.334  2040  2040 D android.hardware.drm@1.1-service.clearkey: android.hardware.drm@1.1-service.clearkey starting...
10-29 22:18:32.335  2040  2040 I ServiceManagement: Removing namespace from process name android.hardware.drm@1.1-service.clearkey to drm@1.1-service.clearkey.
10-29 22:18:32.337  2040  2040 I ServiceManagement: Removing namespace from process name android.hardware.drm@1.1-service.clearkey to drm@1.1-service.clearkey.
10-29 22:18:32.360  2050  2050 I OemLockHAL: Loading OemLock HAL...
10-29 22:18:32.363  2047  2047 I HealthHAL: HealthHALdefault Hal is starting up...
10-29 22:18:32.364  2047  2047 I ServiceManagement: Removing namespace from process name android.hardware.health@2.0-service.renesas to health@2.0-service.renesas.
10-29 22:18:32.366  2047  2047 I HealthHAL: HealthHALdefault: Hal init done
10-29 22:18:32.404  1903  1903 I tee-supp: type=1400 audit(0.0:8): avc: denied { read write } for name="0" dev="xvda4" ino=15 scontext=u:r:tee:s0 tcontext=u:object_r:metadata_file:s0 tclass=file permissive=1
10-29 22:18:32.404  1903  1903 I tee-supp: type=1400 audit(0.0:9): avc: denied { open } for path="/metadata/tee/0" dev="xvda4" ino=15 scontext=u:r:tee:s0 tcontext=u:object_r:metadata_file:s0 tclass=file permissive=1
10-29 22:18:32.439  2069  2069 I com.android.car.procfsinspector: starting com.android.car.procfsinspector
10-29 22:18:32.441  2069  2069 I com.android.car.procfsinspector: com.android.car.procfsinspector started
10-29 22:18:32.479  2055  2055 I ServiceManagement: Removing namespace from process name android.hardware.usb@1.0-service.renesas to usb@1.0-service.renesas.
10-29 22:18:32.482  2055  2055 I android.hardware.usb@1.0-service.renesas: USB HAL Ready.
10-29 22:18:32.509  2043  2043 I ServiceManagement: Removing namespace from process name android.hardware.gatekeeper@1.0-service.renesas to gatekeeper@1.0-service.renesas.
10-29 22:18:32.511  2051  2051 I ServiceManagement: Removing namespace from process name android.hardware.power@1.1-service.renesas to power@1.1-service.renesas.
10-29 22:18:32.518  2067  2075 I sd_stub : [info   ] VF SOMEIP version 0.3.0 initializing...
10-29 22:18:32.518  2067  2075 I sd_stub : [info   ] Commit ID: a2e4349
10-29 22:18:32.542  2046  2046 D hwcomposer: CRTCs ============================================
10-29 22:18:32.542  2046  2046 D hwcomposer: id	fb	pos		size
10-29 22:18:32.542  2046  2046 D hwcomposer: 31	0	(0,0)	(0x0)
10-29 22:18:32.542  2046  2046 D hwcomposer:                0    0     0    0    0 0
10-29 22:18:32.542  2046  2046 D hwcomposer: ==================================================
10-29 22:18:32.542  2046  2046 D hwcomposer: Connectors =======================================
10-29 22:18:32.542  2046  2046 D hwcomposer: id	enc	size	modes
10-29 22:18:32.542  2046  2046 D hwcomposer: 33	0	294x165		1
10-29 22:18:32.542  2046  2046 D hwcomposer:   modes:
10-29 22:18:32.542  2046  2046 D hwcomposer:           name Hz hdisp vdisp flags type clock
10-29 22:18:32.542  2046  2046 D hwcomposer:      1920x1080 60 1920  1080    9   48 173000
10-29 22:18:32.542  2046  2046 D hwcomposer: ==================================================
10-29 22:18:32.542  2046  2046 D hwcomposer: Planes ===========================================
10-29 22:18:32.542  2046  2046 D hwcomposer: id	pC	C	fb	Cx,Cy	x,y	gm
10-29 22:18:32.542  2046  2046 D hwcomposer: 30	1	0	0	0,0		0,0	0
10-29 22:18:32.542  2046  2046 D hwcomposer: ==================================================
10-29 22:18:32.542  2046  2046 D hwcomposer: initDisplays. displays count: 3.
10-29 22:18:32.542  2046  2046 D hwcomposer: === init display 0 ==========
10-29 22:18:32.542  2046  2046 D hwcomposer: Found available encoder (id = 32)
10-29 22:18:32.542  2046  2046 D hwcomposer: crtc_id  31 is compatible with encoder 32
10-29 22:18:32.543  2046  2046 D hwcomposer: LoadDisplayModes for display: 0; mCrtId: 31; mConnectorId: 33; open [/sys/class/drm/card0-Virtual-1/connector_id]
10-29 22:18:32.543  2046  2046 D hwcomposer: PLANES num: 1
10-29 22:18:32.543  2046  2046 D hwcomposer: mode 0 name = 1920x1080 vrefresh = 60.000000
10-29 22:18:32.544  2046  2046 D hwcomposer: selected mode 0 name = 1920x1080 vrefresh = 60.000000
10-29 22:18:32.548  2046  2046 I ServiceManagement: Removing namespace from process name android.hardware.graphics.composer@2.1-service.renesas to composer@2.1-service.renesas.
10-29 22:18:32.550  1913  1913 I android.hardware.automotive.evs@1.0.vf_ecockpit: EVS Hardware Enumerator service is starting
10-29 22:18:32.550  1913  1913 D android.hardware.automotive.evs@1.0.vf_ecockpit: EvsEnumerator created
10-29 22:18:32.550  1913  1913 I android.hardware.automotive.evs@1.0.vf_ecockpit: Camera /dev/video3 (1280x720) is successfully probed.
10-29 22:18:32.550  1913  1913 I android.hardware.automotive.evs@1.0.vf_ecockpit: Camera /dev/video2 (1280x720) is successfully probed.
10-29 22:18:32.550  1913  1913 I android.hardware.automotive.evs@1.0.vf_ecockpit: Camera /dev/video1 (1280x720) is successfully probed.
10-29 22:18:32.550  1913  1913 I android.hardware.automotive.evs@1.0.vf_ecockpit: Camera /dev/video0 (1280x720) is successfully probed.
10-29 22:18:32.551  1913  1913 I ServiceManagement: Removing namespace from process name android.hardware.automotive.evs@1.0-service.vf_ecockpit to evs@1.0-service.vf_ecockpit.
10-29 22:18:32.553  2013  2056 I EvsManager: EVS managed service is starting as default
10-29 22:18:32.554  2013  2056 D EvsManager: Registration complete
10-29 22:18:32.555  2067  2075 I sd_stub : [info   ] SdStub listen multicast address: 224.224.224.245:30490
10-29 22:18:32.556  2021  2021 W /vendor/bin/hw/android.hardware.configstore@1.1-service: libminijail[2021]: allowing syscall: connect
10-29 22:18:32.556  2021  2021 W /vendor/bin/hw/android.hardware.configstore@1.1-service: libminijail[2021]: allowing syscall: fcntl
10-29 22:18:32.556  2021  2021 W /vendor/bin/hw/android.hardware.configstore@1.1-service: libminijail[2021]: allowing syscall: sendto
10-29 22:18:32.556  2021  2021 W /vendor/bin/hw/android.hardware.configstore@1.1-service: libminijail[2021]: allowing syscall: socket
10-29 22:18:32.556  2021  2021 W /vendor/bin/hw/android.hardware.configstore@1.1-service: libminijail[2021]: allowing syscall: writev
10-29 22:18:32.563  2052  2052 I ServiceManagement: Removing namespace from process name android.hardware.thermal@1.1-service.renesas to thermal@1.1-service.renesas.
10-29 22:18:32.565  2050  2050 D OemLockHAL: Connection with OemLock TA was established
10-29 22:18:32.566  2050  2050 D OemLockHAL: Create OemLock
10-29 22:18:32.566  2050  2050 I ServiceManagement: Removing namespace from process name android.hardware.oemlock@1.0-service.renesas to oemlock@1.0-service.renesas.
10-29 22:18:32.567  2060  2060 I ServiceManagement: Removing namespace from process name android.hardware.vibrator@1.1-service.renesas to vibrator@1.1-service.renesas.
10-29 22:18:32.567  2067  2075 I sd_stub : [info   ] IP: 127.0.0.1, IF_NAME: lo
10-29 22:18:32.567  2067  2075 I sd_stub : [info   ] IP: 255.255.0.0, IF_NAME: eth1
10-29 22:18:32.581  2021  2021 W /vendor/bin/hw/android.hardware.configstore@1.1-service: libminijail[2021]: logging seccomp filter failures
10-29 22:18:32.582  2021  2021 I ServiceManagement: Removing namespace from process name android.hardware.configstore@1.1-service to configstore@1.1-service.
10-29 22:18:32.584  2049  2049 I ServiceManagement: Removing namespace from process name android.hardware.memtrack@1.0-service to memtrack@1.0-service.
10-29 22:18:32.586  2049  2049 I android.hardware.memtrack@1.0-service: Registration complete for android.hardware.memtrack@1.0::IMemtrack/default.
10-29 22:18:32.677  2033  2033 I ServiceManagement: Removing namespace from process name android.hardware.drm@1.0-service to drm@1.0-service.
10-29 22:18:32.678  2033  2033 I android.hardware.drm@1.0-service: Registration complete for android.hardware.drm@1.0::IDrmFactory/default.
10-29 22:18:32.680  2033  2033 I ServiceManagement: Removing namespace from process name android.hardware.drm@1.0-service to drm@1.0-service.
10-29 22:18:32.681  2033  2033 I android.hardware.drm@1.0-service: Registration complete for android.hardware.drm@1.0::ICryptoFactory/default.
10-29 22:18:32.750  2072  2088 E android.hardware.thermal.thermalcallback@1.1-impl: IThermalService binder service not created, drop throttling event
10-29 22:18:32.758  2044  2044 V u-blox  : CUbxGpsState::loadConfiguration: Loaded standard configuration file /system/etc/u-blox.conf, values:
10-29 22:18:32.758  2044  2044 D u-blox  : ublox::CCfg::print: Configuration:
10-29 22:18:32.758  2044  2044 D u-blox  : ublox::CCfg::print: Index: SERIAL_DEVICE, Data: /dev/ttySC3
10-29 22:18:32.758  2044  2044 D u-blox  : ublox::CCfg::print: Index: SENSOR_DEVICE, Data: /dev/ttySC3
10-29 22:18:32.758  2044  2044 D u-blox  : ublox::CCfg::print: Index: I2C_TX_READY_ENABLED, Data: 0
10-29 22:18:32.758  2044  2044 D u-blox  : ublox::CCfg::print: Index: I2C_TX_READY_RECV_PIO, Data: 13
10-29 22:18:32.758  2044  2044 D u-blox  : ublox::CCfg::print: Index: I2C_TX_READY_HOST_GPIO, Data: 143
10-29 22:18:32.758  2044  2044 D u-blox  : ublox::CCfg::print: Index: BAUDRATE, Data: 115200
10-29 22:18:32.758  2044  2044 D u-blox  : ublox::CCfg::print: Index: BAUDRATE_DEF, Data: 9600
10-29 22:18:32.758  2044  2044 D u-blox  : ublox::CCfg::print: Index: RECEIVER_GENERATION, Data: 8
10-29 22:18:32.758  2044  2044 D u-blox  : ublox::CCfg::print: Index: STOP_TIMEOUT, Data: 10
10-29 22:18:32.758  2044  2044 D u-blox  : ublox::CCfg::print: Index: AGNSS_STRATEGY, Data: 3
10-29 22:18:32.758  2044  2044 D u-blox  : ublox::CCfg::print: Index: AGNSS_OFFLINE_INTERVAL, Data: 720
10-29 22:18:32.758  2044  2044 D u-blox  : ublox::CCfg::print: Index: AGNSS_ONLINE_INTERVAL, Data: 120
10-29 22:18:32.758  2044  2044 D u-blox  : ublox::CCfg::print: Index: AGNSS_ONLINE_SERVER1, Data: https://online-live1.services.u-blox.com
10-29 22:18:32.758  2044  2044 D u-blox  : ublox::CCfg::print: Index: AGNSS_ONLINE_SERVER2, Data: https://online-live2.services.u-blox.com
10-29 22:18:32.758  2044  2044 D u-blox  : ublox::CCfg::print: Index: AGNSS_TOKEN, Data: gvOi-KvOSr2nN1iof0R02A
10-29 22:18:32.758  2044  2044 D u-blox  : ublox::CCfg::print: Index: AGNSS_PERSISTENCE, Data: 1
10-29 22:18:32.758  2044  2044 D u-blox  : ublox::CCfg::print: Index: AGNSS_PERSISTENCE_FILE, Data: /data/vendor/persistence.agnss
10-29 22:18:32.758  2044  2044 D u-blox  : ublox::CCfg::print: Index: AGNSS_TIME_SOURCE, Data: 0
10-29 22:18:32.758  2044  2044 D u-blox  : ublox::CCfg::print: Index: SENSOR_UPDATE_FREQ_HZ, Data: 1
10-29 22:18:32.758  2044  2044 D u-blox  : ublox::CCfg::print: Index: LEVER_ARM_VRP_IMU_X, Data: 0
10-29 22:18:32.758  2044  2044 D u-blox  : ublox::CCfg::print: Index: LEVER_ARM_VRP_IMU_Y, Data: 0
10-29 22:18:32.758  2044  2044 D u-blox  : ublox::CCfg::print: Index: LEVER_ARM_VRP_IMU_Z, Data: 0
10-29 22:18:32.810  2015  2015 I ServiceManagement: Removing namespace from process name android.hardware.audio.effect@4.0-service.renesas to effect@4.0-service.renesas.
10-29 22:18:33.108  1914  1948 D VehicleHalSomeip: [debug  ] [SdProxy] Connected to SD stub
10-29 22:18:33.109  2067  2075 D sd_stub : [debug  ] SdSession client from pid: 1914, uid: 0, gid: 1000
10-29 22:18:33.109  2067  2075 I sd_stub : [info   ] PROXY REQUEST_SERVICE - client: 111A, service: 111A:0
10-29 22:18:33.109  1914  1948 D VehicleHalSomeip: [debug  ] [SdProxy] launch thread to resend request...
10-29 22:18:33.109  1914  1948 D VehicleHalSomeip: [debug  ] [SdProxy] RESPONSE uuid: 0, result: true
10-29 22:18:33.109  1914  1948 D VehicleHalSomeip: [debug  ] [SdProxy] thread send done!
10-29 22:18:33.151  2067  2075 I sd_stub : [info   ] SD FIND - service 111A:0, TTL: FFFFFF, version: FF.FFFFFF, mcast: true, sid
10-29 22:18:33.160  2067  2075 I sd_stub : [info   ] SD OFFER - service 111A:0, version 0.FFFFFFFF, ttl: 3C, mcast: false, sid: 2 : @192.168.57.1, TCP: 4378; 
10-29 22:18:33.160  2067  2075 D sd_stub : [debug  ] Send service status to client 111A @PID: 1914
10-29 22:18:33.161  1914  1948 D VehicleHalSomeip: [debug  ] [SdProxy] AS_RESPONSE_SERVICE, ID: 111A, instance: 0, @192.168.57.1:4378/0, state:true
10-29 22:18:33.161  1914  1948 D VehicleHalSomeip: [debug  ] [StreamClient] Connecting to 192.168.57.1:4378...
10-29 22:18:33.161  1914  1948 D VehicleHalSomeip: [debug  ] [StreamClient] Bind stream client to iccom, fd: 11
10-29 22:18:33.163  1914  1948 I VehicleHalSomeip: [info   ] Service: 111A:0, status: true
10-29 22:18:33.164  2044  2044 I android.hardwar: type=1400 audit(0.0:10): avc: denied { dac_override } for capability=1 scontext=u:r:hal_gnss_ubx:s0 tcontext=u:r:hal_gnss_ubx:s0 tclass=capability permissive=1
10-29 22:18:33.164  1914  1948 I VehicleHalSomeip: [info   ] [StreamClient] Connected
10-29 22:18:33.165  2044  2044 V u-blox  : ublox::CGnssDriver::logVersionInfo: Driver version 21.04 (02d2d07a71)
10-29 22:18:33.165  2044  2044 V u-blox  : ublox::CGnssDriver::logVersionInfo: libMGA version 19.10
10-29 22:18:33.165  2044  2044 V u-blox  : ublox::CGnssDriver::logVersionInfo: libParser version 20.09
10-29 22:18:33.165  2044  2044 V u-blox  : ublox::CMainThreadHandler::waitInitialized: Wait for ubx-thread to get ready
10-29 22:18:33.165  2044  2104 V u-blox  : ublox::CUbxThread::loop: (416290032): Gps background thread started
10-29 22:18:33.165  2044  2104 V u-blox  : ublox::CUbxThread::handleInit: (416290032): Init state. Signal main-thread to continue
10-29 22:18:33.165  2044  2104 V u-blox  : ublox::CUbxThread::signalCmdComplete: Signal to waiting threads the result of the last command: 1
10-29 22:18:33.165  2044  2104 V u-blox  : ublox::CUbxThread::signalCmdComplete: Signaling of result completed. Wait for main-thread
10-29 22:18:33.165  2044  2104 V u-blox  : ublox::CUbxThread::signalCmdComplete: Wait for ubx-main to signalise that everything is ready for normal operation
10-29 22:18:33.165  2044  2044 V u-blox  : ublox::CMainThreadHandler::startLoop: Signal to the waiting ubx-thread that main-thread is ready
10-29 22:18:33.165  2044  2044 E u-blox  : ublox::CGnssDriver::setStatus: Gnss Driver is not ready (callbacks are not set yet)
10-29 22:18:33.165  2044  2044 V u-blox  : ublox::CMainThreadHandler::startLoop: Signaling of readyness completed. Return normally and let ubx-thread continue
10-29 22:18:33.165  2044  2104 V u-blox  : ublox::CUbxThread::signalCmdComplete: Initialisation complete. main-thread seems to be ready. Continue.
10-29 22:18:33.165  2044  2104 V u-blox  : ublox::CUbxThread::handleInit: Signaled main-thread to continue
10-29 22:18:33.165  2044  2104 V u-blox  : ublox::CUbxThread::loop: Starting ubx-thread main loop
10-29 22:18:33.165  2044  2104 V u-blox  : ublox::CUbxThread::connectReceiver: Open/Reopen the serial port
10-29 22:18:33.166  2044  2044 I ServiceManagement: Removing namespace from process name android.hardware.gnss@1.1-service-ubx to gnss@1.1-service-ubx.
10-29 22:18:33.167  2044  2104 V u-blox  : CSerialPort::openSerial: Serial port opened, fd = 10
10-29 22:18:33.167  2044  2104 V u-blox  : ublox::CUbxThread::connectReceiver: Init receiver 
10-29 22:18:33.168  2044  2044 I         : UBX GNSS HAL Ready.
10-29 22:18:33.173  2016  2016 I ServiceManagement: Removing namespace from process name android.hardware.audio@2.0-service to audio@2.0-service.
10-29 22:18:33.173  2044  2044 V u-blox  : ublox::CSensorsDriver::setReportEventCallback: CSenors Interface Initialized Successfully!
10-29 22:18:33.174  2016  2016 I audiohalservice: Registration complete for android.hardware.audio@4.0::IDevicesFactory/default.
10-29 22:18:33.175  2044  2044 I         : UBX Sensors HAL Ready.
10-29 22:18:33.254  2016  2016 I audiohalservice: Registration complete for android.hardware.audio.effect@4.0::IEffectsFactory/default.
10-29 22:18:33.254  1906  1906 W hwservicemanager: getTransport: Cannot find entry android.hardware.soundtrigger@2.1::ISoundTriggerHw/default in either framework or device manifest.
10-29 22:18:33.271  2067  2075 D sd_stub : [debug  ] SdSession client from pid: 2041, uid: 0, gid: 0
10-29 22:18:33.272  2067  2075 I sd_stub : [info   ] PROXY REQUEST_SERVICE - client: 1112, service: 1111:0
10-29 22:18:33.283  2016  2016 E audiohalservice: Could not get passthrough implementation for android.hardware.soundtrigger@2.1::ISoundTriggerHw/default.
10-29 22:18:33.284  1906  1906 W hwservicemanager: getTransport: Cannot find entry android.hardware.soundtrigger@2.0::ISoundTriggerHw/default in either framework or device manifest.
10-29 22:18:33.284  2016  2016 E audiohalservice: Could not get passthrough implementation for android.hardware.soundtrigger@2.0::ISoundTriggerHw/default.
10-29 22:18:33.284  2016  2016 W audiohalservice: Could not register soundtrigger API 2.0 nor 2.1
10-29 22:18:33.285  1906  1906 W hwservicemanager: getTransport: Cannot find entry android.hardware.bluetooth.a2dp@1.0::IBluetoothAudioOffload/default in either framework or device manifest.
10-29 22:18:33.285  2016  2016 E audiohalservice: Could not get passthrough implementation for android.hardware.bluetooth.a2dp@1.0::IBluetoothAudioOffload/default.
10-29 22:18:33.285  2016  2016 W audiohalservice: Could not register Bluetooth audio offload 1.0
10-29 22:18:33.314  2067  2075 I sd_stub : [info   ] SD FIND - service 1111:0, TTL: FFFFFF, version: FF.FFFFFF, mcast: true, sid
10-29 22:18:33.320  2067  2075 I sd_stub : [info   ] SD OFFER - service 1111:0, version 0.FFFFFFFF, ttl: 3C, mcast: false, sid: 3 : @192.168.57.1, TCP: 4369; 
10-29 22:18:33.320  2067  2075 D sd_stub : [debug  ] Send service status to client 1112 @PID: 2041
10-29 22:18:33.323  2041  2065 I VINFAST_dsp_dione: Service: 0X1111:0X0, status: 1
10-29 22:18:33.324  2041  2061 I VINFAST_dsp_dione: [info   ] [StreamClient] Connected
10-29 22:18:33.351  2067  2075 I sd_stub : [info   ] SD FIND - service 111A:0, TTL: FFFFFF, version: FF.FFFFFF, mcast: true, sid
10-29 22:18:33.360  2067  2075 I sd_stub : [info   ] SD OFFER - service 111A:0, version 0.FFFFFFFF, ttl: 3C, mcast: false, sid: 4 : @192.168.57.1, TCP: 4378; 
10-29 22:18:33.367  2044  2104 V u-blox  : CUbxGpsState::writeUbxCfgPort: Send CFG-Port baudrate=115200
10-29 22:18:33.451  2066  2066 I android.hardware.wifi@1.2-service.vf_ecockpit: Wifi Hal is booting up...
10-29 22:18:33.451  2066  2066 I ServiceManagement: Removing namespace from process name android.hardware.wifi@1.2-service.vf_ecockpit to wifi@1.2-service.vf_ecockpit.
10-29 22:18:33.467  2044  2104 V u-blox  : CUbxGpsState::writeUbxCfgMsg: Sent CFG-MSG id=0A-09 (enable UBX-MON-HW)
10-29 22:18:33.481  2067  2075 I sd_stub : [info   ] SD OFFER - service 111A:0, version 0.FFFFFFFF, ttl: 3C, mcast: true, sid: 1A : @192.168.57.1, TCP: 4378; 
10-29 22:18:33.481  2067  2075 I sd_stub : [info   ] SD OFFER - service 1111:0, version 0.FFFFFFFF, ttl: 3C, mcast: true, sid: 1A : @192.168.57.1, TCP: 4369; 
10-29 22:18:33.514  2067  2075 I sd_stub : [info   ] SD FIND - service 1111:0, TTL: FFFFFF, version: FF.FFFFFF, mcast: true, sid
10-29 22:18:33.517  2020  2020 D android.hardware.cas@1.0-service: android.hardware.cas@1.0-service starting...
10-29 22:18:33.518  2020  2020 I ServiceManagement: Removing namespace from process name android.hardware.cas@1.0-service to cas@1.0-service.
10-29 22:18:33.521  2067  2075 I sd_stub : [info   ] SD OFFER - service 1111:0, version 0.FFFFFFFF, ttl: 3C, mcast: false, sid: 5 : @192.168.57.1, TCP: 4369; 
10-29 22:18:33.567  2044  2104 V u-blox  : CUbxGpsState::forceTurnOff: The receiver output is disabled!
10-29 22:18:33.567  2044  2104 V u-blox  : CUbxGpsState::powerOff: placeholder for power OFF function
10-29 22:18:33.567  2044  2104 V u-blox  : CUbxGpsState::forceTurnOff: The receiver is powered off!
10-29 22:18:33.567  2044  2104 V u-blox  : ublox::CGnssDriver::setStatus: Driver status change: 0 => 4
10-29 22:18:33.567  2044  2104 E u-blox  : Gnss HIDL interface not set: setCallback has not been called
10-29 22:18:33.867  2071  2071 I ConfigStore: android::hardware::configstore::V1_0::ISurfaceFlingerConfigs::startGraphicsAllocatorService retrieved: 0
10-29 22:18:33.882  2071  2071 I SurfaceFlinger: Using HWComposer service: 'default'
10-29 22:18:33.883  2071  2071 I SurfaceFlinger: SurfaceFlinger is starting
10-29 22:18:33.884  2071  2071 I ConfigStore: android::hardware::configstore::V1_0::ISurfaceFlingerConfigs::vsyncEventPhaseOffsetNs retrieved: 1000000 (default)
10-29 22:18:33.884  2071  2071 I ConfigStore: android::hardware::configstore::V1_0::ISurfaceFlingerConfigs::vsyncSfEventPhaseOffsetNs retrieved: 1000000 (default)
10-29 22:18:33.885  2071  2071 I ConfigStore: android::hardware::configstore::V1_0::ISurfaceFlingerConfigs::hasSyncFramework retrieved: 1
10-29 22:18:33.885  2071  2071 I ConfigStore: android::hardware::configstore::V1_0::ISurfaceFlingerConfigs::presentTimeOffsetFromVSyncNs retrieved: 0
10-29 22:18:33.885  2071  2071 I ConfigStore: android::hardware::configstore::V1_0::ISurfaceFlingerConfigs::useHwcForRGBtoYUV retrieved: 0
10-29 22:18:33.885  2071  2071 I ConfigStore: android::hardware::configstore::V1_0::ISurfaceFlingerConfigs::maxVirtualDisplaySize retrieved: 0 (default)
10-29 22:18:33.885  2071  2071 I ConfigStore: android::hardware::configstore::V1_0::ISurfaceFlingerConfigs::useVrFlinger retrieved: 0 (default)
10-29 22:18:33.885  2071  2071 I ConfigStore: android::hardware::configstore::V1_0::ISurfaceFlingerConfigs::maxFrameBufferAcquiredBuffers retrieved: 2 (default)
10-29 22:18:33.885  2071  2071 I ConfigStore: android::hardware::configstore::V1_0::ISurfaceFlingerConfigs::hasWideColorDisplay retrieved: 0
10-29 22:18:33.886  2071  2071 I ConfigStore: android::hardware::configstore::V1_1::ISurfaceFlingerConfigs::primaryDisplayOrientation retrieved: ORIENTATION_0 (default)
10-29 22:18:33.887  2071  2071 I SurfaceFlinger: Enabling HWC virtual displays
10-29 22:18:33.887  2071  2071 I SurfaceFlinger: Disabling Triple Buffering
10-29 22:18:33.887  2071  2071 I SurfaceFlinger: Treble testing override: 'false'
10-29 22:18:33.887  2071  2071 I SurfaceFlinger: SurfaceFlinger's main thread ready to run. Initializing graphics H/W...
10-29 22:18:33.887  2071  2071 I SurfaceFlinger: Phase offest NS: 1000000
10-29 22:18:34.109  1914  1948 I VehicleHalSomeip: [info   ] [Client] Subscribe use port: 45242:0
10-29 22:18:34.109  1914  1948 I VehicleHalSomeip: [info   ] [SdProxy] subscribe client: 111A, service: 111A:0, group: 1
10-29 22:18:34.110  2067  2075 I sd_stub : [info   ] PROXY REQUEST_SUBSCRIBE - client: 111A @192.168.57.100:45242:0 - service: 111A:0, group: 1, PID: 1914
10-29 22:18:34.110  1914  1948 D VehicleHalSomeip: [debug  ] [SdProxy] RESPONSE uuid: 1, result: true
10-29 22:18:34.110  1914  1953 D VehicleHalImpl: queryPropertyData: INFO_VIN | 0x11100100 | areaId: 0 QUERY
10-29 22:18:34.123  1914  1948 D VehicleHalSomeip: [debug  ] [SdProxy] AS_RESPONSE_SUBSCRIBE - client 111A, service: 111A, instance: 0, group: 1, tcp: 45242, udp: 0, pid: 0, result: true
10-29 22:18:34.123  2067  2075 I sd_stub : [info   ] SD SUBSCRIBE_ACK - service: 111A:0, version: 0, group_id: 1, TTL: 3C, mcast: false, sid: 6, counter: 0
10-29 22:18:34.123  2067  2075 D sd_stub : [debug  ] sd_handle_event_ack - send to PID: 1914
10-29 22:18:34.123  1914  1948 D VehicleHalSomeip: [debug  ] Subscribe to service: 111A:0, group: 1 result: true
10-29 22:18:34.171  1914  1951 D VehicleHalImpl: ENV_OUTSIDE_TEMPERATURE | 0x00000703 | Area: 0x1000000 | NOTIFY | float { 0 } 
10-29 22:18:34.171  1914  1951 D VehicleHalImpl: GEAR_SELECTION | 0x00000400 | Area: 0x1000000 | NOTIFY | int32_t { 2 } 
10-29 22:18:34.171  1914  1951 D VehicleHalImpl: OPERATION_POWER_STATE | 0x000005c9 | Area: 0x1000000 | NOTIFY | int32_t { 4 } 
10-29 22:18:34.171  1914  1953 D VehicleHalImpl: queryPropertyData: INFO_VIN | 0x11100100 | areaId: 0 | RESULT string { 0000000 }
10-29 22:18:34.182  1914  1953 D VehicleHalImpl: queryPropertyData: INFO_MAKE | 0x11100101 | areaId: 0 QUERY
10-29 22:18:34.221  1914  1953 D VehicleHalImpl: queryPropertyData: INFO_MAKE | 0x11100101 | areaId: 0 | RESULT string { VINFAST }
10-29 22:18:34.227  2044  2104 V u-blox  : ublox::CUbxThread::handleMessage: MSG UBX 0x06 0x2f
10-29 22:18:34.228  2044  2104 V u-blox  : ublox::CSensorsDriver::leverArmUpdate: IMU-to-CRP lever-arm configuration on receiver: (0, 0, 0)
10-29 22:18:34.228  2044  2104 V u-blox  : ublox::CSensorsDriver::leverArmUpdate: IMU-to-VRP lever-arm configuration on receiver: (0, 0, 0)
10-29 22:18:34.228  2044  2104 V u-blox  : ublox::CSensorsDriver::leverArmUpdate: IMU-to-Antenna lever-arm configuration on receiver: (0, 0, 0)
10-29 22:18:34.228  2044  2104 V u-blox  : ublox::CSensorsDriver::leverArmUpdate: VRP-to-IMU lever-arm configuration on receiver: (0, 0, 0)
10-29 22:18:34.228  2044  2104 V u-blox  : ublox::CSensorsDriver::leverArmUpdate: VRP-to-Antenna lever-arm configuration on receiver: (0, 0, 0)
10-29 22:18:34.228  2044  2104 V u-blox  : ublox::CSensorsDriver::sendLeverArmUpdate: Lever-arm configurations are up-to-date on receiver
10-29 22:18:34.228  2044  2104 V u-blox  : ublox::CUbxThread::handleMessage: MSG UBX 0x05 0x01
10-29 22:18:34.232  1914  1953 D VehicleHalImpl: queryPropertyData: INFO_MODEL | 0x11100102 | areaId: 0 QUERY
10-29 22:18:34.235  1914  1951 D VehicleHalImpl: ENV_OUTSIDE_TEMPERATURE | 0x00000703 | Area: 0x1000000 | NOTIFY | float { 0 } 
10-29 22:18:34.235  1914  1951 D VehicleHalImpl: GEAR_SELECTION | 0x00000400 | Area: 0x1000000 | NOTIFY | int32_t { 2 } 
10-29 22:18:34.235  1914  1951 D VehicleHalImpl: OPERATION_POWER_STATE | 0x000005c9 | Area: 0x1000000 | NOTIFY | int32_t { 4 } 
10-29 22:18:34.279  1914  1953 D VehicleHalImpl: queryPropertyData: INFO_MODEL | 0x11100102 | areaId: 0 | RESULT string { INVALID }
10-29 22:18:34.289  1914  1953 D VehicleHalImpl: queryPropertyData: PARKING_BRAKE_ON | 0x11200402 | areaId: 0 QUERY
10-29 22:18:34.335  2071  2071 D libEGL  : loaded /vendor/lib64/egl/libEGL_POWERVR_ROGUE.so
10-29 22:18:34.346  1914  1951 D VehicleHalImpl: ENV_OUTSIDE_TEMPERATURE | 0x00000703 | Area: 0x1000000 | NOTIFY | float { 0 } 
10-29 22:18:34.346  1914  1951 D VehicleHalImpl: STEERING_ANGLE | 0x00000200 | Area: 0x1000000 | NOTIFY | float { -0.0026 } 
10-29 22:18:34.346  1914  1951 D VehicleHalImpl: PERF_ODOMETER | 0x00000204 | Area: 0x1000000 | NOTIFY | float { 0 } 
10-29 22:18:34.346  1914  1951 D VehicleHalImpl: PERF_VEHICLE_SPEED | 0x00000207 | Area: 0x1000000 | NOTIFY | float { 0 } 
10-29 22:18:34.346  1914  1951 D VehicleHalImpl: GEAR_SELECTION | 0x00000400 | Area: 0x1000000 | NOTIFY | int32_t { 2 } 
10-29 22:18:34.346  1914  1951 D VehicleHalImpl: ENGINE_RPM | 0x00000305 | Area: 0x1000000 | NOTIFY | float { 0 } 
10-29 22:18:34.347  1914  1951 D VehicleHalImpl: FUEL_LEVEL | 0x00000307 | Area: 0x1000000 | NOTIFY | float { 0 } 
10-29 22:18:34.347  1914  1951 D VehicleHalImpl: OPERATION_POWER_STATE | 0x000005c9 | Area: 0x1000000 | NOTIFY | int32_t { 4 } 
10-29 22:18:34.347  1914  1953 D VehicleHalImpl: queryPropertyData: PARKING_BRAKE_ON | 0x11200402 | areaId: 0 | RESULT int32_t { 0 } 
10-29 22:18:34.357  1914  1953 D VehicleHalImpl: queryPropertyData: NIGHT_MODE | 0x11200407 | areaId: 0 QUERY
10-29 22:18:34.371  1914  1953 D VehicleHalImpl: queryPropertyData: NIGHT_MODE | 0x11200407 | areaId: 0 | RESULT int32_t { 0 } 
10-29 22:18:34.381  1914  1953 D VehicleHalImpl: queryPropertyData: INFO_MODEL_YEAR | 0x11400103 | areaId: 0 QUERY
10-29 22:18:34.446  1914  1951 D VehicleHalImpl: ENV_OUTSIDE_TEMPERATURE | 0x00000703 | Area: 0x1000000 | NOTIFY | float { 0 } 
10-29 22:18:34.446  1914  1951 D VehicleHalImpl: GEAR_SELECTION | 0x00000400 | Area: 0x1000000 | NOTIFY | int32_t { 2 } 
10-29 22:18:34.446  1914  1951 D VehicleHalImpl: OPERATION_POWER_STATE | 0x000005c9 | Area: 0x1000000 | NOTIFY | int32_t { 4 } 
10-29 22:18:34.446  1914  1953 D VehicleHalImpl: queryPropertyData: INFO_MODEL_YEAR | 0x11400103 | areaId: 0 | RESULT int32_t { 2021 } 
10-29 22:18:34.457  1914  1953 D VehicleHalImpl: queryPropertyData: GEAR_SELECTION | 0x11400400 | areaId: 0 QUERY
10-29 22:18:34.471  1914  1953 D VehicleHalImpl: queryPropertyData: GEAR_SELECTION | 0x11400400 | areaId: 0 | RESULT int32_t { 2 } 
10-29 22:18:34.482  1914  1953 D VehicleHalImpl: queryPropertyData: HVAC_STEERING_WHEEL_HEAT | 0x1140050d | areaId: 0 QUERY
10-29 22:18:34.483  2067  2075 I sd_stub : [info   ] SD OFFER - service 111A:0, version 0.FFFFFFFF, ttl: 3C, mcast: true, sid: 1B : @192.168.57.1, TCP: 4378; 
10-29 22:18:34.483  2067  2075 D sd_stub : [debug  ] Response subscribe to 111A:0, 1 subscribers
10-29 22:18:34.483  2067  2075 I sd_stub : [info   ] SD OFFER - service 1111:0, version 0.FFFFFFFF, ttl: 3C, mcast: true, sid: 1B : @192.168.57.1, TCP: 4369; 
10-29 22:18:34.503  2067  2075 I sd_stub : [info   ] SD SUBSCRIBE_ACK - service: 111A:0, version: 0, group_id: 1, TTL: 3C, mcast: false, sid: 7, counter: 0
10-29 22:18:34.504  2067  2075 D sd_stub : [debug  ] sd_handle_event_ack - send to PID: 1914
10-29 22:18:34.504  1914  1948 D VehicleHalSomeip: [debug  ] [SdProxy] AS_RESPONSE_SUBSCRIBE - client 111A, service: 111A, instance: 0, group: 1, tcp: 45242, udp: 0, pid: 0, result: true
10-29 22:18:34.504  1914  1948 D VehicleHalSomeip: [debug  ] Subscribe to service: 111A:0, group: 1 result: true
10-29 22:18:34.572  1914  1951 D VehicleHalImpl: ENV_OUTSIDE_TEMPERATURE | 0x00000703 | Area: 0x1000000 | NOTIFY | float { 0 } 
10-29 22:18:34.572  1914  1951 D VehicleHalImpl: GEAR_SELECTION | 0x00000400 | Area: 0x1000000 | NOTIFY | int32_t { 2 } 
10-29 22:18:34.572  1914  1951 D VehicleHalImpl: OPERATION_POWER_STATE | 0x000005c9 | Area: 0x1000000 | NOTIFY | int32_t { 4 } 
10-29 22:18:34.572  1914  1953 D VehicleHalImpl: queryPropertyData: HVAC_STEERING_WHEEL_HEAT | 0x1140050d | areaId: 0 | RESULT int32_t { 0 } 
10-29 22:18:34.582  1914  1953 D VehicleHalImpl: queryPropertyData: AP_POWER_BOOTUP_REASON | 0x11400a02 | areaId: 0 QUERY
10-29 22:18:34.622  1914  1953 D VehicleHalImpl: queryPropertyData: AP_POWER_BOOTUP_REASON | 0x11400a02 | areaId: 0 | RESULT int32_t { 0 } 
10-29 22:18:34.632  1914  1953 D VehicleHalImpl: queryPropertyData: DISPLAY_BRIGHTNESS | 0x11400a03 | areaId: 0 QUERY
10-29 22:18:34.634  1914  1951 D VehicleHalImpl: ENV_OUTSIDE_TEMPERATURE | 0x00000703 | Area: 0x1000000 | NOTIFY | float { 0 } 
10-29 22:18:34.634  1914  1951 D VehicleHalImpl: GEAR_SELECTION | 0x00000400 | Area: 0x1000000 | NOTIFY | int32_t { 2 } 
10-29 22:18:34.634  1914  1951 D VehicleHalImpl: OPERATION_POWER_STATE | 0x000005c9 | Area: 0x1000000 | NOTIFY | int32_t { 4 } 
10-29 22:18:34.772  1914  1951 D VehicleHalImpl: ENV_OUTSIDE_TEMPERATURE | 0x00000703 | Area: 0x1000000 | NOTIFY | float { 0 } 
10-29 22:18:34.772  1914  1951 D VehicleHalImpl: GEAR_SELECTION | 0x00000400 | Area: 0x1000000 | NOTIFY | int32_t { 2 } 
10-29 22:18:34.772  1914  1951 D VehicleHalImpl: OPERATION_POWER_STATE | 0x000005c9 | Area: 0x1000000 | NOTIFY | int32_t { 4 } 
10-29 22:18:34.833  1914  1953 E vfrpc   : VfrRpcException :msg='getProp wait respond timeout over 200 ms!'
10-29 22:18:34.847  1914  1953 E VehicleHalImpl: queryPropertyData: R7 Sevice failed with exception
10-29 22:18:34.858  1914  1953 D VehicleHalImpl: queryPropertyData: AP_POWER_STATE_REQ | 0x11410a00 | areaId: 0 QUERY
10-29 22:18:34.859  1914  1951 D VehicleHalImpl: ENV_OUTSIDE_TEMPERATURE | 0x00000703 | Area: 0x1000000 | NOTIFY | float { 0 } 
10-29 22:18:34.859  1914  1951 D VehicleHalImpl: STEERING_ANGLE | 0x00000200 | Area: 0x1000000 | NOTIFY | float { -0.0026 } 
10-29 22:18:34.859  1914  1951 D VehicleHalImpl: PERF_ODOMETER | 0x00000204 | Area: 0x1000000 | NOTIFY | float { 0 } 
10-29 22:18:34.860  1914  1951 D VehicleHalImpl: PERF_VEHICLE_SPEED | 0x00000207 | Area: 0x1000000 | NOTIFY | float { 0 } 
10-29 22:18:34.860  1914  1951 D VehicleHalImpl: GEAR_SELECTION | 0x00000400 | Area: 0x1000000 | NOTIFY | int32_t { 2 } 
10-29 22:18:34.860  1914  1951 D VehicleHalImpl: ENGINE_RPM | 0x00000305 | Area: 0x1000000 | NOTIFY | float { 0 } 
10-29 22:18:34.860  1914  1951 D VehicleHalImpl: FUEL_LEVEL | 0x00000307 | Area: 0x1000000 | NOTIFY | float { 0 } 
10-29 22:18:34.860  1914  1951 D VehicleHalImpl: OPERATION_POWER_STATE | 0x000005c9 | Area: 0x1000000 | NOTIFY | int32_t { 4 } 
10-29 22:18:34.872  1914  1953 D VehicleHalImpl: queryPropertyData: AP_POWER_STATE_REQ | 0x11410a00 | areaId: 0 | RESULT int32_t { 2 0 } 
10-29 22:18:34.882  1914  1953 D VehicleHalImpl: queryPropertyData: HW_KEY_INPUT | 0x11410a10 | areaId: 0 QUERY
10-29 22:18:34.922  1914  1953 D VehicleHalImpl: queryPropertyData: HW_KEY_INPUT | 0x11410a10 | areaId: 0 | RESULT int32_t { 0 0 1610612767 } 
10-29 22:18:34.933  1914  1953 D VehicleHalImpl: queryPropertyData: INFO_FUEL_CAPACITY | 0x11600104 | areaId: 0 QUERY
10-29 22:18:34.972  1914  1951 D VehicleHalImpl: ENV_OUTSIDE_TEMPERATURE | 0x00000703 | Area: 0x1000000 | NOTIFY | float { 0 } 
10-29 22:18:34.972  1914  1951 D VehicleHalImpl: GEAR_SELECTION | 0x00000400 | Area: 0x1000000 | NOTIFY | int32_t { 2 } 
10-29 22:18:34.972  1914  1951 D VehicleHalImpl: OPERATION_POWER_STATE | 0x000005c9 | Area: 0x1000000 | NOTIFY | int32_t { 4 } 
10-29 22:18:34.973  1914  1953 D VehicleHalImpl: queryPropertyData: INFO_FUEL_CAPACITY | 0x11600104 | areaId: 0 | RESULT float { 0 } 
10-29 22:18:34.983  1914  1953 D VehicleHalImpl: queryPropertyData: INFO_EV_BATTERY_CAPACITY | 0x11600106 | areaId: 0 QUERY
10-29 22:18:35.011  2071  2071 D libEGL  : loaded /vendor/lib64/egl/libGLESv1_CM_POWERVR_ROGUE.so
10-29 22:18:35.041  1990  1990 D AndroidRuntime: >>>>>> START com.android.internal.os.ZygoteInit uid 0 <<<<<<
10-29 22:18:35.047  1914  1951 D VehicleHalImpl: ENV_OUTSIDE_TEMPERATURE | 0x00000703 | Area: 0x1000000 | NOTIFY | float { 0 } 
10-29 22:18:35.047  1914  1951 D VehicleHalImpl: GEAR_SELECTION | 0x00000400 | Area: 0x1000000 | NOTIFY | int32_t { 2 } 
10-29 22:18:35.047  1914  1951 D VehicleHalImpl: OPERATION_POWER_STATE | 0x000005c9 | Area: 0x1000000 | NOTIFY | int32_t { 4 } 
10-29 22:18:35.048  1914  1953 D VehicleHalImpl: queryPropertyData: INFO_EV_BATTERY_CAPACITY | 0x11600106 | areaId: 0 | RESULT float { 0 } 
10-29 22:18:35.058  1914  1953 D VehicleHalImpl: queryPropertyData: PERF_ODOMETER | 0x11600204 | areaId: 0 QUERY
10-29 22:18:35.063  2071  2071 D libEGL  : loaded /vendor/lib64/egl/libGLESv2_POWERVR_ROGUE.so
10-29 22:18:35.073  1914  1953 D VehicleHalImpl: queryPropertyData: PERF_ODOMETER | 0x11600204 | areaId: 0 | RESULT float { 0 } 
10-29 22:18:35.083  1914  1953 D VehicleHalImpl: queryPropertyData: PERF_VEHICLE_SPEED | 0x11600207 | areaId: 0 QUERY
10-29 22:18:35.147  1914  1951 D VehicleHalImpl: ENV_OUTSIDE_TEMPERATURE | 0x00000703 | Area: 0x1000000 | NOTIFY | float { 0 } 
10-29 22:18:35.148  1914  1951 D VehicleHalImpl: GEAR_SELECTION | 0x00000400 | Area: 0x1000000 | NOTIFY | int32_t { 2 } 
10-29 22:18:35.148  1914  1951 D VehicleHalImpl: OPERATION_POWER_STATE | 0x000005c9 | Area: 0x1000000 | NOTIFY | int32_t { 4 } 
10-29 22:18:35.148  1914  1953 D VehicleHalImpl: queryPropertyData: PERF_VEHICLE_SPEED | 0x11600207 | areaId: 0 | RESULT float { 0 } 
10-29 22:18:35.158  1914  1953 D VehicleHalImpl: queryPropertyData: ENGINE_RPM | 0x11600305 | areaId: 0 QUERY
