10-29 22:18:51.064  2345  2370 W ActivityManager: Slow operation: 209ms so far, now at startProcess: done updating pids map
10-29 22:18:51.064  2345  2370 W ActivityManager: Slow operation: 208ms so far, now at startProcess: asking zygote to start proc
10-29 22:18:51.071  1914  1953 E vfrpc   : VfrRpcException :msg='getProp wait respond timeout over 200 ms!'
10-29 22:18:51.071  1914  1953 E VehicleHalImpl: queryPropertyData: R7 Sevice failed with exception
10-29 22:18:51.078  1914  1951 D VehicleHalImpl: ENV_OUTSIDE_TEMPERATURE | 0x00000703 | Area: 0x1000000 | NOTIFY | float { 0 } 
10-29 22:18:51.078  1914  1951 D VehicleHalImpl: GEAR_SELECTION | 0x00000400 | Area: 0x1000000 | NOTIFY | int32_t { 2 } 
10-29 22:18:51.078  1914  1951 D VehicleHalImpl: OPERATION_POWER_STATE | 0x000005c9 | Area: 0x1000000 | NOTIFY | int32_t { 4 } 
10-29 22:18:51.078  2345  2563 W ZygoteProcess: Got error connecting to zygote, retrying. msg= Connection refused
10-29 22:18:51.080  2569  2569 I Zygote  : seccomp disabled by setenforce 0
10-29 22:18:51.082  1914  1953 D VehicleHalImpl: queryPropertyData: EV_MAX_CHARGE_CURRENT | 0x216005d5 | areaId: 0 QUERY
10-29 22:18:51.092  2569  2569 I WebViewZygoteInit: Starting WebViewZygoteInit
10-29 22:18:51.092  2569  2569 I WebViewZygoteInit: --zygote-socket=com.android.internal.os.WebViewZygoteInit/d75483dd-1510-41af-a42c-0abba2e6685e
10-29 22:18:51.095  2578  2578 I Zygote  : seccomp disabled by setenforce 0
10-29 22:18:51.098  2345  2370 W ActivityManager: Slow operation: 242ms so far, now at startProcess: returned from zygote!
10-29 22:18:51.098  2345  2370 W ActivityManager: Slow operation: 242ms so far, now at startProcess: done updating battery stats
10-29 22:18:51.098  2345  2370 W ActivityManager: Slow operation: 243ms so far, now at startProcess: building log message
10-29 22:18:51.098  2345  2370 I ActivityManager: Start proc 2578:WebViewLoader-arm64-v8a/1037 [android.webkit.WebViewLibraryLoader$RelroFileCreator] for 
10-29 22:18:51.099  2345  2370 W ActivityManager: Slow operation: 243ms so far, now at startProcess: starting to update pids map
10-29 22:18:51.099  2345  2370 W ActivityManager: Slow operation: 243ms so far, now at startProcess: done updating pids map
10-29 22:18:51.123  2578  2578 V WebViewLibraryLoader: RelroFileCreator (64bit = true), lib: /system/app/webview/webview.apk!/lib/arm64-v8a/libwebviewchromium.so
10-29 22:18:51.139  2345  2345 W NetworkManagement: setDataSaverMode(): already false
10-29 22:18:51.141  2345  2415 W system_server: Long monitor contention with owner main (2345) at void java.lang.Object.wait(long, int)(Object.java:-2) waiters=0 in void com.android.server.NetworkManagementService.setUidCleartextNetworkPolicy(int, int) for 338ms
10-29 22:18:51.141  2345  2515 W system_server: Long monitor contention with owner main (2345) at void java.lang.Object.wait(long, int)(Object.java:-2) waiters=1 in void com.android.server.NetworkManagementService.setUidCleartextNetworkPolicy(int, int) for 329ms
10-29 22:18:51.145  2345  2345 D SystemServerTiming: MakeNetworkManagementServiceReady took to complete: 414ms
10-29 22:18:51.145  2345  2345 I SystemServer: MakeIpSecServiceReady
10-29 22:18:51.147  2345  2345 D IpSecService: IpSecService is ready
10-29 22:18:51.147  2345  2345 D SystemServerTiming: MakeIpSecServiceReady took to complete: 2ms
10-29 22:18:51.147  2345  2345 I SystemServer: MakeNetworkStatsServiceReady
10-29 22:18:51.166  2192  2246 E linker  : library "/system/lib64/extractors/.." ("/system/lib64") needed or dlopened by "/system/lib64/libstagefright.so" is not accessible for the namespace: [name="(default)", ld_library_paths="", default_library_paths="/system/lib64", permitted_paths="/system/lib64/drm:/system/lib64/extractors:/system/lib64/hw:/system/product/lib64:/system/framework:/system/app:/system/priv-app:/vendor/framework:/vendor/app:/vendor/priv-app:/odm/framework:/odm/app:/odm/priv-app:/oem/app:/system/product/framework:/system/product/app:/system/product/priv-app:/data:/mnt/expand"]
10-29 22:18:51.166  2192  2246 W MediaExtractorFactory: couldn't dlopen(/system/lib64/extractors/..) No such file or directory
10-29 22:18:51.166  2192  2246 W MediaExtractorFactory: couldn't dlopen(/system/lib64/extractors/.) Is a directory
10-29 22:18:51.178  1914  1951 D VehicleHalImpl: ENV_OUTSIDE_TEMPERATURE | 0x00000703 | Area: 0x1000000 | NOTIFY | float { 0 } 
10-29 22:18:51.178  1914  1951 D VehicleHalImpl: GEAR_SELECTION | 0x00000400 | Area: 0x1000000 | NOTIFY | int32_t { 2 } 
10-29 22:18:51.178  1914  1951 D VehicleHalImpl: OPERATION_POWER_STATE | 0x000005c9 | Area: 0x1000000 | NOTIFY | int32_t { 4 } 
10-29 22:18:51.208  2345  2345 W BestClock: java.time.DateTimeException: Missing NTP fix
10-29 22:18:51.221  2345  2345 D SystemServerTiming: MakeNetworkStatsServiceReady took to complete: 74ms
10-29 22:18:51.221  2345  2345 I SystemServer: MakeConnectivityServiceReady
10-29 22:18:51.224  2345  2345 D PermissionMonitor: Monitoring
10-29 22:18:51.224  2345  2482 D Ethernet: got request NetworkRequest [ BACKGROUND_REQUEST id=2, [ Transports: CELLULAR Capabilities: INTERNET&NOT_RESTRICTED&TRUSTED&NOT_VPN Unwanted: ] ] with score 0
10-29 22:18:51.232  2345  2345 D PermissionMonitor: Users: 1, Apps: 61
10-29 22:18:51.237  2345  2345 D SystemServerTiming: MakeConnectivityServiceReady took to complete: 16ms
10-29 22:18:51.237  2345  2345 I SystemServer: MakeNetworkPolicyServiceReady
10-29 22:18:51.282  1914  1953 E vfrpc   : VfrRpcException :msg='getProp wait respond timeout over 200 ms!'
10-29 22:18:51.282  1914  1953 E VehicleHalImpl: queryPropertyData: R7 Sevice failed with exception
10-29 22:18:51.292  1914  1953 D VehicleHalImpl: queryPropertyData: ADAS_PA_WARN | 0x29400582 | areaId: 8 QUERY
10-29 22:18:51.294  1914  1951 D VehicleHalImpl: ENV_OUTSIDE_TEMPERATURE | 0x00000703 | Area: 0x1000000 | NOTIFY | float { 0 } 
10-29 22:18:51.294  1914  1951 D VehicleHalImpl: GEAR_SELECTION | 0x00000400 | Area: 0x1000000 | NOTIFY | int32_t { 2 } 
10-29 22:18:51.294  1914  1951 D VehicleHalImpl: OPERATION_POWER_STATE | 0x000005c9 | Area: 0x1000000 | NOTIFY | int32_t { 4 } 
10-29 22:18:51.309  2345  2443 W NetworkPolicy: setRestrictBackgroundUL: already false
10-29 22:18:51.316  2345  2443 W BestClock: java.time.DateTimeException: Missing NTP fix
10-29 22:18:51.321  2345  2345 D SystemServerTiming: MakeNetworkPolicyServiceReady took to complete: 84ms
10-29 22:18:51.321  2345  2345 I SystemServer: StartWatchdog
10-29 22:18:51.322  2345  2345 D SystemServerTiming: StartWatchdog took to complete: 0ms
10-29 22:18:51.322  2345  2345 I SystemServer: PhaseThirdPartyAppsCanStart
10-29 22:18:51.322  2345  2345 I SystemServiceManager: Starting phase 600
10-29 22:18:51.325  2345  2345 E LightsService: Light requested not available on this device. 4
10-29 22:18:51.329  2345  2345 V WallpaperManagerService: bindWallpaperComponentLocked: componentName=ComponentInfo{com.android.systemui/com.android.systemui.ImageWallpaper}
10-29 22:18:51.346  2345  2442 W BestClock: java.time.DateTimeException: Missing NTP fix
10-29 22:18:51.357  2345  2442 W BestClock: java.time.DateTimeException: Missing NTP fix
10-29 22:18:51.358  2345  2443 W BestClock: java.time.DateTimeException: Missing NTP fix
10-29 22:18:51.380  2345  2345 I StatsCompanionService: Told statsd that StatsCompanionService is alive.
10-29 22:18:51.380  2345  2345 D SystemServerTiming: PhaseThirdPartyAppsCanStart took to complete: 58ms
10-29 22:18:51.380  2345  2345 I SystemServer: MakeLocationServiceReady
10-29 22:18:51.384  2564  2564 V WebViewLibraryLoader: RelroFileCreator (64bit = false), lib: /system/app/webview/webview.apk!/lib/armeabi-v7a/libwebviewchromium.so
10-29 22:18:51.397  2345  2345 I GnssLocationProvider: WakeLock acquired by sendMessage(INITIALIZE_HANDLER, 0, null)
10-29 22:18:51.398  2345  2367 D GnssLocationProvider: Link to death notification successful
10-29 22:18:51.402  2345  2345 W LocationManagerService: no network location provider found
10-29 22:18:51.404  1914  1951 D VehicleHalImpl: ENV_OUTSIDE_TEMPERATURE | 0x00000703 | Area: 0x1000000 | NOTIFY | float { 0 } 
10-29 22:18:51.404  1914  1951 D VehicleHalImpl: STEERING_ANGLE | 0x00000200 | Area: 0x1000000 | NOTIFY | float { -0.0026 } 
10-29 22:18:51.404  1914  1951 D VehicleHalImpl: PERF_ODOMETER | 0x00000204 | Area: 0x1000000 | NOTIFY | float { 0 } 
10-29 22:18:51.404  1914  1951 D VehicleHalImpl: PERF_VEHICLE_SPEED | 0x00000207 | Area: 0x1000000 | NOTIFY | float { 0 } 
10-29 22:18:51.404  1914  1951 D VehicleHalImpl: GEAR_SELECTION | 0x00000400 | Area: 0x1000000 | NOTIFY | int32_t { 2 } 
10-29 22:18:51.405  1914  1951 D VehicleHalImpl: ENGINE_RPM | 0x00000305 | Area: 0x1000000 | NOTIFY | float { 0 } 
10-29 22:18:51.405  1914  1951 D VehicleHalImpl: FUEL_LEVEL | 0x00000307 | Area: 0x1000000 | NOTIFY | float { 0 } 
10-29 22:18:51.405  1914  1951 D VehicleHalImpl: OPERATION_POWER_STATE | 0x000005c9 | Area: 0x1000000 | NOTIFY | int32_t { 4 } 
10-29 22:18:51.406  2345  2345 E LocationManagerService: no geocoder provider found
10-29 22:18:51.408  2345  2345 D LocationManagerService: Unable to bind FLP Geofence proxy.
10-29 22:18:51.408  2345  2345 E ActivityRecognitionHardware: activity_recognition HAL is deprecated. is_supported is effectively a no-op
10-29 22:18:51.408  2345  2345 D LocationManagerService: Hardware Activity-Recognition not supported.
10-29 22:18:51.409  2345  2345 E ActivityRecognitionProxy: ServiceWatcher could not start.
10-29 22:18:51.409  2345  2345 D LocationManagerService: Unable to bind ActivityRecognitionProxy.
10-29 22:18:51.409  2345  2345 I GnssLocationProvider: WakeLock acquired by sendMessage(ENABLE, 1, null)
10-29 22:18:51.412  2345  2345 D SystemServerTiming: MakeLocationServiceReady took to complete: 31ms
10-29 22:18:51.412  2345  2345 I SystemServer: MakeCountryDetectionServiceReady
10-29 22:18:51.412  2345  2345 D SystemServerTiming: MakeCountryDetectionServiceReady took to complete: 0ms
10-29 22:18:51.412  2345  2345 I SystemServer: MakeNetworkTimeUpdateReady
10-29 22:18:51.414  2345  2345 D ConnectivityService: requestNetwork for uid/pid:1000/2345 NetworkRequest [ TRACK_DEFAULT id=6, [ Capabilities: INTERNET&NOT_RESTRICTED&TRUSTED Unwanted:  Uid: 1000] ]
10-29 22:18:51.414  2345  2345 D SystemServerTiming: MakeNetworkTimeUpdateReady took to complete: 3ms
10-29 22:18:51.415  2345  2345 I SystemServer: MakeCommonTimeManagementServiceReady
10-29 22:18:51.416  2345  2345 I CommonTimeManagementService: No common time service detected on this platform.  Common time services will be unavailable.
10-29 22:18:51.416  2345  2345 D SystemServerTiming: MakeCommonTimeManagementServiceReady took to complete: 1ms
10-29 22:18:51.416  2345  2345 I SystemServer: MakeInputManagerServiceReady
10-29 22:18:51.416  2345  2482 D Ethernet: got request NetworkRequest [ TRACK_DEFAULT id=6, [ Capabilities: INTERNET&NOT_RESTRICTED&TRUSTED Unwanted:  Uid: 1000] ] with score 0
10-29 22:18:51.416  2345  2482 D EthernetNetworkFactory: acceptRequest, request: NetworkRequest [ TRACK_DEFAULT id=6, [ Capabilities: INTERNET&NOT_RESTRICTED&TRUSTED Unwanted:  Uid: 1000] ], score: 0
10-29 22:18:51.417  2345  2482 I EthernetNetworkFactory: networkForRequest, request: NetworkRequest [ TRACK_DEFAULT id=6, [ Capabilities: INTERNET&NOT_RESTRICTED&TRUSTED Unwanted:  Uid: 1000] ], network: NetworkInterfaceState{ iface: eth0, up: true, hwAddress: 00:16:3e:1a:e2:c6, networkInfo: [type: Ethernet[], state: CONNECTING/OBTAINING_IPADDR, reason: (unspecified), extra: 00:16:3e:1a:e2:c6, failover: false, available: false, roaming: false], networkAgent: null, ipClient: name=IpClient.eth0 state=RunningState,linkProperties: {InterfaceName: eth0 LinkAddresses: [fe80::5063:4b18:9aec:db44/64,]  Routes: [fe80::/64 -> :: eth0,] DnsAddresses: [] UsePrivateDns: false PrivateDnsServerName: null Domains: null MTU: 0 TcpBufferSizes: 524288,1048576,3145728,524288,1048576,2097152}}
10-29 22:18:51.417  2345  2345 D SystemServerTiming: MakeInputManagerServiceReady took to complete: 1ms
10-29 22:18:51.417  2345  2345 I SystemServer: MakeTelephonyRegistryReady
10-29 22:18:51.417  2345  2345 D SystemServerTiming: MakeTelephonyRegistryReady took to complete: 0ms
10-29 22:18:51.417  2345  2345 I SystemServer: MakeMediaRouterServiceReady
10-29 22:18:51.418  2345  2345 D SystemServerTiming: MakeMediaRouterServiceReady took to complete: 1ms
10-29 22:18:51.418  2345  2345 I SystemServer: MakeMmsServiceReady
10-29 22:18:51.418  2345  2345 I MmsServiceBroker: Delay connecting to MmsService until an API is called
10-29 22:18:51.418  2345  2345 D SystemServerTiming: MakeMmsServiceReady took to complete: 0ms
10-29 22:18:51.418  2345  2345 I SystemServer: IncidentDaemonReady
10-29 22:18:51.420  2345  2345 D SystemServerTiming: IncidentDaemonReady took to complete: 2ms
10-29 22:18:51.420  2345  2345 I SystemServiceManager: Calling onStartUser u0
10-29 22:18:51.417  2345  2482 I EthernetNetworkFactory: networkForRequest, request: NetworkRequest [ TRACK_DEFAULT id=6, [ Capabilities: INTERNET&NOT_RESTRICTED&TRUSTED Unwanted:  Uid: 1000] ], network: NetworkInterfaceState{ iface: eth0, up: true, hwAddress: 00:16:3e:1a:e2:c6, networkInfo: [type: Ethernet[], state: CONNECTING/OBTAINING_IPADDR, reason: (unspecified), extra: 00:16:3e:1a:e2:c6, failover: false, available: false, roaming: false], networkAgent: null, ipClient: name=IpClient.eth0 state=RunningState,linkProperties: {InterfaceName: eth0 LinkAddresses: [fe80::5063:4b18:9aec:db44/64,]  Routes: [fe80::/64 -> :: eth0,] DnsAddresses: [] UsePrivateDns: false PrivateDnsServerName: null Domains: null MTU: 0 TcpBufferSizes: 524288,1048576,3145728,524288,1048576,2097152}}
10-29 22:18:51.423  2192  2246 E MediaExtractorFactory: couldn't opendir(/vendor/lib64/extractors)
10-29 22:18:51.426  2044  2044 W u-blox  : getExtensionAGnss called
10-29 22:18:51.439  2546  2546 I ndroid.systemu: The ClassLoaderContext is a special shared library.
10-29 22:18:51.445  2526  2526 I com.android.ca: The ClassLoaderContext is a special shared library.
10-29 22:18:51.467  2194  2249 D StagefrightPluginLoader: Failed to load library: libstagefright_ccodec.so (dlopen failed: library "libstagefright_ccodec.so" not found)
10-29 22:18:51.467  2194  2249 D StagefrightPluginLoader: Handle or CreateInputSurface symbol is null
10-29 22:18:51.467  2194  2249 D StagefrightPluginLoader: Handle or CreateBuilder symbol is null
10-29 22:18:51.467  2044  2044 W u-blox  : getExtensionGnssNi called
10-29 22:18:51.471  2194  2249 I OMXClient: IOmx service obtained
10-29 22:18:51.472  2199  2199 I OMXMaster: makeComponentInstance(OMX.google.aac.decoder) in omx@1.0-service process
10-29 22:18:51.488  2044  2044 W u-blox  : getExtensionGnssGeofencing called
10-29 22:18:51.492  1914  1953 E vfrpc   : VfrRpcException :msg='getProp wait respond timeout over 200 ms!'
10-29 22:18:51.493  1914  1953 E VehicleHalImpl: queryPropertyData: R7 Sevice failed with exception
10-29 22:18:51.499  2345  2437 I InputReader: Reconfiguring input devices.  changes=0x00000020
10-29 22:18:51.499  2044  2044 W u-blox  : getExtensionGnssBatching called
10-29 22:18:51.503  1914  1953 D VehicleHalImpl: queryPropertyData: EV_MAX_CHARGE_VOLTAGE | 0x216005d4 | areaId: 0 QUERY
10-29 22:18:51.506  1914  1951 D VehicleHalImpl: ENV_OUTSIDE_TEMPERATURE | 0x00000703 | Area: 0x1000000 | NOTIFY | float { 0 } 
10-29 22:18:51.506  1914  1951 D VehicleHalImpl: GEAR_SELECTION | 0x00000400 | Area: 0x1000000 | NOTIFY | int32_t { 2 } 
10-29 22:18:51.506  1914  1951 D VehicleHalImpl: OPERATION_POWER_STATE | 0x000005c9 | Area: 0x1000000 | NOTIFY | int32_t { 4 } 
10-29 22:18:51.510  2345  2367 D GnssLocationProvider: gnssNameCb: name=u-blox GNSS driver
10-29 22:18:51.511  2345  2367 D GnssLocationProvider: gnssSetCapabilitesCb: 209u
10-29 22:18:51.511  2345  2367 D GnssLocationProvider: gnssSetSystemInfoCb: yearOfHw=2015
10-29 22:18:51.516  2067  2075 I sd_stub : [info   ] SD OFFER - service 111A:0, version 0.FFFFFFFF, ttl: 3C, mcast: true, sid: 2C : @192.168.57.1, TCP: 4378; 
10-29 22:18:51.516  2067  2075 D sd_stub : [debug  ] Response subscribe to 111A:0, 1 subscribers
10-29 22:18:51.516  2067  2075 I sd_stub : [info   ] SD OFFER - service 1111:0, version 0.FFFFFFFF, ttl: 3C, mcast: true, sid: 2C : @192.168.57.1, TCP: 4369; 
10-29 22:18:51.522  2514  2514 I putmethod.lati: The ClassLoaderContext is a special shared library.
10-29 22:18:51.523  2044  2044 V u-blox  : ublox::CGnssXtraExtension::setCallback: GnssXtraExtension initialized successfully!
10-29 22:18:51.523  2345  2367 I GnssLocationProvider: Unable to Initialize AGnss interface
10-29 22:18:51.523  2345  2367 I GnssLocationProvider: Unable to initialize GNSS Geofencing interface
10-29 22:18:51.523  2345  2367 I GnssLocationProvider: Unable to initialize GNSS NI interface
10-29 22:18:51.535  2067  2075 I sd_stub : [info   ] SD SUBSCRIBE_ACK - service: 111A:0, version: 0, group_id: 1, TTL: 3C, mcast: false, sid: 18, counter: 0
10-29 22:18:51.535  2067  2075 D sd_stub : [debug  ] sd_handle_event_ack - send to PID: 1914
10-29 22:18:51.535  1914  1948 D VehicleHalSomeip: [debug  ] [SdProxy] AS_RESPONSE_SUBSCRIBE - client 111A, service: 111A, instance: 0, group: 1, tcp: 45242, udp: 0, pid: 0, result: true
10-29 22:18:51.535  1914  1948 D VehicleHalSomeip: [debug  ] Subscribe to service: 111A:0, group: 1 result: true
10-29 22:18:51.544  2044  2104 V u-blox  : ublox::CUbxThread::handleCmdInput: (416290032): Cmd received (2)
10-29 22:18:51.544  2044  2104 V u-blox  : CAndroidDatabase::decPublish: count now 0
10-29 22:18:51.544  2044  2104 V u-blox  : ublox::CUbxThread::engineStop: (Begin) Client count 0
10-29 22:18:51.544  2044  2104 V u-blox  : ublox::CGnssDriver::setStatus: current driver status: (still) 4
10-29 22:18:51.544  2044  2104 V u-blox  : ublox::CUbxThread::engineStop: (End) Client count 0
10-29 22:18:51.546  2345  2367 E GnssLocationProvider: no AGPS interface in set_agps_server
10-29 22:18:51.555  2044  2044 E u-blox  : setSuplVersion: SUPL is not supported.
10-29 22:18:51.556  2345  2367 E GnssLocationProvider: Unable to set SUPL_VER
10-29 22:18:51.569  2044  2044 V u-blox  : ublox::CGnssConfigurationExtension::configurationUpdate: New configuration requested
10-29 22:18:51.570  2044  2044 D u-blox  : ublox::CCfg::print: Configuration:
10-29 22:18:51.570  2044  2044 D u-blox  : ublox::CCfg::print: Index: A_GLONASS_POS_PROTOCOL_SELECT, Data: 0
10-29 22:18:51.570  2526  2526 I com.android.ca: The ClassLoaderContext is a special shared library.
10-29 22:18:51.579  1914  1951 D VehicleHalImpl: ENV_OUTSIDE_TEMPERATURE | 0x00000703 | Area: 0x1000000 | NOTIFY | float { 0 } 
10-29 22:18:51.579  1914  1951 D VehicleHalImpl: GEAR_SELECTION | 0x00000400 | Area: 0x1000000 | NOTIFY | int32_t { 2 } 
10-29 22:18:51.579  1914  1951 D VehicleHalImpl: OPERATION_POWER_STATE | 0x000005c9 | Area: 0x1000000 | NOTIFY | int32_t { 4 } 
10-29 22:18:51.679  1914  1951 D VehicleHalImpl: ENV_OUTSIDE_TEMPERATURE | 0x00000703 | Area: 0x1000000 | NOTIFY | float { 0 } 
10-29 22:18:51.680  1914  1951 D VehicleHalImpl: GEAR_SELECTION | 0x00000400 | Area: 0x1000000 | NOTIFY | int32_t { 2 } 
10-29 22:18:51.680  1914  1951 D VehicleHalImpl: OPERATION_POWER_STATE | 0x000005c9 | Area: 0x1000000 | NOTIFY | int32_t { 4 } 
10-29 22:18:51.703  1914  1953 E vfrpc   : VfrRpcException :msg='getProp wait respond timeout over 200 ms!'
10-29 22:18:51.703  1914  1953 E VehicleHalImpl: queryPropertyData: R7 Sevice failed with exception
10-29 22:18:51.714  1914  1953 D VehicleHalImpl: queryPropertyData: ADAS_PA_WARN | 0x29400582 | areaId: 6 QUERY
10-29 22:18:51.770  2044  2044 V u-blox  : CUbxGpsState::writeUbxCfgPort: Send CFG-Port baudrate=115200
10-29 22:18:51.779  1914  1951 D VehicleHalImpl: ENV_OUTSIDE_TEMPERATURE | 0x00000703 | Area: 0x1000000 | NOTIFY | float { 0 } 
10-29 22:18:51.780  1914  1951 D VehicleHalImpl: GEAR_SELECTION | 0x00000400 | Area: 0x1000000 | NOTIFY | int32_t { 2 } 
10-29 22:18:51.780  1914  1951 D VehicleHalImpl: OPERATION_POWER_STATE | 0x000005c9 | Area: 0x1000000 | NOTIFY | int32_t { 4 } 
10-29 22:18:51.828  2345  2380 W system_server: Long monitor contention with owner main (2345) at android.content.res.Resources android.app.ResourcesManager.getOrCreateResources(android.os.IBinder, android.content.res.ResourcesKey, java.lang.ClassLoader)(ResourcesManager.java:753) waiters=0 in android.content.res.Resources android.app.ResourcesManager.getOrCreateResources(android.os.IBinder, android.content.res.ResourcesKey, java.lang.ClassLoader) for 328ms
10-29 22:18:51.832  2345  2437 I InputReader: Reconfiguring input devices.  changes=0x00000010
10-29 22:18:51.870  2044  2044 V u-blox  : CUbxGpsState::writeUbxCfgMsg: Sent CFG-MSG id=0A-09 (enable UBX-MON-HW)
10-29 22:18:51.880  1914  1951 D VehicleHalImpl: ENV_OUTSIDE_TEMPERATURE | 0x00000703 | Area: 0x1000000 | NOTIFY | float { 0 } 
10-29 22:18:51.880  1914  1951 D VehicleHalImpl: STEERING_ANGLE | 0x00000200 | Area: 0x1000000 | NOTIFY | float { -0.0026 } 
10-29 22:18:51.880  1914  1951 D VehicleHalImpl: PERF_ODOMETER | 0x00000204 | Area: 0x1000000 | NOTIFY | float { 0 } 
10-29 22:18:51.880  1914  1951 D VehicleHalImpl: PERF_VEHICLE_SPEED | 0x00000207 | Area: 0x1000000 | NOTIFY | float { 0 } 
10-29 22:18:51.880  1914  1951 D VehicleHalImpl: GEAR_SELECTION | 0x00000400 | Area: 0x1000000 | NOTIFY | int32_t { 2 } 
10-29 22:18:51.880  1914  1951 D VehicleHalImpl: ENGINE_RPM | 0x00000305 | Area: 0x1000000 | NOTIFY | float { 0 } 
10-29 22:18:51.880  1914  1951 D VehicleHalImpl: FUEL_LEVEL | 0x00000307 | Area: 0x1000000 | NOTIFY | float { 0 } 
10-29 22:18:51.880  1914  1951 D VehicleHalImpl: OPERATION_POWER_STATE | 0x000005c9 | Area: 0x1000000 | NOTIFY | int32_t { 4 } 
10-29 22:18:51.914  1914  1953 E vfrpc   : VfrRpcException :msg='getProp wait respond timeout over 200 ms!'
10-29 22:18:51.914  1914  1953 E VehicleHalImpl: queryPropertyData: R7 Sevice failed with exception
10-29 22:18:51.924  1914  1953 D VehicleHalImpl: queryPropertyData: ADAS_LDW_SENS | 0x21400569 | areaId: 0 QUERY
10-29 22:18:51.925  2490  2490 I         : [1029/221851.925455:INFO:com_android_bluetooth_btservice_AdapterService.cpp(630)] hal_util_load_bt_library loaded HAL: btinterface=0xf8838ea401d0, handle=0xdb20b3c5ef39971d
10-29 22:18:51.927  2490  2490 D BluetoothAdapterService: onCreate()
10-29 22:18:51.932  2490  2490 D AdapterState: make() - Creating AdapterState
10-29 22:18:51.934  2490  2490 I bt_btif : init
10-29 22:18:51.934  2490  2621 I AdapterState: OFF : entered 
10-29 22:18:51.934  2490  2621 D AdapterProperties: Setting state to OFF
10-29 22:18:51.934  2490  2490 D bt_osi_allocation_tracker: canary initialized
10-29 22:18:51.971  2044  2044 V u-blox  : CUbxGpsState::forceTurnOff: The receiver output is disabled!
10-29 22:18:51.971  2044  2044 V u-blox  : CUbxGpsState::powerOff: placeholder for power OFF function
10-29 22:18:51.971  2044  2044 V u-blox  : CUbxGpsState::forceTurnOff: The receiver is powered off!
10-29 22:18:51.980  1914  1951 D VehicleHalImpl: ENV_OUTSIDE_TEMPERATURE | 0x00000703 | Area: 0x1000000 | NOTIFY | float { 0 } 
10-29 22:18:51.980  1914  1951 D VehicleHalImpl: GEAR_SELECTION | 0x00000400 | Area: 0x1000000 | NOTIFY | int32_t { 2 } 
10-29 22:18:51.980  1914  1951 D VehicleHalImpl: OPERATION_POWER_STATE | 0x000005c9 | Area: 0x1000000 | NOTIFY | int32_t { 4 } 
10-29 22:18:51.981  2044  2044 E u-blox  : setSuplMode: SUPL is not supported.
10-29 22:18:51.982  2345  2367 E GnssLocationProvider: Unable to set SUPL_MODE
10-29 22:18:51.989  2345  2345 W SystemServiceManager: Service com.android.server.voiceinteraction.VoiceInteractionManagerService took 567 ms in onStartUser 
10-29 22:18:51.992  2044  2044 V u-blox  : ublox::CGnssConfigurationExtension::configurationUpdate: New configuration requested
10-29 22:18:51.992  2044  2044 D u-blox  : ublox::CCfg::print: Configuration:
10-29 22:18:51.992  2044  2044 D u-blox  : ublox::CCfg::print: Index: LPP_PROFILE, Data: 0
10-29 22:18:51.997  2345  2345 I ActivityManager: START u0 {act=android.intent.action.MAIN cat=[android.intent.category.HOME] flg=0x10000100 cmp=com.android.systemui/.FallbackHome} from uid 0
10-29 22:18:52.008  2194  2249 I OMXClient: IOmx service obtained
10-29 22:18:52.009  2199  2199 I OMXMaster: makeComponentInstance(OMX.google.amrnb.decoder) in omx@1.0-service process
10-29 22:18:52.080  1914  1951 D VehicleHalImpl: ENV_OUTSIDE_TEMPERATURE | 0x00000703 | Area: 0x1000000 | NOTIFY | float { 0 } 
10-29 22:18:52.080  1914  1951 D VehicleHalImpl: GEAR_SELECTION | 0x00000400 | Area: 0x1000000 | NOTIFY | int32_t { 2 } 
10-29 22:18:52.080  1914  1951 D VehicleHalImpl: OPERATION_POWER_STATE | 0x000005c9 | Area: 0x1000000 | NOTIFY | int32_t { 4 } 
10-29 22:18:52.090  2345  2563 I Zygote  : Process: zygote socket ABSTRACT/com.android.internal.os.WebViewZygoteInit/d75483dd-1510-41af-a42c-0abba2e6685e opened, supported ABIS: arm64-v8a,armeabi-v7a,armeabi
10-29 22:18:52.090  2345  2563 D WebViewZygote: Preloading package /system/app/webview/webview.apk /system/app/webview/lib/arm:/system/app/webview/webview.apk!/lib/armeabi-v7a
10-29 22:18:52.099  2526  2526 I com.android.ca: The ClassLoaderContext is a special shared library.
10-29 22:18:52.099  2490  2623 I bt_osi_thread: run_thread: thread id 2623, thread name stack_manager started
10-29 22:18:52.100  2490  2623 I bt_stack_manager: event_init_stack is initializing the stack
10-29 22:18:52.101  2345  2563 I Zygote  : Process: zygote socket ABSTRACT/com.android.internal.os.WebViewZygoteInit/d75483dd-1510-41af-a42c-0abba2e6685e opened, supported ABIS: arm64-v8a,armeabi-v7a,armeabi
10-29 22:18:52.111  2569  2569 I WebViewZygoteInit: Beginning package preload
10-29 22:18:52.125  1914  1953 E vfrpc   : VfrRpcException :msg='getProp wait respond timeout over 200 ms!'
10-29 22:18:52.125  1914  1953 E VehicleHalImpl: queryPropertyData: R7 Sevice failed with exception
10-29 22:18:52.135  1914  1953 D VehicleHalImpl: queryPropertyData: SEAT_EASY_ACCESS | 0x25200610 | areaId: 1 QUERY
10-29 22:18:52.192  2044  2044 V u-blox  : CUbxGpsState::writeUbxCfgPort: Send CFG-Port baudrate=115200
10-29 22:18:52.205  1914  1951 D VehicleHalImpl: ENV_OUTSIDE_TEMPERATURE | 0x00000703 | Area: 0x1000000 | NOTIFY | float { 0 } 
10-29 22:18:52.206  1914  1951 D VehicleHalImpl: GEAR_SELECTION | 0x00000400 | Area: 0x1000000 | NOTIFY | int32_t { 2 } 
10-29 22:18:52.206  1914  1951 D VehicleHalImpl: OPERATION_POWER_STATE | 0x000005c9 | Area: 0x1000000 | NOTIFY | int32_t { 4 } 
10-29 22:18:52.231  2194  2249 I OMXClient: IOmx service obtained
10-29 22:18:52.231  2199  2262 I OMXMaster: makeComponentInstance(OMX.google.amrwb.decoder) in omx@1.0-service process
10-29 22:18:52.239  2194  2249 I OMXClient: IOmx service obtained
10-29 22:18:52.239  2199  2199 I OMXMaster: makeComponentInstance(OMX.google.flac.decoder) in omx@1.0-service process
10-29 22:18:52.259  2569  2569 I webview_zygote: The ClassLoaderContext is a special shared library.
10-29 22:18:52.264  2345  2483 D DhcpClient: Broadcasting DHCPDISCOVER
10-29 22:18:52.271  2490  2636 I bt_osi_thread: run_thread: thread id 2636, thread name alarm_default_ca started
10-29 22:18:52.271  2490  2637 I bt_osi_thread: run_thread: thread id 2637, thread name alarm_dispatcher started
10-29 22:18:52.273  2490  2623 I bt_btif_core: btif_init_bluetooth entered
10-29 22:18:52.293  2044  2044 V u-blox  : CUbxGpsState::writeUbxCfgMsg: Sent CFG-MSG id=0A-09 (enable UBX-MON-HW)
10-29 22:18:52.303  2569  2569 E webviewchromiumloader: Failed to open relro file /data/misc/shared_relro/libwebviewchromium32.relro: No such file or directory
10-29 22:18:52.303  2569  2569 W WebViewLibraryLoader: failed to load with relro file, proceeding without
10-29 22:18:52.306  1914  1951 D VehicleHalImpl: ENV_OUTSIDE_TEMPERATURE | 0x00000703 | Area: 0x1000000 | NOTIFY | float { 0 } 
10-29 22:18:52.306  1914  1951 D VehicleHalImpl: GEAR_SELECTION | 0x00000400 | Area: 0x1000000 | NOTIFY | int32_t { 2 } 
10-29 22:18:52.306  1914  1951 D VehicleHalImpl: OPERATION_POWER_STATE | 0x000005c9 | Area: 0x1000000 | NOTIFY | int32_t { 4 } 
10-29 22:18:52.318  2490  2623 I bt_stack_config: init attempt to load stack conf from /etc/bluetooth/bt_stack.conf
10-29 22:18:52.337  1914  1953 E vfrpc   : VfrRpcException :msg='getProp wait respond timeout over 200 ms!'
10-29 22:18:52.338  1914  1953 E VehicleHalImpl: queryPropertyData: R7 Sevice failed with exception
10-29 22:18:52.338  2044  2104 V u-blox  : ublox::CUbxThread::handleMessage: MSG UNKNOWN RX (size 56)
10-29 22:18:52.339  2044  2104 V u-blox  : ublox::CUbxThread::handleMessage: MSG NMEA TXT
10-29 22:18:52.339  2044  2104 V u-blox  : ublox::CUbxThread::handleMessage: MSG UBX 0x05 0x01
10-29 22:18:52.340  2514  2514 I LatinIME: Hardware accelerated drawing: true
10-29 22:18:52.340  2514  2514 E LatinIME: onCreate
10-29 22:18:52.347  2490  2640 I bt_osi_thread: run_thread: thread id 2640, thread name bt_jni_workqueue started
10-29 22:18:52.347  2490  2623 I bt_btif_core: btif_init_bluetooth finished
10-29 22:18:52.347  2490  2623 I bt_stack_manager: event_init_stack finished
10-29 22:18:52.347  2490  2490 I bt_osi_wakelock: wakelock_set_os_callouts set to non-native
10-29 22:18:52.347  2490  2490 I bt_btif : get_profile_interface: id = socket
10-29 22:18:52.347  2490  2490 W bt_btif : do_in_jni_thread: Dropped message, message_loop not initialized yet!
10-29 22:18:52.347  2490  2640 I bt_btif_core: run_message_loop entered
10-29 22:18:52.347  2490  2490 W bt_btif : do_in_jni_thread: Dropped message, message_loop not initialized yet!
10-29 22:18:52.347  2490  2490 W bt_btif : do_in_jni_thread: Dropped message, message_loop not initialized yet!
10-29 22:18:52.348  1914  1953 D VehicleHalImpl: queryPropertyData: NOT_DEFINED_PROP | 0x17600309 | areaId: 2 QUERY
10-29 22:18:52.372  2490  2490 I bt_btif : get_profile_interface: id = sdp
10-29 22:18:52.393  2044  2044 V u-blox  : CUbxGpsState::forceTurnOff: The receiver output is disabled!
10-29 22:18:52.393  2044  2044 V u-blox  : CUbxGpsState::powerOff: placeholder for power OFF function
10-29 22:18:52.393  2044  2044 V u-blox  : CUbxGpsState::forceTurnOff: The receiver is powered off!
10-29 22:18:52.404  2044  2044 E u-blox  : setSuplEs: SUPL is not supported.
10-29 22:18:52.404  2345  2367 E GnssLocationProvider: Unable to set SUPL_ES
10-29 22:18:52.406  1914  1951 D VehicleHalImpl: ENV_OUTSIDE_TEMPERATURE | 0x00000703 | Area: 0x1000000 | NOTIFY | float { 0 } 
10-29 22:18:52.406  1914  1951 D VehicleHalImpl: STEERING_ANGLE | 0x00000200 | Area: 0x1000000 | NOTIFY | float { -0.0026 } 
10-29 22:18:52.406  1914  1951 D VehicleHalImpl: PERF_ODOMETER | 0x00000204 | Area: 0x1000000 | NOTIFY | float { 0 } 
10-29 22:18:52.406  1914  1951 D VehicleHalImpl: PERF_VEHICLE_SPEED | 0x00000207 | Area: 0x1000000 | NOTIFY | float { 0 } 
10-29 22:18:52.406  1914  1951 D VehicleHalImpl: GEAR_SELECTION | 0x00000400 | Area: 0x1000000 | NOTIFY | int32_t { 2 } 
10-29 22:18:52.406  1914  1951 D VehicleHalImpl: ENGINE_RPM | 0x00000305 | Area: 0x1000000 | NOTIFY | float { 0 } 
10-29 22:18:52.406  1914  1951 D VehicleHalImpl: FUEL_LEVEL | 0x00000307 | Area: 0x1000000 | NOTIFY | float { 0 } 
10-29 22:18:52.406  1914  1951 D VehicleHalImpl: OPERATION_POWER_STATE | 0x000005c9 | Area: 0x1000000 | NOTIFY | int32_t { 4 } 
10-29 22:18:52.414  2044  2044 V u-blox  : ublox::CGnssConfigurationExtension::configurationUpdate: New configuration requested
10-29 22:18:52.414  2044  2044 D u-blox  : ublox::CCfg::print: Configuration:
10-29 22:18:52.414  2044  2044 D u-blox  : ublox::CCfg::print: Index: GPS_LOCK, Data: 0
10-29 22:18:52.422  2188  2188 D incidentd: Start uploading backlogs in /data/misc/incidents/
10-29 22:18:52.452  2188  2188 D incidentd: Successfully uploaded 0 files to Dropbox.
10-29 22:18:52.472  2564  2564 I WebViewLoader-: System.exit called, status: 0
10-29 22:18:52.472  2564  2564 I AndroidRuntime: VM exiting with result code 0, cleanup skipped.
10-29 22:18:52.482  2194  2249 I OMXClient: IOmx service obtained
10-29 22:18:52.482  2199  2629 I OMXMaster: makeComponentInstance(OMX.google.g711.alaw.decoder) in omx@1.0-service process
10-29 22:18:52.490  1991  1991 I Zygote  : Process 2564 exited cleanly (0)
10-29 22:18:52.506  1914  1951 D VehicleHalImpl: ENV_OUTSIDE_TEMPERATURE | 0x00000703 | Area: 0x1000000 | NOTIFY | float { 0 } 
10-29 22:18:52.506  1914  1951 D VehicleHalImpl: GEAR_SELECTION | 0x00000400 | Area: 0x1000000 | NOTIFY | int32_t { 2 } 
10-29 22:18:52.506  1914  1951 D VehicleHalImpl: OPERATION_POWER_STATE | 0x000005c9 | Area: 0x1000000 | NOTIFY | int32_t { 4 } 
10-29 22:18:52.512  2526  2526 E ContextImpl: Data directory doesn't exist for package com.android.car
10-29 22:18:52.512  2526  2526 E ContextImpl: java.lang.Throwable
10-29 22:18:52.512  2526  2526 E ContextImpl: 	at android.app.ContextImpl.getDataDir(ContextImpl.java:2254)
10-29 22:18:52.512  2526  2526 E ContextImpl: 	at android.app.ContextImpl.getCacheDir(ContextImpl.java:692)
10-29 22:18:52.512  2526  2526 E ContextImpl: 	at android.app.ActivityThread.setupGraphicsSupport(ActivityThread.java:5495)
10-29 22:18:52.512  2526  2526 E ContextImpl: 	at android.app.ActivityThread.handleBindApplication(ActivityThread.java:5805)
10-29 22:18:52.512  2526  2526 E ContextImpl: 	at android.app.ActivityThread.access$1100(ActivityThread.java:200)
10-29 22:18:52.512  2526  2526 E ContextImpl: 	at android.app.ActivityThread$H.handleMessage(ActivityThread.java:1656)
10-29 22:18:52.512  2526  2526 E ContextImpl: 	at android.os.Handler.dispatchMessage(Handler.java:106)
10-29 22:18:52.512  2526  2526 E ContextImpl: 	at android.os.Looper.loop(Looper.java:193)
10-29 22:18:52.512  2526  2526 E ContextImpl: 	at android.app.ActivityThread.main(ActivityThread.java:6718)
10-29 22:18:52.512  2526  2526 E ContextImpl: 	at java.lang.reflect.Method.invoke(Native Method)
10-29 22:18:52.512  2526  2526 E ContextImpl: 	at com.android.internal.os.RuntimeInit$MethodAndArgsCaller.run(RuntimeInit.java:493)
10-29 22:18:52.512  2526  2526 E ContextImpl: 	at com.android.internal.os.ZygoteInit.main(ZygoteInit.java:858)
10-29 22:18:52.519  2067  2075 I sd_stub : [info   ] SD OFFER - service 111A:0, version 0.FFFFFFFF, ttl: 3C, mcast: true, sid: 2D : @192.168.57.1, TCP: 4378; 
10-29 22:18:52.519  2067  2075 D sd_stub : [debug  ] Response subscribe to 111A:0, 1 subscribers
10-29 22:18:52.519  2067  2075 I sd_stub : [info   ] SD OFFER - service 1111:0, version 0.FFFFFFFF, ttl: 3C, mcast: true, sid: 2D : @192.168.57.1, TCP: 4369; 
10-29 22:18:52.522  2194  2249 I OMXClient: IOmx service obtained
10-29 22:18:52.523  2199  2199 I OMXMaster: makeComponentInstance(OMX.google.g711.mlaw.decoder) in omx@1.0-service process
10-29 22:18:52.528  2194  2249 I OMXClient: IOmx service obtained
10-29 22:18:52.529  2199  2649 I OMXMaster: makeComponentInstance(OMX.google.mp3.decoder) in omx@1.0-service process
10-29 22:18:52.537  2067  2075 I sd_stub : [info   ] SD SUBSCRIBE_ACK - service: 111A:0, version: 0, group_id: 1, TTL: 3C, mcast: false, sid: 19, counter: 0
10-29 22:18:52.537  2067  2075 D sd_stub : [debug  ] sd_handle_event_ack - send to PID: 1914
10-29 22:18:52.537  1914  1948 D VehicleHalSomeip: [debug  ] [SdProxy] AS_RESPONSE_SUBSCRIBE - client 111A, service: 111A, instance: 0, group: 1, tcp: 45242, udp: 0, pid: 0, result: true
10-29 22:18:52.537  1914  1948 D VehicleHalSomeip: [debug  ] Subscribe to service: 111A:0, group: 1 result: true
10-29 22:18:52.548  1914  1953 E vfrpc   : VfrRpcException :msg='getProp wait respond timeout over 200 ms!'
10-29 22:18:52.548  1914  1953 E VehicleHalImpl: queryPropertyData: R7 Sevice failed with exception
10-29 22:18:52.558  1914  1953 D VehicleHalImpl: queryPropertyData: ADAS_PA_ON | 0x21200581 | areaId: 0 QUERY
10-29 22:18:52.581  1914  1951 D VehicleHalImpl: ENV_OUTSIDE_TEMPERATURE | 0x00000703 | Area: 0x1000000 | NOTIFY | float { 0 } 
10-29 22:18:52.581  1914  1951 D VehicleHalImpl: GEAR_SELECTION | 0x00000400 | Area: 0x1000000 | NOTIFY | int32_t { 2 } 
10-29 22:18:52.581  1914  1951 D VehicleHalImpl: OPERATION_POWER_STATE | 0x000005c9 | Area: 0x1000000 | NOTIFY | int32_t { 4 } 
10-29 22:18:52.597  2569  2569 I WebViewZygoteInit: Package preload done
10-29 22:18:52.608  2194  2249 I OMXClient: IOmx service obtained
10-29 22:18:52.608  2199  2199 I OMXMaster: makeComponentInstance(OMX.google.opus.decoder) in omx@1.0-service process
10-29 22:18:52.615  2044  2044 V u-blox  : CUbxGpsState::writeUbxCfgPort: Send CFG-Port baudrate=115200
10-29 22:18:52.706  1914  1951 D VehicleHalImpl: ENV_OUTSIDE_TEMPERATURE | 0x00000703 | Area: 0x1000000 | NOTIFY | float { 0 } 
10-29 22:18:52.707  1914  1951 D VehicleHalImpl: GEAR_SELECTION | 0x00000400 | Area: 0x1000000 | NOTIFY | int32_t { 2 } 
10-29 22:18:52.707  1914  1951 D VehicleHalImpl: OPERATION_POWER_STATE | 0x000005c9 | Area: 0x1000000 | NOTIFY | int32_t { 4 } 
10-29 22:18:52.715  2044  2044 V u-blox  : CUbxGpsState::writeUbxCfgMsg: Sent CFG-MSG id=0A-09 (enable UBX-MON-HW)
10-29 22:18:52.759  1914  1953 E vfrpc   : VfrRpcException :msg='getProp wait respond timeout over 200 ms!'
10-29 22:18:52.759  1914  1953 E VehicleHalImpl: queryPropertyData: R7 Sevice failed with exception
10-29 22:18:52.769  1914  1953 D VehicleHalImpl: queryPropertyData: NOT_DEFINED_PROP | 0x17600309 | areaId: 4 QUERY
10-29 22:18:52.771  1914  1951 D VehicleHalImpl: ENV_OUTSIDE_TEMPERATURE | 0x00000703 | Area: 0x1000000 | NOTIFY | float { 0 } 
10-29 22:18:52.771  1914  1951 D VehicleHalImpl: GEAR_SELECTION | 0x00000400 | Area: 0x1000000 | NOTIFY | int32_t { 2 } 
10-29 22:18:52.771  1914  1951 D VehicleHalImpl: OPERATION_POWER_STATE | 0x000005c9 | Area: 0x1000000 | NOTIFY | int32_t { 4 } 
10-29 22:18:52.816  2044  2044 V u-blox  : CUbxGpsState::forceTurnOff: The receiver output is disabled!
10-29 22:18:52.816  2044  2044 V u-blox  : CUbxGpsState::powerOff: placeholder for power OFF function
10-29 22:18:52.816  2044  2044 V u-blox  : CUbxGpsState::forceTurnOff: The receiver is powered off!
10-29 22:18:52.826  2044  2044 E u-blox  : setEmergencySuplPdn: SUPL is not supported.
10-29 22:18:52.827  2345  2367 E GnssLocationProvider: Unable to set USE_EMERGENCY_PDN_FOR_EMERGENCY_SUPL
10-29 22:18:52.835  2194  2249 I OMXClient: IOmx service obtained
10-29 22:18:52.836  2199  2261 I OMXMaster: makeComponentInstance(OMX.google.raw.decoder) in omx@1.0-service process
10-29 22:18:52.851  2194  2249 I OMXClient: IOmx service obtained
10-29 22:18:52.851  2199  2199 I OMXMaster: makeComponentInstance(OMX.google.vorbis.decoder) in omx@1.0-service process
10-29 22:18:52.886  2194  2249 I OMXClient: IOmx service obtained
10-29 22:18:52.887  2199  2261 I OMXMaster: makeComponentInstance(OMX.google.aac.encoder) in omx@1.0-service process
10-29 22:18:52.892  2066  2066 I wifi@1.2-servic: type=1400 audit(0.0:18): avc: denied { search } for name="wifi" dev="xvda3" ino=1048599 scontext=u:r:hal_wifi_default:s0 tcontext=u:object_r:wifi_data_file:s0 tclass=dir permissive=1
10-29 22:18:52.907  1914  1951 D VehicleHalImpl: ENV_OUTSIDE_TEMPERATURE | 0x00000703 | Area: 0x1000000 | NOTIFY | float { 0 } 
10-29 22:18:52.907  1914  1951 D VehicleHalImpl: STEERING_ANGLE | 0x00000200 | Area: 0x1000000 | NOTIFY | float { -0.0026 } 
10-29 22:18:52.907  1914  1951 D VehicleHalImpl: PERF_ODOMETER | 0x00000204 | Area: 0x1000000 | NOTIFY | float { 0 } 
10-29 22:18:52.907  1914  1951 D VehicleHalImpl: PERF_VEHICLE_SPEED | 0x00000207 | Area: 0x1000000 | NOTIFY | float { 0 } 
10-29 22:18:52.907  1914  1951 D VehicleHalImpl: GEAR_SELECTION | 0x00000400 | Area: 0x1000000 | NOTIFY | int32_t { 2 } 
10-29 22:18:52.907  1914  1951 D VehicleHalImpl: ENGINE_RPM | 0x00000305 | Area: 0x1000000 | NOTIFY | float { 0 } 
10-29 22:18:52.907  1914  1951 D VehicleHalImpl: FUEL_LEVEL | 0x00000307 | Area: 0x1000000 | NOTIFY | float { 0 } 
10-29 22:18:52.907  1914  1951 D VehicleHalImpl: OPERATION_POWER_STATE | 0x000005c9 | Area: 0x1000000 | NOTIFY | int32_t { 4 } 
10-29 22:18:52.928  2345  2414 W system_server: Long monitor contention with owner main (2345) at android.content.res.Resources android.app.ResourcesManager.getOrCreateResources(android.os.IBinder, android.content.res.ResourcesKey, java.lang.ClassLoader)(ResourcesManager.java:753) waiters=0 in android.content.res.Resources android.app.ResourcesManager.getOrCreateResources(android.os.IBinder, android.content.res.ResourcesKey, java.lang.ClassLoader) for 418ms
10-29 22:18:52.945  2345  2345 I ActivityManager: Loaded persisted task ids for user 0
10-29 22:18:52.969  1914  1953 E vfrpc   : VfrRpcException :msg='getProp wait respond timeout over 200 ms!'
10-29 22:18:52.970  1914  1953 E VehicleHalImpl: queryPropertyData: R7 Sevice failed with exception
10-29 22:18:52.970  2194  2249 I OMXClient: IOmx service obtained
10-29 22:18:52.970  2199  2261 I OMXMaster: makeComponentInstance(OMX.google.amrnb.encoder) in omx@1.0-service process
10-29 22:18:52.980  1914  1953 D VehicleHalImpl: queryPropertyData: ADAS_PA_WARN | 0x29400582 | areaId: 3 QUERY
10-29 22:18:52.982  1914  1951 D VehicleHalImpl: ENV_OUTSIDE_TEMPERATURE | 0x00000703 | Area: 0x1000000 | NOTIFY | float { 0 } 
10-29 22:18:52.982  1914  1951 D VehicleHalImpl: GEAR_SELECTION | 0x00000400 | Area: 0x1000000 | NOTIFY | int32_t { 2 } 
10-29 22:18:52.982  1914  1951 D VehicleHalImpl: OPERATION_POWER_STATE | 0x000005c9 | Area: 0x1000000 | NOTIFY | int32_t { 4 } 
10-29 22:18:53.029  2194  2249 I OMXClient: IOmx service obtained
10-29 22:18:53.029  2199  2261 I OMXMaster: makeComponentInstance(OMX.google.amrwb.encoder) in omx@1.0-service process
10-29 22:18:53.044  2578  2578 I WebViewLoader-: System.exit called, status: 0
10-29 22:18:53.044  2578  2578 I AndroidRuntime: VM exiting with result code 0, cleanup skipped.
10-29 22:18:53.048  2066  2066 I wifi@1.2-servic: type=1400 audit(0.0:19): avc: denied { write } for name="wifi" dev="xvda3" ino=1048599 scontext=u:r:hal_wifi_default:s0 tcontext=u:object_r:wifi_data_file:s0 tclass=dir permissive=1
10-29 22:18:53.048  2066  2066 I wifi@1.2-servic: type=1400 audit(0.0:20): avc: denied { add_name } for name=".rnd.out" scontext=u:r:hal_wifi_default:s0 tcontext=u:object_r:wifi_data_file:s0 tclass=dir permissive=1
10-29 22:18:53.061  1990  1990 I Zygote  : Process 2578 exited cleanly (0)
10-29 22:18:53.067  2194  2249 I OMXClient: IOmx service obtained
10-29 22:18:53.067  2199  2199 I OMXMaster: makeComponentInstance(OMX.google.flac.encoder) in omx@1.0-service process
10-29 22:18:53.088  2194  2249 I OMXClient: IOmx service obtained
10-29 22:18:53.089  2199  2199 I OMXMaster: makeComponentInstance(OMX.RENESAS.VIDEO.DECODER.H264) in omx@1.0-service process
10-29 22:18:53.101  2345  2345 W system_server: Framework Matrix: Ignore file /system/etc/vintf/manifest.xml: 
10-29 22:18:53.101  2345  2345 W system_server: 
10-29 22:18:53.107  1914  1951 D VehicleHalImpl: ENV_OUTSIDE_TEMPERATURE | 0x00000703 | Area: 0x1000000 | NOTIFY | float { 0 } 
10-29 22:18:53.107  1914  1951 D VehicleHalImpl: GEAR_SELECTION | 0x00000400 | Area: 0x1000000 | NOTIFY | int32_t { 2 } 
10-29 22:18:53.107  1914  1951 D VehicleHalImpl: OPERATION_POWER_STATE | 0x000005c9 | Area: 0x1000000 | NOTIFY | int32_t { 4 } 
10-29 22:18:53.117  2194  2249 W OMXUtils: do not know color format 0x7f000001 = 2130706433
10-29 22:18:53.118  2194  2249 W OMXUtils: do not know color format 0x7f000000 = 2130706432
10-29 22:18:53.120  2199  2261 E OMXNodeInstance: getExtensionIndex(0xe6b3c5234480:RENESAS.DECODER.H264, OMX.google.android.index.configureVideoTunnelMode) ERROR: UnsupportedIndex(0x8000101a)
10-29 22:18:53.121  2199  2261 W OMXNodeInstance: [0xe6b3c5234480:RENESAS.DECODER.H264] component does not support metadata mode; using fallback
10-29 22:18:53.122  2345  2345 W VintfObject: VintfObject.verify() returns 1: Framework manifest and device compatibility matrix are incompatible: HALs incompatible. The following requirements are not met:
10-29 22:18:53.122  2345  2345 W VintfObject: android.hidl.memory:
10-29 22:18:53.122  2345  2345 W VintfObject:     required: @1.0::IMemory/ashmem
10-29 22:18:53.122  2345  2345 W VintfObject:     provided: @1.0::IMapper/ashmem
10-29 22:18:53.122  2345  2345 W VintfObject: 
10-29 22:18:53.122  2345  2345 E Build   : Vendor interface is incompatible, error=1
10-29 22:18:53.122  2345  2345 E ActivityManager: Build fingerprint is not consistent, warning user
10-29 22:18:53.126  2345  2345 D SystemServerTiming: ActivityManagerStartApps took to complete: 1706ms
10-29 22:18:53.126  2345  2345 D SystemServerTiming: PhaseActivityManagerReady took to complete: 2881ms
10-29 22:18:53.126  2345  2369 W system_server: Long monitor contention with owner main (2345) at void com.android.server.am.ActivityManagerService.systemReady(java.lang.Runnable, android.util.TimingsTraceLog)(ActivityManagerService.java:15314) waiters=0 in void com.android.server.am.ActivityManagerService.dispatchUidsChanged() for 1.133s
10-29 22:18:53.128  2345  2369 W Looper  : Slow dispatch took 1135ms android.ui h=com.android.server.am.ActivityManagerService$UiHandler c=null m=53
10-29 22:18:53.128  2345  2515 W system_server: Long monitor contention with owner main (2345) at void com.android.server.am.ActivityManagerService.systemReady(java.lang.Runnable, android.util.TimingsTraceLog)(ActivityManagerService.java:15314) waiters=3 in android.content.Intent com.android.server.am.ActivityManagerService.registerReceiver(android.app.IApplicationThread, java.lang.String, android.content.IIntentReceiver, android.content.IntentFilter, java.lang.String, int, int) for 755ms
10-29 22:18:53.128  2345  2415 W system_server: Long monitor contention with owner main (2345) at void com.android.server.am.ActivityManagerService.systemReady(java.lang.Runnable, android.util.TimingsTraceLog)(ActivityManagerService.java:15314) waiters=4 in void com.android.server.am.ActivityManagerService$AppDeathRecipient.binderDied() for 639ms
10-29 22:18:53.129  2345  2415 I ActivityManager: Process WebViewLoader-armeabi-v7a (pid 2564) has died: psvc PER 
10-29 22:18:53.129  2345  2345 D SystemServerInitThreadPool: Shutdown successful
10-29 22:18:53.129  2345  2345 D SystemServerTiming: StartServices took to complete: 6219ms
10-29 22:18:53.129  2345  2370 W system_server: Long monitor contention with owner main (2345) at void com.android.server.am.ActivityManagerService.systemReady(java.lang.Runnable, android.util.TimingsTraceLog)(ActivityManagerService.java:15314) waiters=1 in void com.android.server.am.ActivityManagerService.lambda$startProcessLocked$0(com.android.server.am.ActivityManagerService, com.android.server.am.ProcessRecord, long, java.lang.String, java.lang.String, int[], int, int, java.lang.String, java.lang.String) for 1.135s
10-29 22:18:53.130  2345  2371 W libprocessgroup: kill(-2564, 9) failed: No such process
10-29 22:18:53.130  2345  2371 I libprocessgroup: Successfully killed process cgroup uid 1037 pid 2564 in 0ms
10-29 22:18:53.130  2345  2483 W system_server: Long monitor contention with owner main (2345) at void com.android.server.am.ActivityManagerService.systemReady(java.lang.Runnable, android.util.TimingsTraceLog)(ActivityManagerService.java:15314) waiters=2 in boolean com.android.server.am.ActivityManagerService.isAppStartModeDisabled(int, java.lang.String) for 866ms
10-29 22:18:53.135  2194  2249 I OMXClient: IOmx service obtained
10-29 22:18:53.136  2199  2629 I OMXMaster: makeComponentInstance(OMX.google.h264.decoder) in omx@1.0-service process
10-29 22:18:53.136  2345  2361 W system_server: Long monitor contention with owner main (2345) at void com.android.server.am.ActivityManagerService.systemReady(java.lang.Runnable, android.util.TimingsTraceLog)(ActivityManagerService.java:15314) waiters=5 in com.android.server.am.ProcessRecord com.android.server.am.ActivityManagerService.findAppProcess(android.os.IBinder, java.lang.String) for 622ms
10-29 22:18:53.136  2345  2367 W system_server: Long monitor contention with owner main (2345) at void com.android.server.am.ActivityManagerService.systemReady(java.lang.Runnable, android.util.TimingsTraceLog)(ActivityManagerService.java:15314) waiters=6 in android.content.Intent com.android.server.am.ActivityManagerService.registerReceiver(android.app.IApplicationThread, java.lang.String, android.content.IIntentReceiver, android.content.IntentFilter, java.lang.String, int, int) for 306ms
10-29 22:18:53.140  2345  2368 W system_server: Long monitor contention with owner main (2345) at void com.android.server.am.ActivityManagerService.systemReady(java.lang.Runnable, android.util.TimingsTraceLog)(ActivityManagerService.java:15314) waiters=7 in void com.android.server.am.TaskChangeNotificationController.forAllRemoteListeners(com.android.server.am.TaskChangeNotificationController$TaskStackConsumer, android.os.Message) for 194ms
10-29 22:18:53.141  2345  2345 W Looper  : Slow delivery took 4557ms main h=android.os.Handler c=com.android.server.-$$Lambda$BatteryService$2x73lvpB0jctMSVP4qb9sHAqRPw@55efdda m=0
10-29 22:18:53.142  2345  2465 I ActivityManager: Process WebViewLoader-arm64-v8a (pid 2578) has died: psvc PER 
10-29 22:18:53.146  2345  2370 W ActivityManager: Slow operation: 1153ms so far, now at startProcess: asking zygote to start proc
10-29 22:18:53.149  2345  2371 W libprocessgroup: kill(-2578, 9) failed: No such process
10-29 22:18:53.149  2345  2371 I libprocessgroup: Successfully killed process cgroup uid 1037 pid 2578 in 0ms
10-29 22:18:53.162  2490  2490 I BluetoothAdapterService: Phone policy disabled
10-29 22:18:53.164  2490  2490 D BluetoothActiveDeviceManager: start()
10-29 22:18:53.165  2345  2345 D ConditionProviders.SCP: onConnected
10-29 22:18:53.166  2345  2370 W ActivityManager: Slow operation: 1173ms so far, now at startProcess: returned from zygote!
10-29 22:18:53.166  2345  2370 W ActivityManager: Slow operation: 1173ms so far, now at startProcess: done updating battery stats
