10-29 22:18:49.909  2055  2055 I android.hardware.usb@1.0-service.renesas: registering callback
10-29 22:18:49.910  2055  2471 E android.hardware.usb@1.0-service.renesas: creating thread
10-29 22:18:49.914  2345  2345 D SystemServerTiming: StartUsbService took to complete: 39ms
10-29 22:18:49.914  2345  2345 I SystemServer: StartSerialService
10-29 22:18:49.915  2345  2345 D SystemServerTiming: StartSerialService took to complete: 1ms
10-29 22:18:49.915  2345  2345 I SystemServer: StartHardwarePropertiesManagerService
10-29 22:18:49.917  2345  2345 D HardwarePropertiesManagerService-JNI: Link to death notification successful
10-29 22:18:49.918  2345  2345 D SystemServerTiming: StartHardwarePropertiesManagerService took to complete: 3ms
10-29 22:18:49.918  2345  2345 I SystemServer: StartTwilightService
10-29 22:18:49.919  2345  2345 I SystemServiceManager: Starting com.android.server.twilight.TwilightService
10-29 22:18:49.919  2345  2345 D SystemServerTiming: StartTwilightService took to complete: 0ms
10-29 22:18:49.919  2345  2345 I SystemServer: StartJobScheduler
10-29 22:18:49.919  2345  2345 I SystemServiceManager: Starting com.android.server.job.JobSchedulerService
10-29 22:18:49.928  2345  2345 D JobStore: Start tag: job-info
10-29 22:18:49.929  2345  2345 W JobStore: Periodic job for uid='1000' persisted run-time is too big [58:39:19, 82:39:19]. Clamping to [24:00:22,48:00:22]
10-29 22:18:49.930  2345  2345 W JobStore: Periodic job for uid='1000' persisted run-time is too big [58:39:19, 82:39:19]. Clamping to [24:00:22,48:00:22]
10-29 22:18:49.932  2345  2345 I JobStore: Read 2 jobs
10-29 22:18:49.937  1991  1991 I AssetManager: no overlays.list file found
10-29 22:18:49.940  2345  2345 W JobScheduler: !!! RTC not yet good; tracking time updates for job scheduling
10-29 22:18:49.941  1991  1991 I Zygote  : Preloading resources...
10-29 22:18:49.942  2345  2345 D SystemServerTiming: StartJobScheduler took to complete: 23ms
10-29 22:18:49.942  2345  2345 I SystemServer: StartSoundTrigger
10-29 22:18:49.942  2345  2345 I SystemServiceManager: Starting com.android.server.soundtrigger.SoundTriggerService
10-29 22:18:49.944  2345  2345 D SystemServerTiming: StartSoundTrigger took to complete: 2ms
10-29 22:18:49.944  2345  2345 I SystemServer: StartTrustManager
10-29 22:18:49.944  2345  2345 I SystemServiceManager: Starting com.android.server.trust.TrustManagerService
10-29 22:18:49.947  2345  2345 D SystemServerTiming: StartTrustManager took to complete: 3ms
10-29 22:18:49.947  2345  2345 I SystemServer: StartBackupManager
10-29 22:18:49.947  2345  2345 I SystemServiceManager: Starting com.android.server.backup.BackupManagerService$Lifecycle
10-29 22:18:49.950  2345  2345 D SystemServerTiming: StartBackupManager took to complete: 3ms
10-29 22:18:49.950  2345  2345 I SystemServer: StartVoiceRecognitionManager
10-29 22:18:49.950  2345  2345 I SystemServiceManager: Starting com.android.server.voiceinteraction.VoiceInteractionManagerService
10-29 22:18:49.953  2345  2345 D SystemServerTiming: StartVoiceRecognitionManager took to complete: 3ms
10-29 22:18:49.953  2345  2345 I SystemServer: StartGestureLauncher
10-29 22:18:49.953  2345  2345 I SystemServiceManager: Starting com.android.server.GestureLauncherService
10-29 22:18:49.953  2345  2345 D SystemServerTiming: StartGestureLauncher took to complete: 0ms
10-29 22:18:49.953  2345  2345 I SystemServer: StartSensorNotification
10-29 22:18:49.953  2345  2345 I SystemServiceManager: Starting com.android.server.SensorNotificationService
10-29 22:18:49.954  2345  2345 D SystemServerTiming: StartSensorNotification took to complete: 0ms
10-29 22:18:49.954  2345  2345 I SystemServer: StartContextHubSystemService
10-29 22:18:49.954  2345  2345 I SystemServiceManager: Starting com.android.server.ContextHubSystemService
10-29 22:18:49.954  2345  2345 D SystemServerTiming: StartContextHubSystemService took to complete: 0ms
10-29 22:18:49.954  2345  2345 I SystemServer: StartDiskStatsService
10-29 22:18:49.954  2345  2421 D SystemServerInitThreadPool: Started executing Init ContextHubSystemService
10-29 22:18:49.957  2345  2421 I android_os_HwBinder: HwBinder: Starting thread pool for default::android.hardware.contexthub@1.0::IContexthub
10-29 22:18:49.957  2345  2345 D SystemServerTiming: StartDiskStatsService took to complete: 3ms
10-29 22:18:49.958  2345  2345 I SystemServer: StartNetworkTimeUpdateService
10-29 22:18:49.959  2345  2345 D SystemServerTiming: StartNetworkTimeUpdateService took to complete: 2ms
10-29 22:18:49.960  2345  2345 I SystemServer: StartCommonTimeManagementService
10-29 22:18:49.960  2345  2421 D SystemServerInitThreadPool: Finished executing Init ContextHubSystemService
10-29 22:18:49.962  2345  2345 D SystemServerTiming: StartCommonTimeManagementService took to complete: 2ms
10-29 22:18:49.962  2345  2345 I SystemServer: CertBlacklister
10-29 22:18:49.963  2345  2345 D SystemServerTiming: CertBlacklister took to complete: 1ms
10-29 22:18:49.963  2345  2345 I SystemServer: StartEmergencyAffordanceService
10-29 22:18:49.963  2345  2345 I SystemServiceManager: Starting com.android.server.emergency.EmergencyAffordanceService
10-29 22:18:49.964  2345  2345 D SystemServerTiming: StartEmergencyAffordanceService took to complete: 1ms
10-29 22:18:49.964  2345  2345 I SystemServer: StartDreamManager
10-29 22:18:49.964  2345  2345 I SystemServiceManager: Starting com.android.server.dreams.DreamManagerService
10-29 22:18:49.967  2345  2345 D SystemServerTiming: StartDreamManager took to complete: 4ms
10-29 22:18:49.968  2345  2345 I SystemServer: AddGraphicsStatsService
10-29 22:18:49.970  2345  2345 D SystemServerTiming: AddGraphicsStatsService took to complete: 2ms
10-29 22:18:49.971  2345  2345 I SystemServer: StartPrintManager
10-29 22:18:49.971  2345  2345 I SystemServiceManager: Starting com.android.server.print.PrintManagerService
10-29 22:18:49.974  2345  2345 D SystemServerTiming: StartPrintManager took to complete: 3ms
10-29 22:18:49.974  2345  2345 I SystemServer: StartRestrictionManager
10-29 22:18:49.974  2345  2345 I SystemServiceManager: Starting com.android.server.restrictions.RestrictionsManagerService
10-29 22:18:49.976  2345  2345 D SystemServerTiming: StartRestrictionManager took to complete: 3ms
10-29 22:18:49.977  2345  2345 I SystemServer: StartMediaSessionService
10-29 22:18:49.977  2345  2345 I SystemServiceManager: Starting com.android.server.media.MediaSessionService
10-29 22:18:49.982  2345  2345 D SystemServerTiming: StartMediaSessionService took to complete: 6ms
10-29 22:18:49.983  2345  2345 I SystemServer: StartMediaUpdateService
10-29 22:18:49.983  1991  1991 W Resources: Preloaded drawable resource #0x1080265 (android:drawable/dialog_background_material) that varies with configuration!!
10-29 22:18:49.983  2345  2345 I SystemServiceManager: Starting com.android.server.media.MediaUpdateService
10-29 22:18:49.983  2345  2345 D SystemServerTiming: StartMediaUpdateService took to complete: 0ms
10-29 22:18:49.983  2345  2345 I SystemServer: StartMediaResourceMonitor
10-29 22:18:49.983  2345  2345 I SystemServiceManager: Starting com.android.server.media.MediaResourceMonitorService
10-29 22:18:49.984  2345  2345 D SystemServerTiming: StartMediaResourceMonitor took to complete: 1ms
10-29 22:18:49.984  2345  2345 I SystemServer: StartMediaRouterService
10-29 22:18:49.987  2345  2345 D SystemServerTiming: StartMediaRouterService took to complete: 3ms
10-29 22:18:49.987  2345  2345 I SystemServer: StartBackgroundDexOptService
10-29 22:18:49.987  2345  2345 W BackgroundDexOptService: SysProp pm.dexopt.downgrade_after_inactive_days not set
10-29 22:18:49.988  2345  2345 D SystemServerTiming: StartBackgroundDexOptService took to complete: 2ms
10-29 22:18:49.989  2345  2345 I SystemServer: StartPruneInstantAppsJobService
10-29 22:18:49.989  2345  2345 D SystemServerTiming: StartPruneInstantAppsJobService took to complete: 0ms
10-29 22:18:49.989  2345  2345 I SystemServer: StartShortcutServiceLifecycle
10-29 22:18:49.989  2345  2345 I SystemServiceManager: Starting com.android.server.pm.ShortcutService$Lifecycle
10-29 22:18:49.994  2345  2345 D SystemServerTiming: StartShortcutServiceLifecycle took to complete: 5ms
10-29 22:18:49.994  2345  2345 I SystemServer: StartLauncherAppsService
10-29 22:18:49.994  2345  2345 I SystemServiceManager: Starting com.android.server.pm.LauncherAppsService
10-29 22:18:49.996  2345  2345 D SystemServerTiming: StartLauncherAppsService took to complete: 2ms
10-29 22:18:49.996  2345  2345 I SystemServer: StartCrossProfileAppsService
10-29 22:18:49.996  2345  2345 I SystemServiceManager: Starting com.android.server.pm.CrossProfileAppsService
10-29 22:18:49.998  2345  2345 D SystemServerTiming: StartCrossProfileAppsService took to complete: 1ms
10-29 22:18:49.998  2345  2345 I SystemServer: StartMediaProjectionManager
10-29 22:18:49.998  2345  2345 I SystemServiceManager: Starting com.android.server.media.projection.MediaProjectionManagerService
10-29 22:18:50.001  1914  1951 D VehicleHalImpl: ENV_OUTSIDE_TEMPERATURE | 0x00000703 | Area: 0x1000000 | NOTIFY | float { 0 } 
10-29 22:18:50.001  1914  1951 D VehicleHalImpl: GEAR_SELECTION | 0x00000400 | Area: 0x1000000 | NOTIFY | int32_t { 2 } 
10-29 22:18:50.002  1914  1951 D VehicleHalImpl: OPERATION_POWER_STATE | 0x000005c9 | Area: 0x1000000 | NOTIFY | int32_t { 4 } 
10-29 22:18:50.013  2345  2345 V MediaRouter: Adding route: RouteInfo{ name=Tablet, description=null, status=null, category=RouteCategory{ name=System types=ROUTE_TYPE_LIVE_AUDIO ROUTE_TYPE_LIVE_VIDEO  groupable=false }, supportedTypes=ROUTE_TYPE_LIVE_AUDIO ROUTE_TYPE_LIVE_VIDEO , presentationDisplay=null }
10-29 22:18:50.017  2345  2345 V MediaRouter: Selecting route: RouteInfo{ name=Tablet, description=null, status=null, category=RouteCategory{ name=System types=ROUTE_TYPE_LIVE_AUDIO ROUTE_TYPE_LIVE_VIDEO  groupable=false }, supportedTypes=ROUTE_TYPE_LIVE_AUDIO ROUTE_TYPE_LIVE_VIDEO , presentationDisplay=null }
10-29 22:18:50.018  1914  1953 E vfrpc   : VfrRpcException :msg='getProp wait respond timeout over 200 ms!'
10-29 22:18:50.018  1914  1953 E VehicleHalImpl: queryPropertyData: R7 Sevice failed with exception
10-29 22:18:50.019  1991  1991 I Zygote  : ...preloaded 64 resources in 79ms.
10-29 22:18:50.025  2345  2345 D SystemServerTiming: StartMediaProjectionManager took to complete: 27ms
10-29 22:18:50.026  2345  2345 I SystemServer: StartSliceManagerService
10-29 22:18:50.026  2345  2345 I SystemServiceManager: Starting com.android.server.slice.SliceManagerService$Lifecycle
10-29 22:18:50.026  1991  1991 I Zygote  : ...preloaded 41 resources in 6ms.
10-29 22:18:50.026  1991  1991 D ZygoteInitTiming_lazy: PreloadResources took to complete: 147ms
10-29 22:18:50.028  1914  1953 D VehicleHalImpl: queryPropertyData: ADAS_PA_WARN | 0x29400582 | areaId: 4 QUERY
10-29 22:18:50.031  2345  2345 D SystemServerTiming: StartSliceManagerService took to complete: 5ms
10-29 22:18:50.031  2345  2345 I SystemServer: StartCameraServiceProxy
10-29 22:18:50.031  2345  2345 I SystemServiceManager: Starting com.android.server.camera.CameraServiceProxy
10-29 22:18:50.036  2345  2345 D SystemServerTiming: StartCameraServiceProxy took to complete: 5ms
10-29 22:18:50.036  2345  2345 I SystemServer: StartStatsCompanionService
10-29 22:18:50.036  2345  2345 I SystemServiceManager: Starting com.android.server.stats.StatsCompanionService$Lifecycle
10-29 22:18:50.038  2345  2345 E KernelUidCpuFreqTimeReader: Failed to read /proc/uid_time_in_state: java.io.FileNotFoundException: /proc/uid_time_in_state (No such file or directory)
10-29 22:18:50.040  2345  2345 I StatsCompanionService: register thermal listener successfully
10-29 22:18:50.041  2345  2345 D SystemServerTiming: StartStatsCompanionService took to complete: 5ms
10-29 22:18:50.042  2345  2345 I WindowManager: SAFE MODE not enabled
10-29 22:18:50.042  2345  2345 I SystemServer: StartJitCompilation
10-29 22:18:50.042  2345  2345 D SystemServerTiming: StartJitCompilation took to complete: 0ms
10-29 22:18:50.042  2345  2345 I SystemServer: StartMmsService
10-29 22:18:50.042  2345  2345 I SystemServiceManager: Starting com.android.server.MmsServiceBroker
10-29 22:18:50.044  2345  2345 D SystemServerTiming: StartMmsService took to complete: 3ms
10-29 22:18:50.045  2345  2345 I SystemServer: MakeVibratorServiceReady
10-29 22:18:50.047  2345  2345 D SystemServerTiming: MakeVibratorServiceReady took to complete: 3ms
10-29 22:18:50.048  2345  2345 I SystemServer: MakeLockSettingsServiceReady
10-29 22:18:50.066  1906  1906 W hwservicemanager: getTransport: Cannot find entry android.hardware.weaver@1.0::IWeaver/default in either framework or device manifest.
10-29 22:18:50.066  2345  2345 I SyntheticPasswordManager: Device does not support weaver
10-29 22:18:50.067  1906  1906 W hwservicemanager: getTransport: Cannot find entry android.hardware.authsecret@1.0::IAuthSecret/default in either framework or device manifest.
10-29 22:18:50.068  2345  2345 I LockSettingsService: Device doesn't implement AuthSecret HAL
10-29 22:18:50.070  2345  2345 E LockSettingsStorage: Cannot read file java.io.FileNotFoundException: /data/system/gatekeeper.password.key: open failed: ENOENT (No such file or directory)
10-29 22:18:50.071  2345  2345 E LockSettingsStorage: Cannot read file java.io.FileNotFoundException: /data/system/password.key: open failed: ENOENT (No such file or directory)
10-29 22:18:50.071  2345  2345 E LockSettingsStorage: Cannot read file java.io.FileNotFoundException: /data/system/gatekeeper.pattern.key: open failed: ENOENT (No such file or directory)
10-29 22:18:50.071  2345  2345 E LockSettingsStorage: Cannot read file java.io.FileNotFoundException: /data/system/gatekeeper.gesture.key: open failed: ENOENT (No such file or directory)
10-29 22:18:50.072  2345  2345 E LockSettingsStorage: Cannot read file java.io.FileNotFoundException: /data/system/gesture.key: open failed: ENOENT (No such file or directory)
10-29 22:18:50.072  2345  2345 D SystemServerTiming: MakeLockSettingsServiceReady took to complete: 24ms
10-29 22:18:50.072  2345  2345 I SystemServer: StartBootPhaseLockSettingsReady
10-29 22:18:50.072  2345  2345 I SystemServiceManager: Starting phase 480
10-29 22:18:50.081  2345  2345 I DevicePolicyManager: Set ro.device_owner property to false
10-29 22:18:50.084  2345  2420 D SystemServerInitThreadPool: Started executing DevicePolicyManager
10-29 22:18:50.084  2345  2420 D SystemServerInitThreadPool: Finished executing DevicePolicyManager
10-29 22:18:50.090  2345  2345 D SystemServerTiming: StartBootPhaseLockSettingsReady took to complete: 18ms
10-29 22:18:50.090  2345  2345 I SystemServer: StartBootPhaseSystemServicesReady
10-29 22:18:50.090  2345  2345 I SystemServiceManager: Starting phase 500
10-29 22:18:50.092  2345  2345 D AppStandbyController: Setting app idle enabled state
10-29 22:18:50.101  1991  1991 D libEGL  : loaded /vendor/lib/egl/libEGL_POWERVR_ROGUE.so
10-29 22:18:50.105  2345  2345 E SystemServiceRegistry: No service published for: appwidget
10-29 22:18:50.105  2345  2345 E SystemServiceRegistry: android.os.ServiceManager$ServiceNotFoundException: No service published for: appwidget
10-29 22:18:50.105  2345  2345 E SystemServiceRegistry: 	at android.os.ServiceManager.getServiceOrThrow(ServiceManager.java:143)
10-29 22:18:50.105  2345  2345 E SystemServiceRegistry: 	at android.app.SystemServiceRegistry$78.createService(SystemServiceRegistry.java:864)
10-29 22:18:50.105  2345  2345 E SystemServiceRegistry: 	at android.app.SystemServiceRegistry$78.createService(SystemServiceRegistry.java:861)
10-29 22:18:50.105  2345  2345 E SystemServiceRegistry: 	at android.app.SystemServiceRegistry$CachedServiceFetcher.getService(SystemServiceRegistry.java:1098)
10-29 22:18:50.105  2345  2345 E SystemServiceRegistry: 	at android.app.SystemServiceRegistry.getSystemService(SystemServiceRegistry.java:1014)
10-29 22:18:50.105  2345  2345 E SystemServiceRegistry: 	at android.app.ContextImpl.getSystemService(ContextImpl.java:1721)
10-29 22:18:50.105  2345  2345 E SystemServiceRegistry: 	at android.content.Context.getSystemService(Context.java:3256)
10-29 22:18:50.105  2345  2345 E SystemServiceRegistry: 	at com.android.server.usage.AppStandbyController.onBootPhase(AppStandbyController.java:356)
10-29 22:18:50.105  2345  2345 E SystemServiceRegistry: 	at com.android.server.usage.UsageStatsService.onBootPhase(UsageStatsService.java:211)
10-29 22:18:50.105  2345  2345 E SystemServiceRegistry: 	at com.android.server.SystemServiceManager.startBootPhase(SystemServiceManager.java:155)
10-29 22:18:50.105  2345  2345 E SystemServiceRegistry: 	at com.android.server.SystemServer.startOtherServices(SystemServer.java:1671)
10-29 22:18:50.105  2345  2345 E SystemServiceRegistry: 	at com.android.server.SystemServer.run(SystemServer.java:437)
10-29 22:18:50.105  2345  2345 E SystemServiceRegistry: 	at com.android.server.SystemServer.main(SystemServer.java:296)
10-29 22:18:50.105  2345  2345 E SystemServiceRegistry: 	at java.lang.reflect.Method.invoke(Native Method)
10-29 22:18:50.105  2345  2345 E SystemServiceRegistry: 	at com.android.internal.os.RuntimeInit$MethodAndArgsCaller.run(RuntimeInit.java:493)
10-29 22:18:50.105  2345  2345 E SystemServiceRegistry: 	at com.android.internal.os.ZygoteInit.main(ZygoteInit.java:838)
10-29 22:18:50.126  2345  2345 I WifiService: WifiService starting up with Wi-Fi enabled
10-29 22:18:50.126  1914  1951 D VehicleHalImpl: ENV_OUTSIDE_TEMPERATURE | 0x00000703 | Area: 0x1000000 | NOTIFY | float { 0 } 
10-29 22:18:50.127  1914  1951 D VehicleHalImpl: GEAR_SELECTION | 0x00000400 | Area: 0x1000000 | NOTIFY | int32_t { 2 } 
10-29 22:18:50.127  1914  1951 D VehicleHalImpl: OPERATION_POWER_STATE | 0x000005c9 | Area: 0x1000000 | NOTIFY | int32_t { 4 } 
10-29 22:18:50.130  2345  2451 I android_os_HwBinder: HwBinder: Starting thread pool for default::android.hidl.manager@1.0::IServiceManager
10-29 22:18:50.132  2345  2422 D HalDevMgr: IWifi registration notification: fqName=android.hardware.wifi@1.0::IWifi, name=default, preexisting=true
10-29 22:18:50.133  2345  2451 I android_os_HwBinder: HwBinder: Starting thread pool for default::android.hardware.wifi@1.0::IWifi
10-29 22:18:50.136  2345  2451 D WificondControl: tearing down interfaces in wificond
10-29 22:18:50.141  2345  2345 D WifiService: setWifiEnabled: true pid=2345, uid=1000, package=android
10-29 22:18:50.141  2345  2345 I WifiService: setWifiEnabled package=android uid=1000 enable=true
10-29 22:18:50.141  2345  2345 I WifiScanningService: Starting wifiscanner
10-29 22:18:50.144  2345  2345 I EthernetServiceImpl: Starting Ethernet service
10-29 22:18:50.150  2345  2345 D Ethernet: Registering NetworkFactory
10-29 22:18:50.151  2345  2454 D ConnectivityService: Got NetworkFactory Messenger for Ethernet
10-29 22:18:50.151  2345  2482 D Ethernet: got request NetworkRequest [ REQUEST id=1, [ Capabilities: INTERNET&NOT_RESTRICTED&TRUSTED&NOT_VPN Unwanted: ] ] with score 0
10-29 22:18:50.152  2345  2345 E IpConfigStore: Error opening configuration file: java.io.FileNotFoundException: /data/misc/ethernet/ipconfig.txt (No such file or directory)
10-29 22:18:50.156  2345  2482 I EthernetTracker: maybeTrackInterface eth0
10-29 22:18:50.162  2068  2171 D PermissionCache: checking android.permission.CAPTURE_AUDIO_HOTWORD for uid=1000 => granted (232 us)
10-29 22:18:50.162  2345  2345 W SoundTriggerHelper: listModules status=0, # of modules=0
10-29 22:18:50.162  1989  2037 D CommandListener: Setting iface cfg
10-29 22:18:50.162  1989  2037 D CommandListener: Trying to bring up eth0
10-29 22:18:50.164  2345  2345 D ContextHubSystemService: onBootPhase: PHASE_SYSTEM_SERVICES_READY
10-29 22:18:50.165  2345  2378 I EthernetTracker: interfaceLinkStateChanged, iface: eth0, up: true
10-29 22:18:50.166  2345  2345 D SystemServerTiming: StartBootPhaseSystemServicesReady took to complete: 76ms
10-29 22:18:50.166  2345  2345 I SystemServer: MakeWindowManagerServiceReady
10-29 22:18:50.166  2345  2482 D EthernetTracker: Started tracking interface eth0
10-29 22:18:50.167  2345  2482 D EthernetNetworkFactory: addInterface, iface: eth0, capabilities: [ Transports: ETHERNET Capabilities: NOT_METERED&INTERNET&NOT_RESTRICTED&TRUSTED&NOT_VPN&NOT_ROAMING&NOT_CONGESTED Unwanted:  LinkUpBandwidth>=100000Kbps LinkDnBandwidth>=100000Kbps]
10-29 22:18:50.170  2345  2482 D EthernetNetworkFactory: updateCapabilityFilter: [ Transports: ETHERNET Capabilities: NOT_METERED&INTERNET&NOT_RESTRICTED&TRUSTED&NOT_VPN&NOT_ROAMING&NOT_CONGESTED Unwanted:  LinkUpBandwidth>=100000Kbps LinkDnBandwidth>=100000Kbps]
10-29 22:18:50.170  2345  2482 D EthernetNetworkFactory: updateInterfaceLinkState, iface: eth0, up: true
10-29 22:18:50.170  2345  2482 D EthernetNetworkFactory: starting IpClient(eth0): mNetworkInfo=[type: Ethernet[], state: DISCONNECTED/IDLE, reason: (unspecified), extra: (none), failover: false, available: false, roaming: false]
10-29 22:18:50.171  1914  1951 D VehicleHalImpl: ENV_OUTSIDE_TEMPERATURE | 0x00000703 | Area: 0x1000000 | NOTIFY | float { 0 } 
10-29 22:18:50.172  1914  1951 D VehicleHalImpl: GEAR_SELECTION | 0x00000400 | Area: 0x1000000 | NOTIFY | int32_t { 2 } 
10-29 22:18:50.172  1914  1951 D VehicleHalImpl: OPERATION_POWER_STATE | 0x000005c9 | Area: 0x1000000 | NOTIFY | int32_t { 4 } 
10-29 22:18:50.183  1989  2037 D CommandListener: Clearing all IP addresses on eth0
10-29 22:18:50.184  2345  2345 I android_os_HwBinder: HwBinder: Starting thread pool for default::android.hardware.configstore@1.0::ISurfaceFlingerConfigs
10-29 22:18:50.185  2345  2345 D SystemServerTiming: MakeWindowManagerServiceReady took to complete: 19ms
10-29 22:18:50.185  2345  2482 I EthernetTracker: maybeTrackInterface eth1
10-29 22:18:50.187  2345  2345 I SystemServer: MakePowerManagerServiceReady
10-29 22:18:50.188  1989  2037 D CommandListener: Setting iface cfg
10-29 22:18:50.188  1989  2037 D CommandListener: Trying to bring up eth1
10-29 22:18:50.203  2345  2382 W KeyguardServiceDelegate: onScreenTurningOn(): no keyguard service!
10-29 22:18:50.206  2345  2372 E KernelUidCpuFreqTimeReader: Failed to read /proc/uid_time_in_state: java.io.FileNotFoundException: /proc/uid_time_in_state (No such file or directory)
10-29 22:18:50.207  2345  2372 E KernelCpuSpeedReader: Failed to read cpu-freq: /sys/devices/system/cpu/cpu0/cpufreq/stats/time_in_state (No such file or directory)
10-29 22:18:50.208  2345  2372 E KernelUidCpuFreqTimeReader: Failed to read /proc/uid_time_in_state: java.io.FileNotFoundException: /proc/uid_time_in_state (No such file or directory)
10-29 22:18:50.210  2345  2345 D SystemServerTiming: MakePowerManagerServiceReady took to complete: 23ms
10-29 22:18:50.210  2345  2345 I SystemServer: MakePackageManagerServiceReady
10-29 22:18:50.221  2345  2451 D WifiStateMachinePrime: received a message in WifiDisabledState: { when=0 what=3 target=com.android.internal.util.StateMachine$SmHandler }
10-29 22:18:50.221  2345  2450 D WifiController: WifiController msg { when=-79ms what=155656 target=com.android.internal.util.StateMachine$SmHandler } deferred for 500ms
10-29 22:18:50.222  2345  2451 D WifiStateMachinePrime: Switching from WifiDisabledState to WifiDisabled
10-29 22:18:50.222  2345  2451 D WifiStateMachinePrime: Entering WifiDisabledState
10-29 22:18:50.222  2345  2451 D ActiveModeManager: sending scan available broadcast: false
10-29 22:18:50.225  1991  1991 D libEGL  : loaded /vendor/lib/egl/libGLESv1_CM_POWERVR_ROGUE.so
10-29 22:18:50.228  1914  1953 E vfrpc   : VfrRpcException :msg='getProp wait respond timeout over 200 ms!'
10-29 22:18:50.228  1914  1953 E VehicleHalImpl: queryPropertyData: R7 Sevice failed with exception
10-29 22:18:50.236  2345  2386 W DefaultPermGrantPolicy: Unknown package:com.vinfast.ivi.rse
10-29 22:18:50.236  2345  2386 W DefaultPermGrantPolicy: Unknown package:com.vinfast.ivi.mediaplayer
10-29 22:18:50.237  2345  2386 W DefaultPermGrantPolicy: Unknown package:com.android.systemui
10-29 22:18:50.237  2345  2386 W DefaultPermGrantPolicy: Unknown package:com.vinfast.ivi.videoplayermc
10-29 22:18:50.237  2345  2386 W DefaultPermGrantPolicy: Unknown package:com.vinfast.ivi.gallery
10-29 22:18:50.237  2345  2386 W DefaultPermGrantPolicy: Unknown package:com.vinfast.ivi.heremapdemoapp
10-29 22:18:50.237  2345  2386 W DefaultPermGrantPolicy: Unknown package:com.vinfast.ivi.clustermapvirtualdisplay
10-29 22:18:50.237  2345  2386 W DefaultPermGrantPolicy: Unknown package:io.vinai.vrservice
10-29 22:18:50.237  2345  2386 W DefaultPermGrantPolicy: Unknown package:com.vinfast.ivi.vehicle.ipc
10-29 22:18:50.238  2345  2386 W DefaultPermGrantPolicy: Unknown package:com.vinfast.ivi.vehiclesettings
10-29 22:18:50.238  1914  1953 D VehicleHalImpl: queryPropertyData: ADAS_PA_WARN | 0x29400582 | areaId: 2 QUERY
10-29 22:18:50.242  2345  2345 V UserDataPreparer: Found /data/user_de/0 with serial number 0
10-29 22:18:50.242  2345  2345 V UserDataPreparer: Found /data/user/0 with serial number 0
10-29 22:18:50.242  2345  2345 V UserDataPreparer: Found /data/system_de/0 with serial number 0
10-29 22:18:50.242  2345  2345 V UserDataPreparer: Found /data/system_ce/0 with serial number 0
10-29 22:18:50.243  2345  2345 V UserDataPreparer: Found /data/misc_ce/0 with serial number 0
10-29 22:18:50.243  2345  2345 D SystemServerTiming: MakePackageManagerServiceReady took to complete: 33ms
10-29 22:18:50.243  2345  2345 I SystemServer: MakeDisplayManagerServiceReady
10-29 22:18:50.244  2345  2345 D SystemServerTiming: MakeDisplayManagerServiceReady took to complete: 0ms
10-29 22:18:50.244  2345  2345 I SystemServer: StartDeviceSpecificServices
10-29 22:18:50.244  2345  2345 D SystemServerTiming: StartDeviceSpecificServices took to complete: 0ms
10-29 22:18:50.244  2345  2345 I SystemServer: StartBootPhaseDeviceSpecificServicesReady
10-29 22:18:50.244  2345  2345 I SystemServiceManager: Starting phase 520
10-29 22:18:50.245  2345  2345 D SystemServerTiming: StartBootPhaseDeviceSpecificServicesReady took to complete: 1ms
10-29 22:18:50.247  2345  2345 W UsageStatsService: Event reported without a package name
10-29 22:18:50.251  2345  2345 I AppOps  : Pruning old package system/com.android.server.AppOpsService$UidState@230f90c: new uid=-1
10-29 22:18:50.253  2345  2345 I ActivityManager: System now ready
10-29 22:18:50.257  2345  2345 I ActivityManager: Config changes=104 {1.0 ?mcc?mnc [en_US,vi] ldltr sw1080dp w1920dp h907dp 160dpi xlrg long land car -touch -keyb/v/h -nav/h winConfig={ mBounds=Rect(0, 0 - 0, 0) mAppBounds=Rect(0, 0 - 1920, 968) mWindowingMode=fullscreen mActivityType=undefined} s.5}
10-29 22:18:50.274  2345  2345 I ActivityManager: Override config changes=104 {1.0 ?mcc?mnc [en_US,vi] ldltr sw1080dp w1920dp h907dp 160dpi xlrg long land car -touch -keyb/v/h -nav/h winConfig={ mBounds=Rect(0, 0 - 1920, 1080) mAppBounds=Rect(0, 0 - 1920, 968) mWindowingMode=fullscreen mActivityType=undefined} s.5} for displayId=0
10-29 22:18:50.276  1991  1991 D libEGL  : loaded /vendor/lib/egl/libGLESv2_POWERVR_ROGUE.so
10-29 22:18:50.286  2345  2380 I ActivityManager: Config changes=100 {1.0 ?mcc?mnc [en_US,vi] ldltr sw1080dp w1920dp h907dp 160dpi xlrg long land car -touch -keyb/v/h -nav/h winConfig={ mBounds=Rect(0, 0 - 0, 0) mAppBounds=Rect(0, 0 - 1920, 968) mWindowingMode=fullscreen mActivityType=undefined} s.6}
10-29 22:18:50.287  2345  2380 I ActivityManager: Override config changes=100 {1.0 ?mcc?mnc [en_US,vi] ldltr sw1080dp w1920dp h907dp 160dpi xlrg long land car -touch -keyb/v/h -nav/h winConfig={ mBounds=Rect(0, 0 - 1920, 1080) mAppBounds=Rect(0, 0 - 1920, 968) mWindowingMode=fullscreen mActivityType=undefined} s.6} for displayId=0
10-29 22:18:50.288  2345  2355 I system_server: Background concurrent copying GC freed 32704(3MB) AllocSpace objects, 9(180KB) LOS objects, 42% free, 6MB/10MB, paused 291us total 115.101ms
10-29 22:18:50.288  2345  2378 I EthernetTracker: interfaceLinkStateChanged, iface: eth1, up: false
10-29 22:18:50.289  2345  2353 W System  : A resource was acquired at attached stack trace but never released. See java.io.Closeable for information on avoiding resource leaks.
10-29 22:18:50.290  2345  2378 I EthernetTracker: interfaceLinkStateChanged, iface: eth1, up: false
10-29 22:18:50.291  2345  2482 D EthernetTracker: Started tracking interface eth1
10-29 22:18:50.291  2345  2482 D EthernetNetworkFactory: addInterface, iface: eth1, capabilities: [ Transports: ETHERNET Capabilities: NOT_METERED&INTERNET&NOT_RESTRICTED&TRUSTED&NOT_VPN&NOT_ROAMING&NOT_CONGESTED Unwanted:  LinkUpBandwidth>=100000Kbps LinkDnBandwidth>=100000Kbps]
10-29 22:18:50.291  2345  2482 D EthernetNetworkFactory: updateCapabilityFilter: [ Transports: ETHERNET Capabilities: NOT_METERED&INTERNET&NOT_RESTRICTED&TRUSTED&NOT_VPN&NOT_ROAMING&NOT_CONGESTED Unwanted:  LinkUpBandwidth>=100000Kbps LinkDnBandwidth>=100000Kbps]
10-29 22:18:50.291  2345  2482 I EthernetTracker: maybeTrackInterface iccom
10-29 22:18:50.291  2345  2482 I EthernetTracker: maybeTrackInterface ip6_vti0
10-29 22:18:50.292  2345  2482 I EthernetTracker: maybeTrackInterface ip6tnl0
10-29 22:18:50.292  2345  2482 I EthernetTracker: maybeTrackInterface ip_vti0
10-29 22:18:50.292  2345  2482 I EthernetTracker: maybeTrackInterface lo
10-29 22:18:50.292  2345  2482 I EthernetTracker: maybeTrackInterface sit0
10-29 22:18:50.292  2345  2482 D EthernetNetworkFactory: updateInterfaceLinkState, iface: eth0, up: true
10-29 22:18:50.292  2345  2482 D EthernetNetworkFactory: acceptRequest, request: NetworkRequest [ REQUEST id=1, [ Capabilities: INTERNET&NOT_RESTRICTED&TRUSTED&NOT_VPN Unwanted: ] ], score: 0
10-29 22:18:50.293  2345  2482 I EthernetNetworkFactory: networkForRequest, request: NetworkRequest [ REQUEST id=1, [ Capabilities: INTERNET&NOT_RESTRICTED&TRUSTED&NOT_VPN Unwanted: ] ], network: NetworkInterfaceState{ iface: eth0, up: true, hwAddress: 00:16:3e:1a:e2:c6, networkInfo: [type: Ethernet[], state: CONNECTING/OBTAINING_IPADDR, reason: (unspecified), extra: 00:16:3e:1a:e2:c6, failover: false, available: false, roaming: false], networkAgent: null, ipClient: name=IpClient.eth0 state=RunningState,linkProperties: {LinkAddresses: []  Routes: [] DnsAddresses: [] UsePrivateDns: false PrivateDnsServerName: null Domains: null MTU: 0}}
10-29 22:18:50.293  2345  2482 I EthernetNetworkFactory: networkForRequest, request: NetworkRequest [ REQUEST id=1, [ Capabilities: INTERNET&NOT_RESTRICTED&TRUSTED&NOT_VPN Unwanted: ] ], network: NetworkInterfaceState{ iface: eth0, up: true, hwAddress: 00:16:3e:1a:e2:c6, networkInfo: [type: Ethernet[], state: CONNECTING/OBTAINING_IPADDR, reason: (unspecified), extra: 00:16:3e:1a:e2:c6, failover: false, available: false, roaming: false], networkAgent: null, ipClient: name=IpClient.eth0 state=RunningState,linkProperties: {LinkAddresses: []  Routes: [] DnsAddresses: [] UsePrivateDns: false PrivateDnsServerName: null Domains: null MTU: 0}}
10-29 22:18:50.293  2345  2482 D EthernetNetworkFactory: IpClient already started
10-29 22:18:50.293  2345  2482 D EthernetNetworkFactory: updateInterfaceLinkState, iface: eth1, up: false
10-29 22:18:50.293  2345  2482 D EthernetNetworkFactory: updateInterfaceLinkState, iface: eth1, up: false
10-29 22:18:50.293  2345  2482 D EthernetNetworkFactory: acceptRequest, request: NetworkRequest [ REQUEST id=1, [ Capabilities: INTERNET&NOT_RESTRICTED&TRUSTED&NOT_VPN Unwanted: ] ], score: 0
10-29 22:18:50.293  2345  2353 W System  : java.lang.Throwable: Explicit termination method 'close' not called
10-29 22:18:50.293  2345  2353 W System  : 	at dalvik.system.CloseGuard.open(CloseGuard.java:221)
10-29 22:18:50.293  2345  2353 W System  : 	at java.io.FileInputStream.<init>(FileInputStream.java:168)
10-29 22:18:50.293  2345  2353 W System  : 	at com.android.internal.os.AtomicFile.openRead(AtomicFile.java:147)
10-29 22:18:50.293  2345  2353 W System  : 	at com.android.server.storage.CacheQuotaStrategy.setupQuotasFromFile(CacheQuotaStrategy.java:301)
10-29 22:18:50.293  2345  2353 W System  : 	at com.android.server.usage.StorageStatsService$H.handleMessage(StorageStatsService.java:508)
10-29 22:18:50.293  2345  2353 W System  : 	at android.os.Handler.dispatchMessage(Handler.java:106)
10-29 22:18:50.293  2345  2353 W System  : 	at android.os.Looper.loop(Looper.java:193)
10-29 22:18:50.293  2345  2353 W System  : 	at android.os.HandlerThread.run(HandlerThread.java:65)
10-29 22:18:50.293  2345  2353 W System  : 	at com.android.server.ServiceThread.run(ServiceThread.java:44)
10-29 22:18:50.293  2345  2482 I EthernetNetworkFactory: networkForRequest, request: NetworkRequest [ REQUEST id=1, [ Capabilities: INTERNET&NOT_RESTRICTED&TRUSTED&NOT_VPN Unwanted: ] ], network: NetworkInterfaceState{ iface: eth0, up: true, hwAddress: 00:16:3e:1a:e2:c6, networkInfo: [type: Ethernet[], state: CONNECTING/OBTAINING_IPADDR, reason: (unspecified), extra: 00:16:3e:1a:e2:c6, failover: false, available: false, roaming: false], networkAgent: null, ipClient: name=IpClient.eth0 state=RunningState,linkProperties: {LinkAddresses: []  Routes: [] DnsAddresses: [] UsePrivateDns: false PrivateDnsServerName: null Domains: null MTU: 0}}
10-29 22:18:50.302  1914  1951 D VehicleHalImpl: ENV_OUTSIDE_TEMPERATURE | 0x00000703 | Area: 0x1000000 | NOTIFY | float { 0 } 
10-29 22:18:50.302  1914  1951 D VehicleHalImpl: GEAR_SELECTION | 0x00000400 | Area: 0x1000000 | NOTIFY | int32_t { 2 } 
10-29 22:18:50.302  1914  1951 D VehicleHalImpl: OPERATION_POWER_STATE | 0x000005c9 | Area: 0x1000000 | NOTIFY | int32_t { 4 } 
10-29 22:18:50.303  2345  2345 I SystemServer: Making services ready
10-29 22:18:50.303  2345  2345 I SystemServer: StartActivityManagerReadyPhase
10-29 22:18:50.303  2345  2345 I SystemServiceManager: Starting phase 550
10-29 22:18:50.307  2345  2345 W ActivityManager: Too early to start/bind service in system_server: Phase=550 ComponentInfo{com.android.server.telecom/com.android.server.telecom.components.TelecomService}
10-29 22:18:50.310  1991  1991 I Zygote  : Preloading shared libraries...
10-29 22:18:50.324  2345  2488 D DhcpClient: Receive thread started
10-29 22:18:50.329  2345  2483 D DhcpClient: Broadcasting DHCPDISCOVER
10-29 22:18:50.339  1991  1991 I Zygote  : Uninstalled ICU cache reference pinning...
10-29 22:18:50.342  1991  1991 I Zygote  : Installed AndroidKeyStoreProvider in 3ms.
10-29 22:18:50.308  2345  2345 W ActivityManager: Too early to start/bind service in system_server: Phase=550 ComponentInfo{com.android.server.telecom/com.android.server.telecom.components.TelecomService}
10-29 22:18:50.363  2345  2345 W SystemServiceManager: Service com.android.server.content.ContentService$Lifecycle took 55 ms in onBootPhase
10-29 22:18:50.363  2345  2345 D BluetoothManagerService: Bluetooth boot completed
10-29 22:18:50.364  1991  1991 I Zygote  : Warmed up JCA providers in 22ms.
10-29 22:18:50.364  2345  2345 D BluetoothManagerService: Auto-enabling Bluetooth.
10-29 22:18:50.364  1991  1991 D Zygote  : end preload
10-29 22:18:50.364  2345  2379 D BluetoothManagerService: MESSAGE_ENABLE(0): mBluetooth = null
10-29 22:18:50.370  2345  2366 D SystemServerTimingAsync: SecondaryZygotePreload took to complete: 1717ms
10-29 22:18:50.370  2345  2366 D SystemServerInitThreadPool: Finished executing SecondaryZygotePreload
10-29 22:18:50.390  2490  2490 I Zygote  : seccomp disabled by setenforce 0
10-29 22:18:50.391  2345  2370 I ActivityManager: Start proc 2490:com.android.bluetooth/1002 for service com.android.bluetooth/.btservice.AdapterService
10-29 22:18:50.402  1914  1951 D VehicleHalImpl: ENV_OUTSIDE_TEMPERATURE | 0x00000703 | Area: 0x1000000 | NOTIFY | float { 0 } 
10-29 22:18:50.402  1914  1951 D VehicleHalImpl: STEERING_ANGLE | 0x00000200 | Area: 0x1000000 | NOTIFY | float { -0.0026 } 
10-29 22:18:50.402  1914  1951 D VehicleHalImpl: PERF_ODOMETER | 0x00000204 | Area: 0x1000000 | NOTIFY | float { 0 } 
10-29 22:18:50.402  1914  1951 D VehicleHalImpl: PERF_VEHICLE_SPEED | 0x00000207 | Area: 0x1000000 | NOTIFY | float { 0 } 
10-29 22:18:50.403  1914  1951 D VehicleHalImpl: GEAR_SELECTION | 0x00000400 | Area: 0x1000000 | NOTIFY | int32_t { 2 } 
10-29 22:18:50.403  1914  1951 D VehicleHalImpl: ENGINE_RPM | 0x00000305 | Area: 0x1000000 | NOTIFY | float { 0 } 
10-29 22:18:50.403  1914  1951 D VehicleHalImpl: FUEL_LEVEL | 0x00000307 | Area: 0x1000000 | NOTIFY | float { 0 } 
10-29 22:18:50.403  1914  1951 D VehicleHalImpl: OPERATION_POWER_STATE | 0x000005c9 | Area: 0x1000000 | NOTIFY | int32_t { 4 } 
10-29 22:18:50.439  1914  1953 E vfrpc   : VfrRpcException :msg='getProp wait respond timeout over 200 ms!'
10-29 22:18:50.439  1914  1953 E VehicleHalImpl: queryPropertyData: R7 Sevice failed with exception
10-29 22:18:50.449  1914  1953 D VehicleHalImpl: queryPropertyData: ADAS_PA_WARN | 0x29400582 | areaId: 1 QUERY
10-29 22:18:50.477  2490  2490 I droid.bluetoot: The ClassLoaderContext is a special shared library.
10-29 22:18:50.505  2490  2490 I droid.bluetoot: The ClassLoaderContext is a special shared library.
10-29 22:18:50.514  2067  2075 I sd_stub : [info   ] SD OFFER - service 111A:0, version 0.FFFFFFFF, ttl: 3C, mcast: true, sid: 2B : @192.168.57.1, TCP: 4378; 
10-29 22:18:50.514  2067  2075 D sd_stub : [debug  ] Response subscribe to 111A:0, 1 subscribers
10-29 22:18:50.514  2067  2075 I sd_stub : [info   ] SD OFFER - service 1111:0, version 0.FFFFFFFF, ttl: 3C, mcast: true, sid: 2B : @192.168.57.1, TCP: 4369; 
10-29 22:18:50.527  1914  1951 D VehicleHalImpl: ENV_OUTSIDE_TEMPERATURE | 0x00000703 | Area: 0x1000000 | NOTIFY | float { 0 } 
10-29 22:18:50.527  1914  1951 D VehicleHalImpl: GEAR_SELECTION | 0x00000400 | Area: 0x1000000 | NOTIFY | int32_t { 2 } 
10-29 22:18:50.527  1914  1951 D VehicleHalImpl: OPERATION_POWER_STATE | 0x000005c9 | Area: 0x1000000 | NOTIFY | int32_t { 4 } 
10-29 22:18:50.533  2067  2075 I sd_stub : [info   ] SD SUBSCRIBE_ACK - service: 111A:0, version: 0, group_id: 1, TTL: 3C, mcast: false, sid: 17, counter: 0
10-29 22:18:50.533  2067  2075 D sd_stub : [debug  ] sd_handle_event_ack - send to PID: 1914
10-29 22:18:50.533  1914  1948 D VehicleHalSomeip: [debug  ] [SdProxy] AS_RESPONSE_SUBSCRIBE - client 111A, service: 111A, instance: 0, group: 1, tcp: 45242, udp: 0, pid: 0, result: true
10-29 22:18:50.533  1914  1948 D VehicleHalSomeip: [debug  ] Subscribe to service: 111A:0, group: 1 result: true
10-29 22:18:50.577  1914  1951 D VehicleHalImpl: ENV_OUTSIDE_TEMPERATURE | 0x00000703 | Area: 0x1000000 | NOTIFY | float { 0 } 
10-29 22:18:50.577  1914  1951 D VehicleHalImpl: GEAR_SELECTION | 0x00000400 | Area: 0x1000000 | NOTIFY | int32_t { 2 } 
10-29 22:18:50.577  1914  1951 D VehicleHalImpl: OPERATION_POWER_STATE | 0x000005c9 | Area: 0x1000000 | NOTIFY | int32_t { 4 } 
10-29 22:18:50.649  1914  1953 E vfrpc   : VfrRpcException :msg='getProp wait respond timeout over 200 ms!'
10-29 22:18:50.650  1914  1953 E VehicleHalImpl: queryPropertyData: R7 Sevice failed with exception
10-29 22:18:50.660  1914  1953 D VehicleHalImpl: queryPropertyData: ADAS_PA_WARN | 0x29400582 | areaId: 7 QUERY
10-29 22:18:50.662  1914  1951 D VehicleHalImpl: ENV_OUTSIDE_TEMPERATURE | 0x00000703 | Area: 0x1000000 | NOTIFY | float { 0 } 
10-29 22:18:50.662  1914  1951 D VehicleHalImpl: GEAR_SELECTION | 0x00000400 | Area: 0x1000000 | NOTIFY | int32_t { 2 } 
10-29 22:18:50.662  1914  1951 D VehicleHalImpl: OPERATION_POWER_STATE | 0x000005c9 | Area: 0x1000000 | NOTIFY | int32_t { 4 } 
10-29 22:18:50.693  2345  2345 W SystemServiceManager: Service com.android.server.InputMethodManagerService$Lifecycle took 320 ms in onBootPhase
10-29 22:18:50.693  2345  2439 D StorageManagerService: Thinking about init, mSystemReady=true, mDaemonConnected=true
10-29 22:18:50.694  2345  2439 D StorageManagerService: Thinking about reset, mSystemReady=true, mDaemonConnected=true
10-29 22:18:50.694  2345  2368 I ActivityManager: Force stopping com.android.providers.media appid=10012 user=-1: vold reset
10-29 22:18:50.697  2345  2345 I WallpaperManagerService: No static wallpaper imagery; defaults will be shown
10-29 22:18:50.698  2345  2465 V StorageManagerService: Found primary storage at VolumeInfo{emulated}:
10-29 22:18:50.698  2345  2465 V StorageManagerService:     type=EMULATED diskId=null partGuid= mountFlags=0 mountUserId=-1 
10-29 22:18:50.698  2345  2465 V StorageManagerService:     state=UNMOUNTED 
10-29 22:18:50.698  2345  2465 V StorageManagerService:     fsType=null fsUuid=null fsLabel=null 
10-29 22:18:50.698  2345  2465 V StorageManagerService:     path=null internalPath=null 
10-29 22:18:50.699  2345  2345 E BitmapFactory: Unable to decode stream: java.io.FileNotFoundException: /data/system/users/0/wallpaper_orig (No such file or directory)
10-29 22:18:50.699  2345  2345 W WallpaperManagerService: Invalid wallpaper data
10-29 22:18:50.699  2345  2345 E WallpaperManagerService: Unable to apply new wallpaper
10-29 22:18:50.702  2345  2462 I AudioService: setBluetoothScoOnInt: false resetBluetoothSco
10-29 22:18:50.702  2345  2345 D SystemServerTiming: StartActivityManagerReadyPhase took to complete: 400ms
10-29 22:18:50.702  2345  2345 I SystemServer: StartObservingNativeCrashes
10-29 22:18:50.703  2345  2345 D SystemServerTiming: StartObservingNativeCrashes took to complete: 0ms
10-29 22:18:50.703  2345  2345 I SystemServer: StartCarServiceHelperService
10-29 22:18:50.704  2345  2422 I UsbPortManager: ClientCallback: usb2_0
10-29 22:18:50.706  2345  2408 D SystemServerInitThreadPool: Started executing WebViewFactoryPreparation
10-29 22:18:50.706  2345  2408 I SystemServer: WebViewFactoryPreparation
10-29 22:18:50.706  2345  2378 I UsbPortManager: USB port added: port=UsbPort{id=usb2_0, supportedModes=dual}, status=UsbPortStatus{connected=true, currentMode=ufp, currentPowerRole=sink, currentDataRole=device, supportedRoleCombinations=[sink:device]}, canChangeMode=false, canChangePowerRole=false, canChangeDataRole=false
10-29 22:18:50.707  2345  2345 I SystemServiceManager: Starting com.android.internal.car.CarServiceHelperService
10-29 22:18:50.709  2345  2462 D BluetoothManagerService: Creating new ProfileServiceConnections object for profile: 1
10-29 22:18:50.710  2345  2462 E BluetoothManagerService: Fail to bind to: Intent { act=android.bluetooth.IBluetoothHeadset }
10-29 22:18:50.710  2345  2462 W BluetoothManagerService: Unable to bind with intent: Intent { act=android.bluetooth.IBluetoothHeadset }
10-29 22:18:50.710  2345  2462 E BluetoothA2dp: Could not bind to Bluetooth A2DP Service with Intent { act=android.bluetooth.IBluetoothA2dp }
10-29 22:18:50.711  1893  1893 V vold    : Waiting for FUSE to spin up...
10-29 22:18:50.713  2068  2171 I AudioFlinger: systemReady
10-29 22:18:50.719  2345  2370 I ActivityManager: Start proc 2514:com.vinfast.ivi.inputmethod.latin/u0a54 for service com.vinfast.ivi.inputmethod.latin/.LatinIME
10-29 22:18:50.723  2514  2514 I Zygote  : seccomp disabled by setenforce 0
10-29 22:18:50.724  2345  2345 D SystemServerTiming: StartCarServiceHelperService took to complete: 21ms
10-29 22:18:50.724  2345  2345 I SystemServer: StartSystemUI
10-29 22:18:50.728  2345  2450 D WifiController: DEFERRED_TOGGLE handled
10-29 22:18:50.728  2345  2450 D WifiController: StaEnabledState.enter()
10-29 22:18:50.728  2345  2451 D WifiStateMachinePrime: received a message in WifiDisabledState: { when=0 what=0 target=com.android.internal.util.StateMachine$SmHandler }
10-29 22:18:50.728  2345  2451 D WifiStateMachinePrime: Switching from WifiDisabledState to ClientMode
10-29 22:18:50.728  2345  2451 D WifiStateMachinePrime: Entering ClientModeActiveState
10-29 22:18:50.730  2345  2451 D WifiClientModeManager: entering IdleState
10-29 22:18:50.731  2345  2345 W ActivityManager: Unable to start service Intent { flg=0x100 cmp=com.android.systemui/.keyguard.KeyguardService } U=0: not found
10-29 22:18:50.731  2345  2345 V KeyguardServiceDelegate: *** Keyguard: can't bind to ComponentInfo{com.android.systemui/com.android.systemui.keyguard.KeyguardService}
10-29 22:18:50.731  2345  2451 D WifiStateMachinePrime: State changed from client mode. state = 2
10-29 22:18:50.731  2345  2345 D SystemServerTiming: StartSystemUI took to complete: 7ms
10-29 22:18:50.731  2345  2345 I SystemServer: MakeNetworkManagementServiceReady
10-29 22:18:50.731  2345  2345 D NetworkManagement: enabling bandwidth control
10-29 22:18:50.748  2345  2408 D WebViewLibraryLoader: Setting new address space to 147551200
10-29 22:18:50.759  2345  2370 W ActivityManager: Slow operation: 51ms so far, now at startProcess: done updating battery stats
10-29 22:18:50.760  2345  2370 W ActivityManager: Slow operation: 51ms so far, now at startProcess: building log message
10-29 22:18:50.760  2345  2370 I ActivityManager: Start proc 2526:com.android.car/1000 for service com.android.car/.CarService
10-29 22:18:50.760  2526  2526 I Zygote  : seccomp disabled by setenforce 0
10-29 22:18:50.760  2345  2370 W ActivityManager: Slow operation: 51ms so far, now at startProcess: starting to update pids map
10-29 22:18:50.760  2345  2370 W ActivityManager: Slow operation: 51ms so far, now at startProcess: done updating pids map
10-29 22:18:50.761  1893  1893 V vold    : Waiting for FUSE to spin up...
10-29 22:18:50.765  2513  2513 W sdcard  : Device explicitly enabled sdcardfs
10-29 22:18:50.778  1914  1951 D VehicleHalImpl: ENV_OUTSIDE_TEMPERATURE | 0x00000703 | Area: 0x1000000 | NOTIFY | float { 0 } 
10-29 22:18:50.778  1914  1951 D VehicleHalImpl: GEAR_SELECTION | 0x00000400 | Area: 0x1000000 | NOTIFY | int32_t { 2 } 
10-29 22:18:50.778  1914  1951 D VehicleHalImpl: OPERATION_POWER_STATE | 0x000005c9 | Area: 0x1000000 | NOTIFY | int32_t { 4 } 
10-29 22:18:50.793  2345  2370 W ActivityManager: Slow operation: 68ms so far, now at startProcess: returned from zygote!
10-29 22:18:50.794  2345  2370 W ActivityManager: Slow operation: 70ms so far, now at startProcess: done updating battery stats
10-29 22:18:50.795  2345  2370 W ActivityManager: Slow operation: 70ms so far, now at startProcess: building log message
10-29 22:18:50.795  2345  2370 I ActivityManager: Start proc 2546:com.android.systemui/u0a26 for service com.android.systemui/.SystemUIService
10-29 22:18:50.795  2345  2370 W ActivityManager: Slow operation: 70ms so far, now at startProcess: starting to update pids map
10-29 22:18:50.795  2345  2370 W ActivityManager: Slow operation: 70ms so far, now at startProcess: done updating pids map
10-29 22:18:50.798  2546  2546 I Zygote  : seccomp disabled by setenforce 0
10-29 22:18:50.857  2345  2408 D SystemServerTimingAsync: WebViewFactoryPreparation took to complete: 151ms
10-29 22:18:50.857  2345  2408 D SystemServerInitThreadPool: Finished executing WebViewFactoryPreparation
10-29 22:18:50.861  1914  1953 E vfrpc   : VfrRpcException :msg='getProp wait respond timeout over 200 ms!'
10-29 22:18:50.861  1914  1953 E VehicleHalImpl: queryPropertyData: R7 Sevice failed with exception
10-29 22:18:50.871  1914  1953 D VehicleHalImpl: queryPropertyData: FOB_KEY_ID | 0x25400611 | areaId: 1 QUERY
10-29 22:18:50.873  1914  1951 D VehicleHalImpl: ENV_OUTSIDE_TEMPERATURE | 0x00000703 | Area: 0x1000000 | NOTIFY | float { 0 } 
10-29 22:18:50.874  1914  1951 D VehicleHalImpl: STEERING_ANGLE | 0x00000200 | Area: 0x1000000 | NOTIFY | float { -0.0026 } 
10-29 22:18:50.874  1914  1951 D VehicleHalImpl: PERF_ODOMETER | 0x00000204 | Area: 0x1000000 | NOTIFY | float { 0 } 
10-29 22:18:50.874  1914  1951 D VehicleHalImpl: PERF_VEHICLE_SPEED | 0x00000207 | Area: 0x1000000 | NOTIFY | float { 0 } 
10-29 22:18:50.874  1914  1951 D VehicleHalImpl: GEAR_SELECTION | 0x00000400 | Area: 0x1000000 | NOTIFY | int32_t { 2 } 
10-29 22:18:50.874  1914  1951 D VehicleHalImpl: ENGINE_RPM | 0x00000305 | Area: 0x1000000 | NOTIFY | float { 0 } 
10-29 22:18:50.874  1914  1951 D VehicleHalImpl: FUEL_LEVEL | 0x00000307 | Area: 0x1000000 | NOTIFY | float { 0 } 
10-29 22:18:50.874  1914  1951 D VehicleHalImpl: OPERATION_POWER_STATE | 0x000005c9 | Area: 0x1000000 | NOTIFY | int32_t { 4 } 
10-29 22:18:50.910  2490  2490 V AdapterServiceConfig: Adding A2dpSinkService
10-29 22:18:50.911  2490  2490 V AdapterServiceConfig: Adding PanService
10-29 22:18:50.911  2490  2490 V AdapterServiceConfig: Adding GattService
10-29 22:18:50.911  2490  2490 V AdapterServiceConfig: Adding HeadsetClientService
10-29 22:18:50.911  2490  2490 V AdapterServiceConfig: Adding AvrcpTargetService
10-29 22:18:50.911  2490  2490 V AdapterServiceConfig: Adding AvrcpControllerService
10-29 22:18:50.911  2490  2490 V AdapterServiceConfig: Adding PbapClientService
10-29 22:18:50.911  2490  2490 V AdapterServiceConfig: Adding MapClientService
10-29 22:18:50.911  2490  2490 V AdapterServiceConfig: Adding HidDeviceService
10-29 22:18:50.911  2490  2490 V AdapterServiceConfig: Adding BluetoothOppService
10-29 22:18:50.978  1914  1951 D VehicleHalImpl: ENV_OUTSIDE_TEMPERATURE | 0x00000703 | Area: 0x1000000 | NOTIFY | float { 0 } 
10-29 22:18:50.978  1914  1951 D VehicleHalImpl: GEAR_SELECTION | 0x00000400 | Area: 0x1000000 | NOTIFY | int32_t { 2 } 
10-29 22:18:50.978  1914  1951 D VehicleHalImpl: OPERATION_POWER_STATE | 0x000005c9 | Area: 0x1000000 | NOTIFY | int32_t { 4 } 
10-29 22:18:51.061  2564  2564 I Zygote  : seccomp disabled by setenforce 0
10-29 22:18:51.063  2345  2370 W ActivityManager: Slow operation: 208ms so far, now at startProcess: returned from zygote!
10-29 22:18:51.063  2345  2370 W ActivityManager: Slow operation: 208ms so far, now at startProcess: done updating battery stats
10-29 22:18:51.064  2345  2370 W ActivityManager: Slow operation: 209ms so far, now at startProcess: building log message
10-29 22:18:51.064  2345  2370 I ActivityManager: Start proc 2564:WebViewLoader-armeabi-v7a/1037 [android.webkit.WebViewLibraryLoader$RelroFileCreator] for 
10-29 22:18:51.064  2345  2370 W ActivityManager: Slow operation: 209ms so far, now at startProcess: starting to update pids map
