10-29 22:18:36.622  2071  2071 I SurfaceFlinger: extensions: GL_EXT_debug_marker GL_ANDROID_extension_pack_es31a GL_EXT_blend_minmax GL_EXT_buffer_storage GL_EXT_clear_texture GL_EXT_clip_control GL_EXT_color_buffer_float GL_EXT_conservative_depth GL_EXT_copy_image GL_EXT_discard_framebuffer GL_EXT_draw_buffers GL_EXT_draw_buffers_indexed GL_EXT_draw_elements_base_vertex GL_EXT_EGL_image_array GL_EXT_external_buffer GL_EXT_float_blend GL_EXT_geometry_point_size GL_EXT_geometry_shader GL_EXT_gpu_shader5 GL_EXT_memory_object GL_EXT_memory_object_fd GL_EXT_multi_draw_arrays GL_EXT_multisampled_render_to_texture GL_EXT_multisampled_render_to_texture2 GL_EXT_occlusion_query_boolean GL_EXT_polygon_offset_clamp GL_EXT_primitive_bounding_box GL_EXT_pvrtc_sRGB GL_EXT_read_format_bgra GL_EXT_robustness GL_EXT_separate_shader_objects GL_EXT_shader_framebuffer_fetch GL_EXT_shader_group_vote GL_EXT_shader_implicit_conversions GL_EXT_shader_io_blocks GL_EXT_shader_non_constant_global_initializers GL_EXT_shader_pixel_local_storage GL_EXT_shader_pixel_local_storage2 GL_EX
10-29 22:18:36.622  2071  2071 I SurfaceFlinger: GL_MAX_TEXTURE_SIZE = 8192
10-29 22:18:36.622  2071  2071 I SurfaceFlinger: GL_MAX_VIEWPORT_DIMS = 8192
10-29 22:18:36.632  2199  2199 W android.hardware.media.omx@1.0-service: libminijail[2199]: compile_file: /system/etc/seccomp_policy/crash_dump.arm.policy(5): nonexistent syscall 'sigreturn'
10-29 22:18:36.632  2199  2199 W android.hardware.media.omx@1.0-service: libminijail[2199]: compile_file: /system/etc/seccomp_policy/crash_dump.arm.policy(31): nonexistent syscall 'getuid32'
10-29 22:18:36.632  2199  2199 W android.hardware.media.omx@1.0-service: libminijail[2199]: compile_file: /system/etc/seccomp_policy/crash_dump.arm.policy(32): nonexistent syscall 'fstat64'
10-29 22:18:36.632  2199  2199 W android.hardware.media.omx@1.0-service: libminijail[2199]: compile_file: /system/etc/seccomp_policy/crash_dump.arm.policy(33): nonexistent syscall 'mmap2'
10-29 22:18:36.632  2199  2199 W android.hardware.media.omx@1.0-service: libminijail[2199]: compile_file: /system/etc/seccomp_policy/crash_dump.arm.policy(34): nonexistent syscall 'geteuid32'
10-29 22:18:36.632  2199  2199 W android.hardware.media.omx@1.0-service: libminijail[2199]: compile_file: /system/etc/seccomp_policy/crash_dump.arm.policy(35): nonexistent syscall 'getgid32'
10-29 22:18:36.633  2199  2199 W android.hardware.media.omx@1.0-service: libminijail[2199]: compile_file: /system/etc/seccomp_policy/crash_dump.arm.policy(36): nonexistent syscall 'getegid32'
10-29 22:18:36.633  2199  2199 W android.hardware.media.omx@1.0-service: libminijail[2199]: compile_file: /system/etc/seccomp_policy/crash_dump.arm.policy(37): nonexistent syscall 'getgroups32'
10-29 22:18:36.633  2199  2199 W android.hardware.media.omx@1.0-service: libminijail[2199]: logging seccomp filter failures
10-29 22:18:36.650  1991  1991 I zygote  : VerifyImage: /system/bin/patchoat --input-image-location=/system/framework/boot.art --output-image-directory=/data/dalvik-cache/arm --instruction-set=arm --verify
10-29 22:18:36.676  1914  1951 D VehicleHalImpl: ENV_OUTSIDE_TEMPERATURE | 0x00000703 | Area: 0x1000000 | NOTIFY | float { 0 } 
10-29 22:18:36.676  1914  1951 D VehicleHalImpl: GEAR_SELECTION | 0x00000400 | Area: 0x1000000 | NOTIFY | int32_t { 2 } 
10-29 22:18:36.676  1914  1951 D VehicleHalImpl: OPERATION_POWER_STATE | 0x000005c9 | Area: 0x1000000 | NOTIFY | int32_t { 4 } 
10-29 22:18:36.677  2016  2220 I r_submix: adev_open(name=audio_hw_if)
10-29 22:18:36.678  2071  2071 E HWComposer: getSupportedPerFrameMetadata: getSupportedPerFrameMetadata failed for display 0: Unsupported (8)
10-29 22:18:36.678  2016  2016 I r_submix: adev_init_check()
10-29 22:18:36.678  2016  2016 W DeviceHAL: Error from HAL Device in function set_master_mute: Function not implemented
10-29 22:18:36.678  2068  2068 I AudioFlinger: loadHwModule() Loaded r_submix audio interface, handle 26
10-29 22:18:36.678  2016  2016 D r_submix: adev_open_input_stream(addr=0)
10-29 22:18:36.678  2016  2016 D r_submix: submix_audio_device_create_pipe_l(addr=0, idx=9)
10-29 22:18:36.678  2016  2016 D r_submix:   now using address 0 for route 9
10-29 22:18:36.680  2068  2257 I AudioFlinger: AudioFlinger's thread 0xfc90b9148900 tid=2257 ready to run
10-29 22:18:36.682  2068  2068 I         : Waiting for activity service
10-29 22:18:36.682  2016  2220 D r_submix: adev_close_input_stream()
10-29 22:18:36.682  2016  2220 D r_submix: submix_audio_device_release_pipe_l(idx=9) addr=0
10-29 22:18:36.682  2016  2220 D r_submix: submix_audio_device_destroy_pipe_l(): pipe destroyed
10-29 22:18:36.715  2199  2199 W MediaCodecsXmlParser: unable to open media codecs configuration xml file: /data/misc/media/media_codecs_profiling_results.xml
10-29 22:18:36.715  2199  2199 W MediaCodecsXmlParser: parseTopLevelXMLFile(/data/misc/media/media_codecs_profiling_results.xml) failed
10-29 22:18:36.715  2199  2199 I ServiceManagement: Removing namespace from process name android.hardware.media.omx@1.0-service to omx@1.0-service.
10-29 22:18:36.776  1914  1951 D VehicleHalImpl: ENV_OUTSIDE_TEMPERATURE | 0x00000703 | Area: 0x1000000 | NOTIFY | float { 0 } 
10-29 22:18:36.776  1914  1951 D VehicleHalImpl: GEAR_SELECTION | 0x00000400 | Area: 0x1000000 | NOTIFY | int32_t { 2 } 
10-29 22:18:36.776  1914  1951 D VehicleHalImpl: OPERATION_POWER_STATE | 0x000005c9 | Area: 0x1000000 | NOTIFY | int32_t { 4 } 
10-29 22:18:36.792  1914  1953 E vfrpc   : VfrRpcException :msg='getProp wait respond timeout over 200 ms!'
10-29 22:18:36.792  1914  1953 E VehicleHalImpl: queryPropertyData: R7 Sevice failed with exception
10-29 22:18:36.802  1914  1953 D VehicleHalImpl: queryPropertyData: INFO_MODEL_VARIANT | 0x2110010b | areaId: 0 QUERY
10-29 22:18:36.826  1914  1953 D VehicleHalImpl: queryPropertyData: INFO_MODEL_VARIANT | 0x2110010b | areaId: 0 | RESULT string { PLUS }
10-29 22:18:36.836  1914  1953 D VehicleHalImpl: queryPropertyData: INFO_MARKET | 0x2110010c | areaId: 0 QUERY
10-29 22:18:36.838  1914  1951 D VehicleHalImpl: ENV_OUTSIDE_TEMPERATURE | 0x00000703 | Area: 0x1000000 | NOTIFY | float { 0 } 
10-29 22:18:36.838  1914  1951 D VehicleHalImpl: STEERING_ANGLE | 0x00000200 | Area: 0x1000000 | NOTIFY | float { -0.0026 } 
10-29 22:18:36.838  1914  1951 D VehicleHalImpl: PERF_ODOMETER | 0x00000204 | Area: 0x1000000 | NOTIFY | float { 0 } 
10-29 22:18:36.838  1914  1951 D VehicleHalImpl: PERF_VEHICLE_SPEED | 0x00000207 | Area: 0x1000000 | NOTIFY | float { 0 } 
10-29 22:18:36.838  1914  1951 D VehicleHalImpl: GEAR_SELECTION | 0x00000400 | Area: 0x1000000 | NOTIFY | int32_t { 2 } 
10-29 22:18:36.838  1914  1951 D VehicleHalImpl: ENGINE_RPM | 0x00000305 | Area: 0x1000000 | NOTIFY | float { 0 } 
10-29 22:18:36.858  2196  2207 I ServiceManager: Waiting for service package_native...
10-29 22:18:36.883  1914  1951 D VehicleHalImpl: FUEL_LEVEL | 0x00000307 | Area: 0x1000000 | NOTIFY | float { 0 } 
10-29 22:18:36.883  1914  1951 D VehicleHalImpl: OPERATION_POWER_STATE | 0x000005c9 | Area: 0x1000000 | NOTIFY | int32_t { 4 } 
10-29 22:18:36.883  1914  1953 D VehicleHalImpl: queryPropertyData: INFO_MARKET | 0x2110010c | areaId: 0 | RESULT string { VIET NAM }
10-29 22:18:36.894  1914  1953 D VehicleHalImpl: queryPropertyData: INFO_TYPE | 0x2110010d | areaId: 0 QUERY
10-29 22:18:36.951  1914  1951 D VehicleHalImpl: ENV_OUTSIDE_TEMPERATURE | 0x00000703 | Area: 0x1000000 | NOTIFY | float { 0 } 
10-29 22:18:36.951  1914  1951 D VehicleHalImpl: GEAR_SELECTION | 0x00000400 | Area: 0x1000000 | NOTIFY | int32_t { 2 } 
10-29 22:18:36.951  1914  1951 D VehicleHalImpl: OPERATION_POWER_STATE | 0x000005c9 | Area: 0x1000000 | NOTIFY | int32_t { 4 } 
10-29 22:18:36.951  1914  1953 D VehicleHalImpl: queryPropertyData: INFO_TYPE | 0x2110010d | areaId: 0 | RESULT string { GASOLINE }
10-29 22:18:36.961  1914  1953 D VehicleHalImpl: queryPropertyData: INFO_SW_VERSION | 0x2110010e | areaId: 0 QUERY
10-29 22:18:36.964  2071  2071 D SurfaceFlinger: shader cache generated - 24 shaders in 269.424500 ms
10-29 22:18:36.967  2071  2071 D SurfaceFlinger: Set power mode=2, type=0 flinger=0xe3e605858000
10-29 22:18:36.967  2071  2071 D SurfaceFlinger: Finished set power mode=2, type=0
10-29 22:18:36.976  1914  1953 D VehicleHalImpl: queryPropertyData: INFO_SW_VERSION | 0x2110010e | areaId: 0 | RESULT string { V32.00.32    }
10-29 22:18:36.986  1914  1953 D VehicleHalImpl: queryPropertyData: INFO_HW_VERSION | 0x2110010f | areaId: 0 QUERY
10-29 22:18:37.052  1914  1951 D VehicleHalImpl: ENV_OUTSIDE_TEMPERATURE | 0x00000703 | Area: 0x1000000 | NOTIFY | float { 0 } 
10-29 22:18:37.052  1914  1951 D VehicleHalImpl: GEAR_SELECTION | 0x00000400 | Area: 0x1000000 | NOTIFY | int32_t { 2 } 
10-29 22:18:37.052  1914  1951 D VehicleHalImpl: OPERATION_POWER_STATE | 0x000005c9 | Area: 0x1000000 | NOTIFY | int32_t { 4 } 
10-29 22:18:37.052  1914  1953 D VehicleHalImpl: queryPropertyData: INFO_HW_VERSION | 0x2110010f | areaId: 0 | RESULT string { VF32.B3    }
10-29 22:18:37.062  1914  1953 D VehicleHalImpl: queryPropertyData: INFO_DBC_VERSION | 0x21100110 | areaId: 0 QUERY
10-29 22:18:37.076  1914  1953 D VehicleHalImpl: queryPropertyData: INFO_DBC_VERSION | 0x21100110 | areaId: 0 | RESULT string { 4.0.44 }
10-29 22:18:37.081  2199  2199 W MediaCodecsXmlParser: unable to open media codecs configuration xml file: /data/misc/media/media_codecs_profiling_results.xml
10-29 22:18:37.081  2199  2199 W MediaCodecsXmlParser: parseTopLevelXMLFile(/data/misc/media/media_codecs_profiling_results.xml) failed
10-29 22:18:37.081  2199  2199 I ServiceManagement: Removing namespace from process name android.hardware.media.omx@1.0-service to omx@1.0-service.
10-29 22:18:37.083  2199  2199 I media.codec: IOmx HAL service created.
10-29 22:18:37.087  1914  1953 D VehicleHalImpl: queryPropertyData: INFO_CR7_SW | 0x21108200 | areaId: 0 QUERY
10-29 22:18:37.151  1914  1951 D VehicleHalImpl: ENV_OUTSIDE_TEMPERATURE | 0x00000703 | Area: 0x1000000 | NOTIFY | float { 0 } 
10-29 22:18:37.152  1914  1951 D VehicleHalImpl: GEAR_SELECTION | 0x00000400 | Area: 0x1000000 | NOTIFY | int32_t { 2 } 
10-29 22:18:37.152  1914  1951 D VehicleHalImpl: OPERATION_POWER_STATE | 0x000005c9 | Area: 0x1000000 | NOTIFY | int32_t { 4 } 
10-29 22:18:37.152  1914  1953 D VehicleHalImpl: queryPropertyData: INFO_CR7_SW | 0x21108200 | areaId: 0 | RESULT 
10-29 22:18:37.162  1914  1953 D VehicleHalImpl: queryPropertyData: STEERING_ANGLE_VALID | 0x21200201 | areaId: 0 QUERY
10-29 22:18:37.176  1914  1953 D VehicleHalImpl: queryPropertyData: STEERING_ANGLE_VALID | 0x21200201 | areaId: 0 | RESULT int32_t { 0 } 
10-29 22:18:37.187  1914  1953 D VehicleHalImpl: queryPropertyData: EV_SLOW_CHARGE_GUN_IN | 0x2120020b | areaId: 0 QUERY
10-29 22:18:37.277  1914  1951 D VehicleHalImpl: ENV_OUTSIDE_TEMPERATURE | 0x00000703 | Area: 0x1000000 | NOTIFY | float { 0 } 
10-29 22:18:37.277  1914  1953 D VehicleHalImpl: queryPropertyData: EV_SLOW_CHARGE_GUN_IN | 0x2120020b | areaId: 0 | RESULT int32_t { 0 } 
10-29 22:18:37.277  1914  1951 D VehicleHalImpl: GEAR_SELECTION | 0x00000400 | Area: 0x1000000 | NOTIFY | int32_t { 2 } 
10-29 22:18:37.277  1914  1951 D VehicleHalImpl: OPERATION_POWER_STATE | 0x000005c9 | Area: 0x1000000 | NOTIFY | int32_t { 4 } 
10-29 22:18:37.287  1914  1953 D VehicleHalImpl: queryPropertyData: EV_FAST_CHARGE_GUN_IN | 0x2120020c | areaId: 0 QUERY
10-29 22:18:37.352  1914  1951 D VehicleHalImpl: ENV_OUTSIDE_TEMPERATURE | 0x00000703 | Area: 0x1000000 | NOTIFY | float { 0 } 
10-29 22:18:37.352  1914  1951 D VehicleHalImpl: STEERING_ANGLE | 0x00000200 | Area: 0x1000000 | NOTIFY | float { -0.0026 } 
10-29 22:18:37.352  1914  1951 D VehicleHalImpl: PERF_ODOMETER | 0x00000204 | Area: 0x1000000 | NOTIFY | float { 0 } 
10-29 22:18:37.352  1914  1951 D VehicleHalImpl: PERF_VEHICLE_SPEED | 0x00000207 | Area: 0x1000000 | NOTIFY | float { 0 } 
10-29 22:18:37.352  1914  1951 D VehicleHalImpl: GEAR_SELECTION | 0x00000400 | Area: 0x1000000 | NOTIFY | int32_t { 2 } 
10-29 22:18:37.352  1914  1951 D VehicleHalImpl: ENGINE_RPM | 0x00000305 | Area: 0x1000000 | NOTIFY | float { 0 } 
10-29 22:18:37.352  1914  1951 D VehicleHalImpl: FUEL_LEVEL | 0x00000307 | Area: 0x1000000 | NOTIFY | float { 0 } 
10-29 22:18:37.352  1914  1951 D VehicleHalImpl: OPERATION_POWER_STATE | 0x000005c9 | Area: 0x1000000 | NOTIFY | int32_t { 4 } 
10-29 22:18:37.352  1914  1953 D VehicleHalImpl: queryPropertyData: EV_FAST_CHARGE_GUN_IN | 0x2120020c | areaId: 0 | RESULT int32_t { 0 } 
10-29 22:18:37.363  1914  1953 D VehicleHalImpl: queryPropertyData: EV_IS_CHARGING | 0x21200216 | areaId: 0 QUERY
10-29 22:18:37.377  1914  1953 D VehicleHalImpl: queryPropertyData: EV_IS_CHARGING | 0x21200216 | areaId: 0 | RESULT int32_t { 0 } 
10-29 22:18:37.378  2266  2269 D libEGL  : loaded /vendor/lib64/egl/libEGL_POWERVR_ROGUE.so
10-29 22:18:37.387  1914  1953 D VehicleHalImpl: queryPropertyData: HUD_ON | 0x2120023a | areaId: 0 QUERY
10-29 22:18:37.387  2266  2269 D libEGL  : loaded /vendor/lib64/egl/libGLESv1_CM_POWERVR_ROGUE.so
10-29 22:18:37.418  2266  2269 D libEGL  : loaded /vendor/lib64/egl/libGLESv2_POWERVR_ROGUE.so
10-29 22:18:37.449  2266  2269 I ConfigStore: android::hardware::configstore::V1_0::ISurfaceFlingerConfigs::hasWideColorDisplay retrieved: 0
10-29 22:18:37.449  2266  2269 I ConfigStore: android::hardware::configstore::V1_0::ISurfaceFlingerConfigs::hasHDRDisplay retrieved: 0
10-29 22:18:37.477  1914  1951 D VehicleHalImpl: ENV_OUTSIDE_TEMPERATURE | 0x00000703 | Area: 0x1000000 | NOTIFY | float { 0 } 
10-29 22:18:37.477  1914  1951 D VehicleHalImpl: GEAR_SELECTION | 0x00000400 | Area: 0x1000000 | NOTIFY | int32_t { 2 } 
10-29 22:18:37.477  1914  1951 D VehicleHalImpl: OPERATION_POWER_STATE | 0x000005c9 | Area: 0x1000000 | NOTIFY | int32_t { 4 } 
10-29 22:18:37.478  1914  1953 D VehicleHalImpl: queryPropertyData: HUD_ON | 0x2120023a | areaId: 0 | RESULT int32_t { 0 } 
10-29 22:18:37.488  1914  1953 D VehicleHalImpl: queryPropertyData: HUD_ADJUST_POSITION | 0x2120023d | areaId: 0 QUERY
10-29 22:18:37.488  2067  2075 I sd_stub : [info   ] SD OFFER - service 111A:0, version 0.FFFFFFFF, ttl: 3C, mcast: true, sid: 1E : @192.168.57.1, TCP: 4378; 
10-29 22:18:37.489  2067  2075 D sd_stub : [debug  ] Response subscribe to 111A:0, 1 subscribers
10-29 22:18:37.489  2067  2075 I sd_stub : [info   ] SD OFFER - service 1111:0, version 0.FFFFFFFF, ttl: 3C, mcast: true, sid: 1E : @192.168.57.1, TCP: 4369; 
10-29 22:18:37.509  2067  2075 I sd_stub : [info   ] SD SUBSCRIBE_ACK - service: 111A:0, version: 0, group_id: 1, TTL: 3C, mcast: false, sid: A, counter: 0
10-29 22:18:37.509  2067  2075 D sd_stub : [debug  ] sd_handle_event_ack - send to PID: 1914
10-29 22:18:37.509  1914  1948 D VehicleHalSomeip: [debug  ] [SdProxy] AS_RESPONSE_SUBSCRIBE - client 111A, service: 111A, instance: 0, group: 1, tcp: 45242, udp: 0, pid: 0, result: true
10-29 22:18:37.509  1914  1948 D VehicleHalSomeip: [debug  ] Subscribe to service: 111A:0, group: 1 result: true
10-29 22:18:37.552  1914  1951 D VehicleHalImpl: ENV_OUTSIDE_TEMPERATURE | 0x00000703 | Area: 0x1000000 | NOTIFY | float { 0 } 
10-29 22:18:37.552  1914  1951 D VehicleHalImpl: GEAR_SELECTION | 0x00000400 | Area: 0x1000000 | NOTIFY | int32_t { 2 } 
10-29 22:18:37.552  1914  1951 D VehicleHalImpl: OPERATION_POWER_STATE | 0x000005c9 | Area: 0x1000000 | NOTIFY | int32_t { 4 } 
10-29 22:18:37.552  1914  1953 D VehicleHalImpl: queryPropertyData: HUD_ADJUST_POSITION | 0x2120023d | areaId: 0 | RESULT int32_t { 0 } 
10-29 22:18:37.563  1914  1953 D VehicleHalImpl: queryPropertyData: FRONT_FOG_LAMP_SWITCH | 0x21200522 | areaId: 0 QUERY
10-29 22:18:37.577  1914  1953 D VehicleHalImpl: queryPropertyData: FRONT_FOG_LAMP_SWITCH | 0x21200522 | areaId: 0 | RESULT int32_t { 0 } 
10-29 22:18:37.587  1914  1953 D VehicleHalImpl: queryPropertyData: REAR_FOG_LAMP_SWITCH | 0x21200523 | areaId: 0 QUERY
10-29 22:18:37.678  1914  1951 D VehicleHalImpl: ENV_OUTSIDE_TEMPERATURE | 0x00000703 | Area: 0x1000000 | NOTIFY | float { 0 } 
10-29 22:18:37.678  1914  1951 D VehicleHalImpl: GEAR_SELECTION | 0x00000400 | Area: 0x1000000 | NOTIFY | int32_t { 2 } 
10-29 22:18:37.678  1914  1951 D VehicleHalImpl: OPERATION_POWER_STATE | 0x000005c9 | Area: 0x1000000 | NOTIFY | int32_t { 4 } 
10-29 22:18:37.678  1914  1953 D VehicleHalImpl: queryPropertyData: REAR_FOG_LAMP_SWITCH | 0x21200523 | areaId: 0 | RESULT int32_t { 0 } 
10-29 22:18:37.688  1914  1953 D VehicleHalImpl: queryPropertyData: DAYTIME_RUNNING_LIGHT | 0x21200528 | areaId: 0 QUERY
10-29 22:18:37.752  1914  1951 D VehicleHalImpl: ENV_OUTSIDE_TEMPERATURE | 0x00000703 | Area: 0x1000000 | NOTIFY | float { 0 } 
10-29 22:18:37.753  1914  1951 D VehicleHalImpl: GEAR_SELECTION | 0x00000400 | Area: 0x1000000 | NOTIFY | int32_t { 2 } 
10-29 22:18:37.753  1914  1951 D VehicleHalImpl: OPERATION_POWER_STATE | 0x000005c9 | Area: 0x1000000 | NOTIFY | int32_t { 4 } 
10-29 22:18:37.753  1914  1953 D VehicleHalImpl: queryPropertyData: DAYTIME_RUNNING_LIGHT | 0x21200528 | areaId: 0 | RESULT int32_t { 0 } 
10-29 22:18:37.763  1914  1953 D VehicleHalImpl: queryPropertyData: MIRROR_AUTO_MIRROR | 0x21200546 | areaId: 0 QUERY
10-29 22:18:37.778  1914  1953 D VehicleHalImpl: queryPropertyData: MIRROR_AUTO_MIRROR | 0x21200546 | areaId: 0 | RESULT int32_t { 3 } 
10-29 22:18:37.778  1914  1953 I VehicleHalImpl: MIRROR_AUTO_MIRROR | 0x21200546 | areaId: 0 | SET ERROR | int32_t { 3 }  | NOT IN RANGE {0, 1}
10-29 22:18:37.778  1914  1953 I VehicleHalImpl: MIRROR_AUTO_MIRROR | 0x21200546 | areaId: 0 | doSetError
10-29 22:18:37.788  1914  1953 D VehicleHalImpl: queryPropertyData: MIRROR_REVERSE_LINK | 0x21200549 | areaId: 0 QUERY
10-29 22:18:37.862  2196  2207 I ServiceManager: Waiting for service package_native...
10-29 22:18:37.878  1914  1951 D VehicleHalImpl: ENV_OUTSIDE_TEMPERATURE | 0x00000703 | Area: 0x1000000 | NOTIFY | float { 0 } 
10-29 22:18:37.878  1914  1951 D VehicleHalImpl: STEERING_ANGLE | 0x00000200 | Area: 0x1000000 | NOTIFY | float { -0.0026 } 
10-29 22:18:37.878  1914  1951 D VehicleHalImpl: PERF_ODOMETER | 0x00000204 | Area: 0x1000000 | NOTIFY | float { 0 } 
10-29 22:18:37.878  1914  1951 D VehicleHalImpl: PERF_VEHICLE_SPEED | 0x00000207 | Area: 0x1000000 | NOTIFY | float { 0 } 
10-29 22:18:37.878  1914  1951 D VehicleHalImpl: GEAR_SELECTION | 0x00000400 | Area: 0x1000000 | NOTIFY | int32_t { 2 } 
10-29 22:18:37.878  1914  1951 D VehicleHalImpl: ENGINE_RPM | 0x00000305 | Area: 0x1000000 | NOTIFY | float { 0 } 
10-29 22:18:37.878  1914  1951 D VehicleHalImpl: FUEL_LEVEL | 0x00000307 | Area: 0x1000000 | NOTIFY | float { 0 } 
10-29 22:18:37.878  1914  1951 D VehicleHalImpl: OPERATION_POWER_STATE | 0x000005c9 | Area: 0x1000000 | NOTIFY | int32_t { 4 } 
10-29 22:18:37.879  1914  1953 D VehicleHalImpl: queryPropertyData: MIRROR_REVERSE_LINK | 0x21200549 | areaId: 0 | RESULT int32_t { 1 } 
10-29 22:18:37.889  1914  1953 D VehicleHalImpl: queryPropertyData: AUTO_REAR_WIPER | 0x21200552 | areaId: 0 QUERY
10-29 22:18:37.953  1914  1951 D VehicleHalImpl: ENV_OUTSIDE_TEMPERATURE | 0x00000703 | Area: 0x1000000 | NOTIFY | float { 0 } 
10-29 22:18:37.953  1914  1951 D VehicleHalImpl: GEAR_SELECTION | 0x00000400 | Area: 0x1000000 | NOTIFY | int32_t { 2 } 
10-29 22:18:37.953  1914  1951 D VehicleHalImpl: OPERATION_POWER_STATE | 0x000005c9 | Area: 0x1000000 | NOTIFY | int32_t { 4 } 
10-29 22:18:37.953  1914  1953 D VehicleHalImpl: queryPropertyData: AUTO_REAR_WIPER | 0x21200552 | areaId: 0 | RESULT int32_t { 1 } 
10-29 22:18:37.963  1914  1953 D VehicleHalImpl: queryPropertyData: ADAS_FCW_CONFIRM | 0x21200566 | areaId: 0 QUERY
10-29 22:18:38.078  1914  1951 D VehicleHalImpl: ENV_OUTSIDE_TEMPERATURE | 0x00000703 | Area: 0x1000000 | NOTIFY | float { 0 } 
10-29 22:18:38.078  1914  1951 D VehicleHalImpl: GEAR_SELECTION | 0x00000400 | Area: 0x1000000 | NOTIFY | int32_t { 2 } 
10-29 22:18:38.079  1914  1951 D VehicleHalImpl: OPERATION_POWER_STATE | 0x000005c9 | Area: 0x1000000 | NOTIFY | int32_t { 4 } 
10-29 22:18:38.153  1914  1951 D VehicleHalImpl: ENV_OUTSIDE_TEMPERATURE | 0x00000703 | Area: 0x1000000 | NOTIFY | float { 0 } 
10-29 22:18:38.153  1914  1951 D VehicleHalImpl: GEAR_SELECTION | 0x00000400 | Area: 0x1000000 | NOTIFY | int32_t { 2 } 
10-29 22:18:38.153  1914  1951 D VehicleHalImpl: OPERATION_POWER_STATE | 0x000005c9 | Area: 0x1000000 | NOTIFY | int32_t { 4 } 
10-29 22:18:38.163  1914  1953 E vfrpc   : VfrRpcException :msg='getProp wait respond timeout over 200 ms!'
10-29 22:18:38.164  1914  1953 E VehicleHalImpl: queryPropertyData: R7 Sevice failed with exception
10-29 22:18:38.174  1914  1953 D VehicleHalImpl: queryPropertyData: ADAS_AEB_CONFIRM | 0x21200567 | areaId: 0 QUERY
10-29 22:18:38.279  1914  1951 D VehicleHalImpl: ENV_OUTSIDE_TEMPERATURE | 0x00000703 | Area: 0x1000000 | NOTIFY | float { 0 } 
10-29 22:18:38.279  1914  1951 D VehicleHalImpl: GEAR_SELECTION | 0x00000400 | Area: 0x1000000 | NOTIFY | int32_t { 2 } 
10-29 22:18:38.279  1914  1951 D VehicleHalImpl: OPERATION_POWER_STATE | 0x000005c9 | Area: 0x1000000 | NOTIFY | int32_t { 4 } 
10-29 22:18:38.375  1914  1953 E vfrpc   : VfrRpcException :msg='getProp wait respond timeout over 200 ms!'
10-29 22:18:38.375  1914  1953 E VehicleHalImpl: queryPropertyData: R7 Sevice failed with exception
10-29 22:18:38.379  1914  1951 D VehicleHalImpl: ENV_OUTSIDE_TEMPERATURE | 0x00000703 | Area: 0x1000000 | NOTIFY | float { 0 } 
10-29 22:18:38.379  1914  1951 D VehicleHalImpl: STEERING_ANGLE | 0x00000200 | Area: 0x1000000 | NOTIFY | float { -0.0026 } 
10-29 22:18:38.379  1914  1951 D VehicleHalImpl: PERF_ODOMETER | 0x00000204 | Area: 0x1000000 | NOTIFY | float { 0 } 
10-29 22:18:38.379  1914  1951 D VehicleHalImpl: PERF_VEHICLE_SPEED | 0x00000207 | Area: 0x1000000 | NOTIFY | float { 0 } 
10-29 22:18:38.379  1914  1951 D VehicleHalImpl: GEAR_SELECTION | 0x00000400 | Area: 0x1000000 | NOTIFY | int32_t { 2 } 
10-29 22:18:38.380  1914  1951 D VehicleHalImpl: ENGINE_RPM | 0x00000305 | Area: 0x1000000 | NOTIFY | float { 0 } 
10-29 22:18:38.380  1914  1951 D VehicleHalImpl: FUEL_LEVEL | 0x00000307 | Area: 0x1000000 | NOTIFY | float { 0 } 
10-29 22:18:38.380  1914  1951 D VehicleHalImpl: OPERATION_POWER_STATE | 0x000005c9 | Area: 0x1000000 | NOTIFY | int32_t { 4 } 
10-29 22:18:38.385  1914  1953 D VehicleHalImpl: queryPropertyData: ADAS_BSD_ON | 0x2120056d | areaId: 0 QUERY
10-29 22:18:38.404  1914  1953 D VehicleHalImpl: queryPropertyData: ADAS_BSD_ON | 0x2120056d | areaId: 0 | RESULT int32_t { 0 } 
10-29 22:18:38.414  1914  1953 D VehicleHalImpl: queryPropertyData: ADAS_RCTA_ON | 0x2120056e | areaId: 0 QUERY
10-29 22:18:38.454  1914  1951 D VehicleHalImpl: ENV_OUTSIDE_TEMPERATURE | 0x00000703 | Area: 0x1000000 | NOTIFY | float { 0 } 
10-29 22:18:38.454  1914  1951 D VehicleHalImpl: GEAR_SELECTION | 0x00000400 | Area: 0x1000000 | NOTIFY | int32_t { 2 } 
10-29 22:18:38.454  1914  1951 D VehicleHalImpl: OPERATION_POWER_STATE | 0x000005c9 | Area: 0x1000000 | NOTIFY | int32_t { 4 } 
10-29 22:18:38.454  1914  1953 D VehicleHalImpl: queryPropertyData: ADAS_RCTA_ON | 0x2120056e | areaId: 0 | RESULT int32_t { 0 } 
10-29 22:18:38.464  1914  1953 D VehicleHalImpl: queryPropertyData: ADAS_AEB_MODE_FEED | 0x21200578 | areaId: 0 QUERY
10-29 22:18:38.482  1914  1953 D VehicleHalImpl: queryPropertyData: ADAS_AEB_MODE_FEED | 0x21200578 | areaId: 0 | RESULT int32_t { 0 } 
10-29 22:18:38.490  2067  2075 I sd_stub : [info   ] SD OFFER - service 111A:0, version 0.FFFFFFFF, ttl: 3C, mcast: true, sid: 1F : @192.168.57.1, TCP: 4378; 
10-29 22:18:38.491  2067  2075 D sd_stub : [debug  ] Response subscribe to 111A:0, 1 subscribers
10-29 22:18:38.491  2067  2075 I sd_stub : [info   ] SD OFFER - service 1111:0, version 0.FFFFFFFF, ttl: 3C, mcast: true, sid: 1F : @192.168.57.1, TCP: 4369; 
10-29 22:18:38.493  1914  1953 D VehicleHalImpl: queryPropertyData: ADAS_PA_ON | 0x21200581 | areaId: 0 QUERY
10-29 22:18:38.498  2266  2269 D BootAnimation: BootAnimationShownTiming start time: 10944ms
10-29 22:18:38.510  2067  2075 I sd_stub : [info   ] SD SUBSCRIBE_ACK - service: 111A:0, version: 0, group_id: 1, TTL: 3C, mcast: false, sid: B, counter: 0
10-29 22:18:38.510  2067  2075 D sd_stub : [debug  ] sd_handle_event_ack - send to PID: 1914
10-29 22:18:38.510  1914  1948 D VehicleHalSomeip: [debug  ] [SdProxy] AS_RESPONSE_SUBSCRIBE - client 111A, service: 111A, instance: 0, group: 1, tcp: 45242, udp: 0, pid: 0, result: true
10-29 22:18:38.510  1914  1948 D VehicleHalSomeip: [debug  ] Subscribe to service: 111A:0, group: 1 result: true
10-29 22:18:38.554  1914  1951 D VehicleHalImpl: ENV_OUTSIDE_TEMPERATURE | 0x00000703 | Area: 0x1000000 | NOTIFY | float { 0 } 
10-29 22:18:38.554  1914  1951 D VehicleHalImpl: GEAR_SELECTION | 0x00000400 | Area: 0x1000000 | NOTIFY | int32_t { 2 } 
10-29 22:18:38.554  1914  1951 D VehicleHalImpl: OPERATION_POWER_STATE | 0x000005c9 | Area: 0x1000000 | NOTIFY | int32_t { 4 } 
10-29 22:18:38.654  1914  1951 D VehicleHalImpl: ENV_OUTSIDE_TEMPERATURE | 0x00000703 | Area: 0x1000000 | NOTIFY | float { 0 } 
10-29 22:18:38.654  1914  1951 D VehicleHalImpl: GEAR_SELECTION | 0x00000400 | Area: 0x1000000 | NOTIFY | int32_t { 2 } 
10-29 22:18:38.655  1914  1951 D VehicleHalImpl: OPERATION_POWER_STATE | 0x000005c9 | Area: 0x1000000 | NOTIFY | int32_t { 4 } 
10-29 22:18:38.671  2071  2071 I SurfaceFlinger: Enter boot animation
10-29 22:18:38.693  1914  1953 E vfrpc   : VfrRpcException :msg='getProp wait respond timeout over 200 ms!'
10-29 22:18:38.693  1914  1953 E VehicleHalImpl: queryPropertyData: R7 Sevice failed with exception
10-29 22:18:38.704  1914  1953 D VehicleHalImpl: queryPropertyData: ADAS_AHB_ON | 0x21200583 | areaId: 0 QUERY
10-29 22:18:38.730  1914  1953 D VehicleHalImpl: queryPropertyData: ADAS_AHB_ON | 0x21200583 | areaId: 0 | RESULT int32_t { 0 } 
10-29 22:18:38.741  1914  1953 D VehicleHalImpl: queryPropertyData: ADAS_DOW_ON | 0x21200584 | areaId: 0 QUERY
10-29 22:18:38.743  1914  1951 D VehicleHalImpl: ENV_OUTSIDE_TEMPERATURE | 0x00000703 | Area: 0x1000000 | NOTIFY | float { 0 } 
10-29 22:18:38.743  1914  1951 D VehicleHalImpl: GEAR_SELECTION | 0x00000400 | Area: 0x1000000 | NOTIFY | int32_t { 2 } 
10-29 22:18:38.787  1914  1951 D VehicleHalImpl: OPERATION_POWER_STATE | 0x000005c9 | Area: 0x1000000 | NOTIFY | int32_t { 4 } 
10-29 22:18:38.787  1914  1953 D VehicleHalImpl: queryPropertyData: ADAS_DOW_ON | 0x21200584 | areaId: 0 | RESULT int32_t { 0 } 
10-29 22:18:38.797  1914  1953 D VehicleHalImpl: queryPropertyData: ADAS_OBJECT_DETECTED | 0x2120058c | areaId: 0 QUERY
10-29 22:18:38.855  1914  1951 D VehicleHalImpl: ENV_OUTSIDE_TEMPERATURE | 0x00000703 | Area: 0x1000000 | NOTIFY | float { 0 } 
10-29 22:18:38.855  1914  1951 D VehicleHalImpl: STEERING_ANGLE | 0x00000200 | Area: 0x1000000 | NOTIFY | float { -0.0026 } 
10-29 22:18:38.855  1914  1951 D VehicleHalImpl: PERF_ODOMETER | 0x00000204 | Area: 0x1000000 | NOTIFY | float { 0 } 
10-29 22:18:38.855  1914  1951 D VehicleHalImpl: PERF_VEHICLE_SPEED | 0x00000207 | Area: 0x1000000 | NOTIFY | float { 0 } 
10-29 22:18:38.855  1914  1951 D VehicleHalImpl: GEAR_SELECTION | 0x00000400 | Area: 0x1000000 | NOTIFY | int32_t { 2 } 
10-29 22:18:38.855  1914  1951 D VehicleHalImpl: ENGINE_RPM | 0x00000305 | Area: 0x1000000 | NOTIFY | float { 0 } 
10-29 22:18:38.855  1914  1951 D VehicleHalImpl: FUEL_LEVEL | 0x00000307 | Area: 0x1000000 | NOTIFY | float { 0 } 
10-29 22:18:38.855  1914  1951 D VehicleHalImpl: OPERATION_POWER_STATE | 0x000005c9 | Area: 0x1000000 | NOTIFY | int32_t { 4 } 
10-29 22:18:38.855  1914  1953 D VehicleHalImpl: queryPropertyData: ADAS_OBJECT_DETECTED | 0x2120058c | areaId: 0 | RESULT int32_t { 0 } 
10-29 22:18:38.866  1914  1953 D VehicleHalImpl: queryPropertyData: PASSENGER_AIRBAG_ON | 0x2120058f | areaId: 0 QUERY
10-29 22:18:38.880  1914  1953 D VehicleHalImpl: queryPropertyData: PASSENGER_AIRBAG_ON | 0x2120058f | areaId: 0 | RESULT int32_t { 0 } 
10-29 22:18:38.890  1914  1953 D VehicleHalImpl: queryPropertyData: ADAS_TSR_ISA_WARNING | 0x2120059f | areaId: 0 QUERY
10-29 22:18:38.891  2196  2207 I ServiceManager: Waiting for service package_native...
10-29 22:18:38.980  1914  1951 D VehicleHalImpl: ENV_OUTSIDE_TEMPERATURE | 0x00000703 | Area: 0x1000000 | NOTIFY | float { 0 } 
10-29 22:18:38.980  1914  1951 D VehicleHalImpl: GEAR_SELECTION | 0x00000400 | Area: 0x1000000 | NOTIFY | int32_t { 2 } 
10-29 22:18:38.981  1914  1951 D VehicleHalImpl: OPERATION_POWER_STATE | 0x000005c9 | Area: 0x1000000 | NOTIFY | int32_t { 4 } 
10-29 22:18:38.981  1914  1953 D VehicleHalImpl: queryPropertyData: ADAS_TSR_ISA_WARNING | 0x2120059f | areaId: 0 | RESULT int32_t { 0 } 
10-29 22:18:38.991  1914  1953 D VehicleHalImpl: queryPropertyData: ADAS_TSR_TS_1_BLINK | 0x212005a6 | areaId: 0 QUERY
10-29 22:18:39.055  1914  1951 D VehicleHalImpl: ENV_OUTSIDE_TEMPERATURE | 0x00000703 | Area: 0x1000000 | NOTIFY | float { 0 } 
10-29 22:18:39.055  1914  1951 D VehicleHalImpl: GEAR_SELECTION | 0x00000400 | Area: 0x1000000 | NOTIFY | int32_t { 2 } 
10-29 22:18:39.055  1914  1951 D VehicleHalImpl: OPERATION_POWER_STATE | 0x000005c9 | Area: 0x1000000 | NOTIFY | int32_t { 4 } 
10-29 22:18:39.055  1914  1953 D VehicleHalImpl: queryPropertyData: ADAS_TSR_TS_1_BLINK | 0x212005a6 | areaId: 0 | RESULT int32_t { 0 } 
10-29 22:18:39.065  1914  1953 D VehicleHalImpl: queryPropertyData: ADAS_TSR_TS_2_BLINK | 0x212005a7 | areaId: 0 QUERY
10-29 22:18:39.080  1914  1953 D VehicleHalImpl: queryPropertyData: ADAS_TSR_TS_2_BLINK | 0x212005a7 | areaId: 0 | RESULT int32_t { 0 } 
10-29 22:18:39.091  1914  1953 D VehicleHalImpl: queryPropertyData: ADAS_TSR_TS_3_BLINK | 0x212005a8 | areaId: 0 QUERY
10-29 22:18:39.155  1914  1953 D VehicleHalImpl: queryPropertyData: ADAS_TSR_TS_3_BLINK | 0x212005a8 | areaId: 0 | RESULT int32_t { 0 } 
10-29 22:18:39.155  1914  1951 D VehicleHalImpl: ENV_OUTSIDE_TEMPERATURE | 0x00000703 | Area: 0x1000000 | NOTIFY | float { 0 } 
10-29 22:18:39.155  1914  1951 D VehicleHalImpl: GEAR_SELECTION | 0x00000400 | Area: 0x1000000 | NOTIFY | int32_t { 2 } 
10-29 22:18:39.156  1914  1951 D VehicleHalImpl: OPERATION_POWER_STATE | 0x000005c9 | Area: 0x1000000 | NOTIFY | int32_t { 4 } 
10-29 22:18:39.166  1914  1953 D VehicleHalImpl: queryPropertyData: FOOTKICK_SENSOR_ON | 0x212005c3 | areaId: 0 QUERY
10-29 22:18:39.180  1914  1953 D VehicleHalImpl: queryPropertyData: FOOTKICK_SENSOR_ON | 0x212005c3 | areaId: 0 | RESULT int32_t { 0 } 
10-29 22:18:39.191  1914  1953 D VehicleHalImpl: queryPropertyData: AUTO_UNLOCKDOOR_MODE | 0x212005c4 | areaId: 0 QUERY
10-29 22:18:39.281  1914  1951 D VehicleHalImpl: ENV_OUTSIDE_TEMPERATURE | 0x00000703 | Area: 0x1000000 | NOTIFY | float { 0 } 
10-29 22:18:39.281  1914  1953 D VehicleHalImpl: queryPropertyData: AUTO_UNLOCKDOOR_MODE | 0x212005c4 | areaId: 0 | RESULT int32_t { 3 } 
10-29 22:18:39.281  1914  1953 I VehicleHalImpl: AUTO_UNLOCKDOOR_MODE | 0x212005c4 | areaId: 0 | SET ERROR | int32_t { 3 }  | NOT IN RANGE {0, 1}
10-29 22:18:39.281  1914  1953 I VehicleHalImpl: AUTO_UNLOCKDOOR_MODE | 0x212005c4 | areaId: 0 | doSetError
10-29 22:18:39.281  1914  1951 D VehicleHalImpl: GEAR_SELECTION | 0x00000400 | Area: 0x1000000 | NOTIFY | int32_t { 2 } 
10-29 22:18:39.281  1914  1951 D VehicleHalImpl: OPERATION_POWER_STATE | 0x000005c9 | Area: 0x1000000 | NOTIFY | int32_t { 4 } 
10-29 22:18:39.291  1914  1953 D VehicleHalImpl: queryPropertyData: EV_POWER_GAUGE | 0x2140020d | areaId: 0 QUERY
10-29 22:18:39.331  1914  1953 D VehicleHalImpl: queryPropertyData: EV_POWER_GAUGE | 0x2140020d | areaId: 0 | RESULT int32_t { 0 } 
10-29 22:18:39.341  1914  1953 D VehicleHalImpl: queryPropertyData: EV_BATTERY_LEVEL_PERCENT | 0x21400210 | areaId: 0 QUERY
10-29 22:18:39.343  1914  1951 D VehicleHalImpl: ENV_OUTSIDE_TEMPERATURE | 0x00000703 | Area: 0x1000000 | NOTIFY | float { 0 } 
10-29 22:18:39.343  1914  1951 D VehicleHalImpl: STEERING_ANGLE | 0x00000200 | Area: 0x1000000 | NOTIFY | float { -0.0026 } 
10-29 22:18:39.343  1914  1951 D VehicleHalImpl: PERF_ODOMETER | 0x00000204 | Area: 0x1000000 | NOTIFY | float { 0 } 
10-29 22:18:39.343  1914  1951 D VehicleHalImpl: PERF_VEHICLE_SPEED | 0x00000207 | Area: 0x1000000 | NOTIFY | float { 0 } 
10-29 22:18:39.387  1914  1951 D VehicleHalImpl: GEAR_SELECTION | 0x00000400 | Area: 0x1000000 | NOTIFY | int32_t { 2 } 
10-29 22:18:39.387  1914  1951 D VehicleHalImpl: ENGINE_RPM | 0x00000305 | Area: 0x1000000 | NOTIFY | float { 0 } 
10-29 22:18:39.387  1914  1951 D VehicleHalImpl: FUEL_LEVEL | 0x00000307 | Area: 0x1000000 | NOTIFY | float { 0 } 
10-29 22:18:39.387  1914  1951 D VehicleHalImpl: OPERATION_POWER_STATE | 0x000005c9 | Area: 0x1000000 | NOTIFY | int32_t { 4 } 
10-29 22:18:39.388  1914  1953 D VehicleHalImpl: queryPropertyData: EV_BATTERY_LEVEL_PERCENT | 0x21400210 | areaId: 0 | RESULT int32_t { 0 } 
10-29 22:18:39.398  1914  1953 D VehicleHalImpl: queryPropertyData: EV_HV_READY | 0x21400214 | areaId: 0 QUERY
10-29 22:18:39.431  1914  1953 D VehicleHalImpl: queryPropertyData: EV_HV_READY | 0x21400214 | areaId: 0 | RESULT int32_t { 0 } 
10-29 22:18:39.441  1914  1953 D VehicleHalImpl: queryPropertyData: EV_CHARGE_REMAIN_TIME | 0x21400215 | areaId: 0 QUERY
10-29 22:18:39.443  1914  1951 D VehicleHalImpl: ENV_OUTSIDE_TEMPERATURE | 0x00000703 | Area: 0x1000000 | NOTIFY | float { 0 } 
10-29 22:18:39.443  1914  1951 D VehicleHalImpl: GEAR_SELECTION | 0x00000400 | Area: 0x1000000 | NOTIFY | int32_t { 2 } 
10-29 22:18:39.487  1914  1951 D VehicleHalImpl: OPERATION_POWER_STATE | 0x000005c9 | Area: 0x1000000 | NOTIFY | int32_t { 4 } 
10-29 22:18:39.487  1914  1953 D VehicleHalImpl: queryPropertyData: EV_CHARGE_REMAIN_TIME | 0x21400215 | areaId: 0 | RESULT int32_t { 0 } 
10-29 22:18:39.492  2067  2075 I sd_stub : [info   ] SD OFFER - service 111A:0, version 0.FFFFFFFF, ttl: 3C, mcast: true, sid: 20 : @192.168.57.1, TCP: 4378; 
10-29 22:18:39.493  2067  2075 D sd_stub : [debug  ] Response subscribe to 111A:0, 1 subscribers
10-29 22:18:39.493  2067  2075 I sd_stub : [info   ] SD OFFER - service 1111:0, version 0.FFFFFFFF, ttl: 3C, mcast: true, sid: 20 : @192.168.57.1, TCP: 4369; 
10-29 22:18:39.497  1914  1953 D VehicleHalImpl: queryPropertyData: ENGINE_STATE | 0x21400219 | areaId: 0 QUERY
10-29 22:18:39.512  2067  2075 I sd_stub : [info   ] SD SUBSCRIBE_ACK - service: 111A:0, version: 0, group_id: 1, TTL: 3C, mcast: false, sid: C, counter: 0
10-29 22:18:39.512  2067  2075 D sd_stub : [debug  ] sd_handle_event_ack - send to PID: 1914
10-29 22:18:39.513  1914  1948 D VehicleHalSomeip: [debug  ] [SdProxy] AS_RESPONSE_SUBSCRIBE - client 111A, service: 111A, instance: 0, group: 1, tcp: 45242, udp: 0, pid: 0, result: true
10-29 22:18:39.513  1914  1948 D VehicleHalSomeip: [debug  ] Subscribe to service: 111A:0, group: 1 result: true
10-29 22:18:39.531  1914  1953 D VehicleHalImpl: queryPropertyData: ENGINE_STATE | 0x21400219 | areaId: 0 | RESULT int32_t { 0 } 
10-29 22:18:39.542  1914  1953 D VehicleHalImpl: queryPropertyData: EV_CHARGE_PORT_STATE | 0x21400229 | areaId: 0 QUERY
10-29 22:18:39.543  1914  1951 D VehicleHalImpl: ENV_OUTSIDE_TEMPERATURE | 0x00000703 | Area: 0x1000000 | NOTIFY | float { 0 } 
10-29 22:18:39.544  1914  1951 D VehicleHalImpl: GEAR_SELECTION | 0x00000400 | Area: 0x1000000 | NOTIFY | int32_t { 2 } 
10-29 22:18:39.544  1914  1951 D VehicleHalImpl: OPERATION_POWER_STATE | 0x000005c9 | Area: 0x1000000 | NOTIFY | int32_t { 4 } 
10-29 22:18:39.587  1914  1953 D VehicleHalImpl: queryPropertyData: EV_CHARGE_PORT_STATE | 0x21400229 | areaId: 0 | RESULT int32_t { 3 } 
10-29 22:18:39.597  1914  1953 D VehicleHalImpl: queryPropertyData: PRESSURE_UNIT | 0x2140022d | areaId: 0 QUERY
10-29 22:18:39.631  1914  1953 D VehicleHalImpl: queryPropertyData: PRESSURE_UNIT | 0x2140022d | areaId: 0 | RESULT int32_t { 1 } 
10-29 22:18:39.642  1914  1953 D VehicleHalImpl: queryPropertyData: TEMPERATURE_UNIT | 0x2140022e | areaId: 0 QUERY
10-29 22:18:39.643  1914  1951 D VehicleHalImpl: ENV_OUTSIDE_TEMPERATURE | 0x00000703 | Area: 0x1000000 | NOTIFY | float { 0 } 
10-29 22:18:39.644  1914  1951 D VehicleHalImpl: GEAR_SELECTION | 0x00000400 | Area: 0x1000000 | NOTIFY | int32_t { 2 } 
10-29 22:18:39.644  1914  1951 D VehicleHalImpl: OPERATION_POWER_STATE | 0x000005c9 | Area: 0x1000000 | NOTIFY | int32_t { 4 } 
10-29 22:18:39.687  1914  1953 D VehicleHalImpl: queryPropertyData: TEMPERATURE_UNIT | 0x2140022e | areaId: 0 | RESULT int32_t { 0 } 
10-29 22:18:39.697  1914  1953 D VehicleHalImpl: queryPropertyData: FUEL_CONSUMPTION_UNIT | 0x2140022f | areaId: 0 QUERY
10-29 22:18:39.756  1914  1951 D VehicleHalImpl: ENV_OUTSIDE_TEMPERATURE | 0x00000703 | Area: 0x1000000 | NOTIFY | float { 0 } 
10-29 22:18:39.757  1914  1951 D VehicleHalImpl: GEAR_SELECTION | 0x00000400 | Area: 0x1000000 | NOTIFY | int32_t { 2 } 
10-29 22:18:39.757  1914  1951 D VehicleHalImpl: OPERATION_POWER_STATE | 0x000005c9 | Area: 0x1000000 | NOTIFY | int32_t { 4 } 
10-29 22:18:39.757  1914  1953 D VehicleHalImpl: queryPropertyData: FUEL_CONSUMPTION_UNIT | 0x2140022f | areaId: 0 | RESULT int32_t { 0 } 
10-29 22:18:39.767  1914  1953 D VehicleHalImpl: queryPropertyData: DATE_TIME_UNIT | 0x21400230 | areaId: 0 QUERY
10-29 22:18:39.782  1914  1953 D VehicleHalImpl: queryPropertyData: DATE_TIME_UNIT | 0x21400230 | areaId: 0 | RESULT int32_t { 0 } 
10-29 22:18:39.792  1914  1953 D VehicleHalImpl: queryPropertyData: LANGUAGE_UNIT | 0x21400231 | areaId: 0 QUERY
10-29 22:18:39.857  1914  1951 D VehicleHalImpl: ENV_OUTSIDE_TEMPERATURE | 0x00000703 | Area: 0x1000000 | NOTIFY | float { 0 } 
10-29 22:18:39.857  1914  1951 D VehicleHalImpl: STEERING_ANGLE | 0x00000200 | Area: 0x1000000 | NOTIFY | float { -0.0026 } 
10-29 22:18:39.857  1914  1951 D VehicleHalImpl: PERF_ODOMETER | 0x00000204 | Area: 0x1000000 | NOTIFY | float { 0 } 
10-29 22:18:39.857  1914  1953 D VehicleHalImpl: queryPropertyData: LANGUAGE_UNIT | 0x21400231 | areaId: 0 | RESULT int32_t { 0 } 
10-29 22:18:39.859  1914  1951 D VehicleHalImpl: PERF_VEHICLE_SPEED | 0x00000207 | Area: 0x1000000 | NOTIFY | float { 0 } 
10-29 22:18:39.859  1914  1951 D VehicleHalImpl: GEAR_SELECTION | 0x00000400 | Area: 0x1000000 | NOTIFY | int32_t { 2 } 
10-29 22:18:39.859  1914  1951 D VehicleHalImpl: ENGINE_RPM | 0x00000305 | Area: 0x1000000 | NOTIFY | float { 0 } 
10-29 22:18:39.859  1914  1951 D VehicleHalImpl: FUEL_LEVEL | 0x00000307 | Area: 0x1000000 | NOTIFY | float { 0 } 
10-29 22:18:39.859  1914  1951 D VehicleHalImpl: OPERATION_POWER_STATE | 0x000005c9 | Area: 0x1000000 | NOTIFY | int32_t { 4 } 
10-29 22:18:39.868  1914  1953 D VehicleHalImpl: queryPropertyData: HEAD_LAMP_LV | 0x21400233 | areaId: 0 QUERY
10-29 22:18:39.882  1914  1953 D VehicleHalImpl: queryPropertyData: HEAD_LAMP_LV | 0x21400233 | areaId: 0 | RESULT int32_t { 0 } 
10-29 22:18:39.892  1914  1953 D VehicleHalImpl: queryPropertyData: HUD_BRIGHTNESS | 0x21400239 | areaId: 0 QUERY
10-29 22:18:39.896  2196  2207 I ServiceManager: Waiting for service package_native...
10-29 22:18:39.982  1914  1951 D VehicleHalImpl: ENV_OUTSIDE_TEMPERATURE | 0x00000703 | Area: 0x1000000 | NOTIFY | float { 0 } 
10-29 22:18:39.982  1914  1951 D VehicleHalImpl: GEAR_SELECTION | 0x00000400 | Area: 0x1000000 | NOTIFY | int32_t { 2 } 
10-29 22:18:39.982  1914  1951 D VehicleHalImpl: OPERATION_POWER_STATE | 0x000005c9 | Area: 0x1000000 | NOTIFY | int32_t { 4 } 
10-29 22:18:39.983  1914  1953 D VehicleHalImpl: queryPropertyData: HUD_BRIGHTNESS | 0x21400239 | areaId: 0 | RESULT int32_t { 5 } 
10-29 22:18:39.993  1914  1953 D VehicleHalImpl: queryPropertyData: HUD_CONTENT | 0x2140023b | areaId: 0 QUERY
10-29 22:18:40.057  1914  1951 D VehicleHalImpl: ENV_OUTSIDE_TEMPERATURE | 0x00000703 | Area: 0x1000000 | NOTIFY | float { 0 } 
10-29 22:18:40.057  1914  1951 D VehicleHalImpl: GEAR_SELECTION | 0x00000400 | Area: 0x1000000 | NOTIFY | int32_t { 2 } 
10-29 22:18:40.057  1914  1951 D VehicleHalImpl: OPERATION_POWER_STATE | 0x000005c9 | Area: 0x1000000 | NOTIFY | int32_t { 4 } 
10-29 22:18:40.057  1914  1953 D VehicleHalImpl: queryPropertyData: HUD_CONTENT | 0x2140023b | areaId: 0 | RESULT int32_t { 0 } 
10-29 22:18:40.067  1914  1953 D VehicleHalImpl: queryPropertyData: HUD_COLOR | 0x2140023c | areaId: 0 QUERY
10-29 22:18:40.108  1914  1953 D VehicleHalImpl: queryPropertyData: HUD_COLOR | 0x2140023c | areaId: 0 | RESULT int32_t { 0 } 
10-29 22:18:40.118  1914  1953 D VehicleHalImpl: queryPropertyData: HUD_HEIGHT_LVL | 0x2140023e | areaId: 0 QUERY
10-29 22:18:40.157  1914  1951 D VehicleHalImpl: ENV_OUTSIDE_TEMPERATURE | 0x00000703 | Area: 0x1000000 | NOTIFY | float { 0 } 
10-29 22:18:40.157  1914  1951 D VehicleHalImpl: GEAR_SELECTION | 0x00000400 | Area: 0x1000000 | NOTIFY | int32_t { 2 } 
10-29 22:18:40.157  1914  1951 D VehicleHalImpl: OPERATION_POWER_STATE | 0x000005c9 | Area: 0x1000000 | NOTIFY | int32_t { 4 } 
10-29 22:18:40.158  1914  1953 D VehicleHalImpl: queryPropertyData: HUD_HEIGHT_LVL | 0x2140023e | areaId: 0 | RESULT int32_t { 11 } 
10-29 22:18:40.158  1914  1953 I VehicleHalImpl: HUD_HEIGHT_LVL | 0x2140023e | areaId: 0 | SET ERROR | int32_t { 11 }  | NOT IN RANGE {0, 3}
10-29 22:18:40.158  1914  1953 I VehicleHalImpl: HUD_HEIGHT_LVL | 0x2140023e | areaId: 0 | doSetError
10-29 22:18:40.168  1914  1953 D VehicleHalImpl: queryPropertyData: HUD_ROTATE_LVL | 0x2140023f | areaId: 0 QUERY
10-29 22:18:40.182  1914  1953 D VehicleHalImpl: queryPropertyData: HUD_ROTATE_LVL | 0x2140023f | areaId: 0 | RESULT int32_t { 0 } 
10-29 22:18:40.192  1914  1953 D VehicleHalImpl: queryPropertyData: HUD_UI_SIZE | 0x21400240 | areaId: 0 QUERY
10-29 22:18:40.258  1914  1951 D VehicleHalImpl: ENV_OUTSIDE_TEMPERATURE | 0x00000703 | Area: 0x1000000 | NOTIFY | float { 0 } 
10-29 22:18:40.258  1914  1951 D VehicleHalImpl: GEAR_SELECTION | 0x00000400 | Area: 0x1000000 | NOTIFY | int32_t { 2 } 
10-29 22:18:40.258  1914  1951 D VehicleHalImpl: OPERATION_POWER_STATE | 0x000005c9 | Area: 0x1000000 | NOTIFY | int32_t { 4 } 
10-29 22:18:40.258  1914  1953 D VehicleHalImpl: queryPropertyData: HUD_UI_SIZE | 0x21400240 | areaId: 0 | RESULT int32_t { 0 } 
10-29 22:18:40.268  1914  1953 D VehicleHalImpl: queryPropertyData: MILEAGE_UNIT | 0x21400251 | areaId: 0 QUERY
10-29 22:18:40.282  1914  1953 D VehicleHalImpl: queryPropertyData: MILEAGE_UNIT | 0x21400251 | areaId: 0 | RESULT int32_t { 0 } 
10-29 22:18:40.293  1914  1953 D VehicleHalImpl: queryPropertyData: AUTO_EXTERIOR_LIGHT | 0x21400520 | areaId: 0 QUERY
10-29 22:18:40.358  1914  1953 D VehicleHalImpl: queryPropertyData: AUTO_EXTERIOR_LIGHT | 0x21400520 | areaId: 0 | RESULT int32_t { 3 } 
10-29 22:18:40.358  1914  1951 D VehicleHalImpl: ENV_OUTSIDE_TEMPERATURE | 0x00000703 | Area: 0x1000000 | NOTIFY | float { 0 } 
10-29 22:18:40.358  1914  1951 D VehicleHalImpl: STEERING_ANGLE | 0x00000200 | Area: 0x1000000 | NOTIFY | float { -0.0026 } 
10-29 22:18:40.358  1914  1951 D VehicleHalImpl: PERF_ODOMETER | 0x00000204 | Area: 0x1000000 | NOTIFY | float { 0 } 
10-29 22:18:40.358  1914  1951 D VehicleHalImpl: PERF_VEHICLE_SPEED | 0x00000207 | Area: 0x1000000 | NOTIFY | float { 0 } 
10-29 22:18:40.358  1914  1951 D VehicleHalImpl: GEAR_SELECTION | 0x00000400 | Area: 0x1000000 | NOTIFY | int32_t { 2 } 
10-29 22:18:40.358  1914  1951 D VehicleHalImpl: ENGINE_RPM | 0x00000305 | Area: 0x1000000 | NOTIFY | float { 0 } 
10-29 22:18:40.358  1914  1951 D VehicleHalImpl: FUEL_LEVEL | 0x00000307 | Area: 0x1000000 | NOTIFY | float { 0 } 
10-29 22:18:40.358  1914  1951 D VehicleHalImpl: OPERATION_POWER_STATE | 0x000005c9 | Area: 0x1000000 | NOTIFY | int32_t { 4 } 
10-29 22:18:40.368  1914  1953 D VehicleHalImpl: queryPropertyData: FRONT_DOME_LIGHT | 0x21400525 | areaId: 0 QUERY
10-29 22:18:40.383  1914  1953 D VehicleHalImpl: queryPropertyData: FRONT_DOME_LIGHT | 0x21400525 | areaId: 0 | RESULT int32_t { 1 } 
10-29 22:18:40.393  1914  1953 D VehicleHalImpl: queryPropertyData: AMBIENT_BRIGHTNESS | 0x21400526 | areaId: 0 QUERY
10-29 22:18:40.458  1914  1951 D VehicleHalImpl: ENV_OUTSIDE_TEMPERATURE | 0x00000703 | Area: 0x1000000 | NOTIFY | float { 0 } 
10-29 22:18:40.458  1914  1951 D VehicleHalImpl: GEAR_SELECTION | 0x00000400 | Area: 0x1000000 | NOTIFY | int32_t { 2 } 
10-29 22:18:40.458  1914  1951 D VehicleHalImpl: OPERATION_POWER_STATE | 0x000005c9 | Area: 0x1000000 | NOTIFY | int32_t { 4 } 
10-29 22:18:40.458  1914  1953 D VehicleHalImpl: queryPropertyData: AMBIENT_BRIGHTNESS | 0x21400526 | areaId: 0 | RESULT int32_t { 0 } 
10-29 22:18:40.468  1914  1953 D VehicleHalImpl: queryPropertyData: FOLLOW_ME_HOME | 0x21400527 | areaId: 0 QUERY
10-29 22:18:40.483  1914  1953 D VehicleHalImpl: queryPropertyData: FOLLOW_ME_HOME | 0x21400527 | areaId: 0 | RESULT int32_t { 0 } 
10-29 22:18:40.493  1914  1953 D VehicleHalImpl: queryPropertyData: SWITCH_ILLU_BRLV | 0x2140052b | areaId: 0 QUERY
10-29 22:18:40.495  2067  2075 I sd_stub : [info   ] SD OFFER - service 111A:0, version 0.FFFFFFFF, ttl: 3C, mcast: true, sid: 21 : @192.168.57.1, TCP: 4378; 
10-29 22:18:40.495  2067  2075 D sd_stub : [debug  ] Response subscribe to 111A:0, 1 subscribers
10-29 22:18:40.495  2067  2075 I sd_stub : [info   ] SD OFFER - service 1111:0, version 0.FFFFFFFF, ttl: 3C, mcast: true, sid: 21 : @192.168.57.1, TCP: 4369; 
10-29 22:18:40.515  2067  2075 I sd_stub : [info   ] SD SUBSCRIBE_ACK - service: 111A:0, version: 0, group_id: 1, TTL: 3C, mcast: false, sid: D, counter: 0
10-29 22:18:40.515  2067  2075 D sd_stub : [debug  ] sd_handle_event_ack - send to PID: 1914
10-29 22:18:40.515  1914  1948 D VehicleHalSomeip: [debug  ] [SdProxy] AS_RESPONSE_SUBSCRIBE - client 111A, service: 111A, instance: 0, group: 1, tcp: 45242, udp: 0, pid: 0, result: true
10-29 22:18:40.515  1914  1948 D VehicleHalSomeip: [debug  ] Subscribe to service: 111A:0, group: 1 result: true
10-29 22:18:40.558  1914  1951 D VehicleHalImpl: ENV_OUTSIDE_TEMPERATURE | 0x00000703 | Area: 0x1000000 | NOTIFY | float { 0 } 
10-29 22:18:40.558  1914  1951 D VehicleHalImpl: GEAR_SELECTION | 0x00000400 | Area: 0x1000000 | NOTIFY | int32_t { 2 } 
10-29 22:18:40.558  1914  1951 D VehicleHalImpl: OPERATION_POWER_STATE | 0x000005c9 | Area: 0x1000000 | NOTIFY | int32_t { 4 } 
10-29 22:18:40.558  1914  1953 D VehicleHalImpl: queryPropertyData: SWITCH_ILLU_BRLV | 0x2140052b | areaId: 0 | RESULT int32_t { 0 } 
10-29 22:18:40.568  1914  1953 D VehicleHalImpl: queryPropertyData: DRIVE_MODE | 0x21400560 | areaId: 0 QUERY
10-29 22:18:40.583  1914  1953 D VehicleHalImpl: queryPropertyData: DRIVE_MODE | 0x21400560 | areaId: 0 | RESULT int32_t { 0 } 
10-29 22:18:40.593  1914  1953 D VehicleHalImpl: queryPropertyData: ADAS_FCW_ON | 0x21400561 | areaId: 0 QUERY
10-29 22:18:40.658  1914  1951 D VehicleHalImpl: ENV_OUTSIDE_TEMPERATURE | 0x00000703 | Area: 0x1000000 | NOTIFY | float { 0 } 
10-29 22:18:40.658  1914  1951 D VehicleHalImpl: GEAR_SELECTION | 0x00000400 | Area: 0x1000000 | NOTIFY | int32_t { 2 } 
10-29 22:18:40.658  1914  1951 D VehicleHalImpl: OPERATION_POWER_STATE | 0x000005c9 | Area: 0x1000000 | NOTIFY | int32_t { 4 } 
10-29 22:18:40.658  1914  1953 D VehicleHalImpl: queryPropertyData: ADAS_FCW_ON | 0x21400561 | areaId: 0 | RESULT int32_t { 0 } 
10-29 22:18:40.669  1914  1953 D VehicleHalImpl: queryPropertyData: ADAS_FCW_WARN | 0x21400562 | areaId: 0 QUERY
10-29 22:18:40.683  1914  1953 D VehicleHalImpl: queryPropertyData: ADAS_FCW_WARN | 0x21400562 | areaId: 0 | RESULT int32_t { 0 } 
10-29 22:18:40.693  1914  1953 D VehicleHalImpl: queryPropertyData: ADAS_FCW_SENS | 0x21400563 | areaId: 0 QUERY
10-29 22:18:40.758  1914  1951 D VehicleHalImpl: ENV_OUTSIDE_TEMPERATURE | 0x00000703 | Area: 0x1000000 | NOTIFY | float { 0 } 
10-29 22:18:40.758  1914  1951 D VehicleHalImpl: GEAR_SELECTION | 0x00000400 | Area: 0x1000000 | NOTIFY | int32_t { 2 } 
10-29 22:18:40.758  1914  1951 D VehicleHalImpl: OPERATION_POWER_STATE | 0x000005c9 | Area: 0x1000000 | NOTIFY | int32_t { 4 } 
10-29 22:18:40.759  1914  1953 D VehicleHalImpl: queryPropertyData: ADAS_FCW_SENS | 0x21400563 | areaId: 0 | RESULT int32_t { 0 } 
10-29 22:18:40.769  1914  1953 D VehicleHalImpl: queryPropertyData: ADAS_FCW_CHECK | 0x21400564 | areaId: 0 QUERY
10-29 22:18:40.783  1914  1953 D VehicleHalImpl: queryPropertyData: ADAS_FCW_CHECK | 0x21400564 | areaId: 0 | RESULT int32_t { 0 } 
10-29 22:18:40.794  1914  1953 D VehicleHalImpl: queryPropertyData: ADAS_AEB_WARN | 0x21400565 | areaId: 0 QUERY
10-29 22:18:40.884  1914  1951 D VehicleHalImpl: ENV_OUTSIDE_TEMPERATURE | 0x00000703 | Area: 0x1000000 | NOTIFY | float { 0 } 
10-29 22:18:40.884  1914  1951 D VehicleHalImpl: STEERING_ANGLE | 0x00000200 | Area: 0x1000000 | NOTIFY | float { -0.0026 } 
10-29 22:18:40.884  1914  1951 D VehicleHalImpl: PERF_ODOMETER | 0x00000204 | Area: 0x1000000 | NOTIFY | float { 0 } 
10-29 22:18:40.885  1914  1951 D VehicleHalImpl: PERF_VEHICLE_SPEED | 0x00000207 | Area: 0x1000000 | NOTIFY | float { 0 } 
10-29 22:18:40.885  1914  1951 D VehicleHalImpl: GEAR_SELECTION | 0x00000400 | Area: 0x1000000 | NOTIFY | int32_t { 2 } 
10-29 22:18:40.885  1914  1951 D VehicleHalImpl: ENGINE_RPM | 0x00000305 | Area: 0x1000000 | NOTIFY | float { 0 } 
10-29 22:18:40.885  1914  1951 D VehicleHalImpl: FUEL_LEVEL | 0x00000307 | Area: 0x1000000 | NOTIFY | float { 0 } 
10-29 22:18:40.885  1914  1951 D VehicleHalImpl: OPERATION_POWER_STATE | 0x000005c9 | Area: 0x1000000 | NOTIFY | int32_t { 4 } 
10-29 22:18:40.885  1914  1953 D VehicleHalImpl: queryPropertyData: ADAS_AEB_WARN | 0x21400565 | areaId: 0 | RESULT int32_t { 0 } 
10-29 22:18:40.891  1990  1990 D Zygote  : begin preload
10-29 22:18:40.892  1990  1990 I Zygote  : Installing ICU cache reference pinning...
10-29 22:18:40.892  1990  1990 I Zygote  : Preloading ICU data...
10-29 22:18:40.893  1991  1991 I zygote  : Explicit concurrent copying GC freed 178(9KB) AllocSpace objects, 0(0B) LOS objects, 98% free, 22KB/1558KB, paused 116us total 15.504ms
10-29 22:18:40.895  1914  1953 D VehicleHalImpl: queryPropertyData: ADAS_LDW_ON | 0x21400568 | areaId: 0 QUERY
