--------- beginning of main
10-29 22:20:15.810  1904  1904 W auditd  : type=2000 audit(0.0:1): state=initialized audit_enabled=0 res=1
10-29 22:20:16.812  1904  1904 I auditd  : type=1403 audit(0.0:2): policy loaded auid=4294967295 ses=4294967295
10-29 22:20:17.770  1905  1905 I SELinux : SELinux: Loaded service_contexts from:
10-29 22:20:17.774  1905  1905 I SELinux :     /system/etc/selinux/plat_service_contexts
10-29 22:20:17.788  1903  1903 I tee-supp: type=1400 audit(0.0:3): avc: denied { getattr } for path="/metadata" dev="xvda4" ino=2 scontext=u:r:tee:s0 tcontext=u:object_r:metadata_file:s0 tclass=dir permissive=1
--------- beginning of system
10-29 22:20:17.859  1894  1894 I vold    : Vold 3.0 (the awakening) firing up
10-29 22:20:17.860  1894  1894 V vold    : Detected support for: ext4 vfat ntfs
10-29 22:20:17.893  1894  1894 V vold    : Found unmanaged dm device named vendor
10-29 22:20:17.893  1894  1894 V vold    : Found unmanaged dm device named system
10-29 22:20:17.893  1894  1894 W vold    : Failed to LOOP_GET_STATUS64 /dev/block/loop6: No such device or address
10-29 22:20:17.893  1894  1894 W vold    : Failed to LOOP_GET_STATUS64 /dev/block/loop3: No such device or address
10-29 22:20:17.893  1894  1894 W vold    : Failed to LOOP_GET_STATUS64 /dev/block/loop0: No such device or address
10-29 22:20:17.893  1894  1894 W vold    : Failed to LOOP_GET_STATUS64 /dev/block/loop7: No such device or address
10-29 22:20:17.893  1894  1894 W vold    : Failed to LOOP_GET_STATUS64 /dev/block/loop4: No such device or address
10-29 22:20:17.893  1894  1894 W vold    : Failed to LOOP_GET_STATUS64 /dev/block/loop1: No such device or address
10-29 22:20:17.893  1894  1894 W vold    : Failed to LOOP_GET_STATUS64 /dev/block/loop5: No such device or address
10-29 22:20:17.893  1894  1894 W vold    : Failed to LOOP_GET_STATUS64 /dev/block/loop2: No such device or address
10-29 22:20:17.906  1894  1894 D vold    : VoldNativeService::start() completed OK
10-29 22:20:17.915  1907  1907 I SELinux : SELinux: Loaded service_contexts from:
10-29 22:20:17.916  1907  1907 I SELinux :     /vendor/etc/selinux/vndservice_contexts
10-29 22:20:17.933  1906  1906 I hwservicemanager: hwservicemanager is ready now.
10-29 22:20:17.982  1906  1906 W hwservicemanager: getTransport: Cannot find entry android.hardware.keymaster@4.0::IKeymasterDevice/default in either framework or device manifest.
10-29 22:20:17.985  1917  1917 I ServiceManagement: getService: Trying again for android.hardware.keymaster@3.0::IKeymasterDevice/default...
10-29 22:20:17.987  1916  1916 I KeymasterHAL: Loading...
10-29 22:20:17.987  1915  1915 D BootControlHAL: Create BootControl
10-29 22:20:17.987  1915  1915 E BootControlHAL: Unable to initialize BootControl
10-29 22:20:17.987  1915  1915 I ServiceManagement: Removing namespace from process name android.hardware.boot@1.0-service.renesas to boot@1.0-service.renesas.
10-29 22:20:17.988  1903  1903 I tee-supp: type=1400 audit(0.0:4): avc: denied { read write } for name="dirf.db" dev="xvda4" ino=14 scontext=u:r:tee:s0 tcontext=u:object_r:metadata_file:s0 tclass=file permissive=1
10-29 22:20:17.988  1903  1903 I tee-supp: type=1400 audit(0.0:5): avc: denied { open } for path="/metadata/tee/dirf.db" dev="xvda4" ino=14 scontext=u:r:tee:s0 tcontext=u:object_r:metadata_file:s0 tclass=file permissive=1
10-29 22:20:18.035  1916  1916 I OpteeKeymaster: Connection with keystore was established
10-29 22:20:18.036  1916  1916 I ServiceManagement: Removing namespace from process name android.hardware.keymaster@3.0-service.renesas to keymaster@3.0-service.renesas.
10-29 22:20:18.065  1914  1914 W VehicleHalImpl: Continous query disabled!
10-29 22:20:18.066  1914  1914 D TCP_SERVER: TcpServer::initCom() done, port:12345, fd: 4
10-29 22:20:18.066  1914  1914 I automotive.vehicle@2.0-impl: VehicleHalManager::init
10-29 22:20:18.117  1914  1914 I VehicleHalImpl: VehicleHal init done
10-29 22:20:18.117  1914  1914 I ServiceManagement: Removing namespace from process name android.hardware.automotive.vehicle@2.0-service.vinfast to vehicle@2.0-service.vinfast.
10-29 22:20:18.144  1914  1949 I VehicleHalSomeip: [info   ] VF SOMEIP version 0.3.0 initializing...
10-29 22:20:18.144  1914  1949 I VehicleHalSomeip: [info   ] Commit ID: a2e4349
10-29 22:20:18.144  1914  1949 D VehicleHalSomeip: [debug  ] [SdProxy] Reconnecting ...
10-29 22:20:18.287  1913  1913 I ServiceManagement: getService: Trying again for vendor.renesas.graphics.composer@1.0::IComposer/default...
10-29 22:20:19.119  1914  1949 D VehicleHalSomeip: [debug  ] [SdProxy] Reconnecting ...
10-29 22:20:19.123  1894  1894 I vold    : e4crypt_initialize_global_de
10-29 22:20:19.123  1894  1894 D vold    : Key exists, using: /data/unencrypted/key
10-29 22:20:19.128  1906  1906 W hwservicemanager: getTransport: Cannot find entry android.hardware.keymaster@4.0::IKeymasterDevice/default in either framework or device manifest.
10-29 22:20:19.129  1894  1894 I vold    : List of Keymaster HALs found:
10-29 22:20:19.129  1894  1894 I vold    : Keymaster HAL #1: Renesas Keymaster HALv3_0 from Renesas Electronics SecurityLevel: TRUSTED_ENVIRONMENT HAL: android.hardware.keymaster@3.0::IKeymasterDevice/default
10-29 22:20:19.129  1894  1894 I vold    : Using Renesas Keymaster HALv3_0 from Renesas Electronics for encryption.  Security level: TRUSTED_ENVIRONMENT, HAL: android.hardware.keymaster@3.0::IKeymasterDevice/default
10-29 22:20:19.135  1894  1894 D vold    : Added key 45089079 (ext4:b8f819610c8eae91) to keyring 739442335 in process 1894
10-29 22:20:19.136  1894  1894 D vold    : Added key 511328669 (f2fs:b8f819610c8eae91) to keyring 739442335 in process 1894
10-29 22:20:19.136  1894  1894 D vold    : Added key 264333348 (fscrypt:b8f819610c8eae91) to keyring 739442335 in process 1894
10-29 22:20:19.137  1894  1894 I vold    : Wrote system DE key reference to:/data/unencrypted/ref
10-29 22:20:19.249  1894  1894 D vold    : e4crypt_init_user0
10-29 22:20:19.249  1894  1894 D vold    : Preparing: /data/misc/vold/user_keys
10-29 22:20:19.250  1894  1894 D vold    : Preparing: /data/misc/vold/user_keys/ce
10-29 22:20:19.251  1894  1894 D vold    : Preparing: /data/misc/vold/user_keys/de
10-29 22:20:19.251  1894  1894 D vold    : Skipping non-de-key ..
10-29 22:20:19.255  1906  1906 W hwservicemanager: getTransport: Cannot find entry android.hardware.keymaster@4.0::IKeymasterDevice/default in either framework or device manifest.
10-29 22:20:19.256  1894  1894 I vold    : List of Keymaster HALs found:
10-29 22:20:19.256  1894  1894 I vold    : Keymaster HAL #1: Renesas Keymaster HALv3_0 from Renesas Electronics SecurityLevel: TRUSTED_ENVIRONMENT HAL: android.hardware.keymaster@3.0::IKeymasterDevice/default
10-29 22:20:19.256  1894  1894 I vold    : Using Renesas Keymaster HALv3_0 from Renesas Electronics for encryption.  Security level: TRUSTED_ENVIRONMENT, HAL: android.hardware.keymaster@3.0::IKeymasterDevice/default
10-29 22:20:19.262  1894  1894 D vold    : Added key 390349574 (ext4:5d1ede431a1deb27) to keyring 739442335 in process 1894
10-29 22:20:19.263  1894  1894 D vold    : Added key 707786766 (f2fs:5d1ede431a1deb27) to keyring 739442335 in process 1894
10-29 22:20:19.263  1894  1894 D vold    : Added key 177836185 (fscrypt:5d1ede431a1deb27) to keyring 739442335 in process 1894
10-29 22:20:19.263  1894  1894 D vold    : Installed de key for user 0
10-29 22:20:19.263  1894  1894 D vold    : Skipping non-de-key .
10-29 22:20:19.263  1894  1894 D vold    : e4crypt_prepare_user_storage for volume null, user 0, serial 0, flags 1
10-29 22:20:19.263  1894  1894 D vold    : Preparing: /data/system/users/0
10-29 22:20:19.263  1894  1894 D vold    : Preparing: /data/misc/profiles/cur/0
10-29 22:20:19.264  1894  1894 D vold    : Preparing: /data/system_de/0
10-29 22:20:19.264  1894  1894 D vold    : Preparing: /data/misc_de/0
10-29 22:20:19.265  1894  1894 D vold    : Preparing: /data/vendor_de/0
10-29 22:20:19.265  1894  1894 D vold    : Preparing: /data/user_de/0
10-29 22:20:19.266  1894  1894 I vold    : Found policy 5d1ede431a1deb27 at /data/system_de/0 which matches expected value
10-29 22:20:19.267  1894  1894 I vold    : Found policy 5d1ede431a1deb27 at /data/misc_de/0 which matches expected value
10-29 22:20:19.268  1894  1894 I vold    : Found policy 5d1ede431a1deb27 at /data/vendor_de/0 which matches expected value
10-29 22:20:19.269  1894  1894 I vold    : Found policy 5d1ede431a1deb27 at /data/user_de/0 which matches expected value
10-29 22:20:19.269  1894  1894 V vold    : /system/bin/vold_prepare_subdirs
10-29 22:20:19.269  1894  1894 V vold    :     prepare
10-29 22:20:19.269  1894  1894 V vold    :     
10-29 22:20:19.269  1894  1894 V vold    :     0
10-29 22:20:19.269  1894  1894 V vold    :     1
10-29 22:20:19.288  1913  1913 W ServiceManagement: Waited one second for vendor.renesas.graphics.composer@1.0::IComposer/default. Waiting another...
10-29 22:20:19.290  1894  1894 I vold_prepare_subdirs: SELinux: Loaded file_contexts
10-29 22:20:19.292  1984  1984 D vold_prepare_subdirs: Setting up mode 700 uid 0 gid 0 context u:object_r:vold_data_file:s0 on path: /data/misc_de/0/vold
10-29 22:20:19.292  1984  1984 D vold_prepare_subdirs: Setting up mode 700 uid 0 gid 0 context u:object_r:storaged_data_file:s0 on path: /data/misc_de/0/storaged
10-29 22:20:19.293  1984  1984 D vold_prepare_subdirs: Setting up mode 700 uid 1000 gid 1000 context u:object_r:fingerprint_vendor_data_file:s0 on path: /data/vendor_de/0/fpdata
10-29 22:20:19.312  1985  1985 I /system/bin/tzdatacheck: timezone distro dir /data/misc/zoneinfo/current does not exist. No action required.
10-29 22:20:19.385  1988  1988 W otapreopt_slot: Slot property empty.
10-29 22:20:19.671  1991  1991 I Netd    : Netd 1.0 starting
10-29 22:20:19.688  1991  1991 D TetherController: Setting IP forward enable = 0
10-29 22:20:19.791  1991  1991 I Netd    : Creating child chains: 95.4ms
10-29 22:20:19.791  1991  1991 I Netd    : Setting up OEM hooks: 0.2ms
10-29 22:20:19.791  1991  1991 I Netd    : Setting up FirewallController hooks: 0.0ms
10-29 22:20:19.794  1991  1991 I Netd    : Setting up TetherController hooks: 2.9ms
10-29 22:20:19.796  1991  1991 I Netd    : Setting up BandwidthController hooks: 2.5ms
10-29 22:20:19.797  1991  1991 I Netd    : Setting up IdletimerController hooks: 0.1ms
10-29 22:20:19.851  1991  1991 I Netd    : initializing traffic control: 54.0ms
10-29 22:20:19.860  1991  1991 I Netd    : Disabling bandwidth control: 9.3ms
10-29 22:20:19.864  1991  1991 E Netd    : cannot find interface dummy0
10-29 22:20:19.872  1991  1991 I Netd    : Initializing RouteController: 11.8ms
10-29 22:20:19.872  1991  1991 D XfrmController: Sending Netlink XFRM Message: XFRM_MSG_FLUSHSA
10-29 22:20:19.873  1991  1991 D XfrmController: Sending Netlink XFRM Message: XFRM_MSG_FLUSHPOLICY
10-29 22:20:19.873  1991  1991 I Netd    : Initializing XfrmController: 1.0ms
10-29 22:20:19.875  1991  1991 D MDnsDS  : MDnsSdListener::Hander starting up
10-29 22:20:19.875  1991  2028 D MDnsDS  : MDnsSdListener starting to monitor
10-29 22:20:19.875  1991  2028 D MDnsDS  : Going to poll with pollCount 1
10-29 22:20:19.877  1991  1991 I Netd    : Registering NetdNativeService: 1.3ms
10-29 22:20:19.877  1991  1991 I Netd    : Starting CommandListener: 0.2ms
10-29 22:20:19.879  1991  1991 I Netd    : Registering NetdHwService: 2.4ms
10-29 22:20:19.879  1991  1991 I Netd    : Netd started in 208ms
10-29 22:20:19.896  2015  2015 I ServiceManagement: Removing namespace from process name android.hidl.allocator@1.0-service to allocator@1.0-service.
10-29 22:20:19.997  2018  2018 E AudCntrlDrv: registerAsService AudioControl 2.0
10-29 22:20:19.997  2018  2018 I ServiceManagement: Removing namespace from process name android.hardware.automotive.audiocontrol@2.0-service to audiocontrol@2.0-service.
10-29 22:20:20.002  2014  2014 I EvsManager: EVS manager starting
10-29 22:20:20.002  2014  2014 D EvsManager: Main thread entering thread pool
10-29 22:20:20.002  2014  2035 I EvsManager: EVS managed service connecting to hardware service at EvsEnumeratorHw
10-29 22:20:20.003  2014  2035 D EvsManager: init
10-29 22:20:20.005  2014  2035 I ServiceManagement: getService: Trying again for android.hardware.automotive.evs@1.0::IEvsEnumerator/EvsEnumeratorHw...
10-29 22:20:20.120  1914  1949 D VehicleHalSomeip: [debug  ] [SdProxy] Reconnecting ...
10-29 22:20:20.171  2039  2039 I ServiceManagement: Removing namespace from process name android.hardware.broadcastradio@2.0-service.vf to broadcastradio@2.0-service.vf.
10-29 22:20:20.172  2039  2039 I VFBcRadioDef: Broadcast Radio HAL 2.0 Ready.
10-29 22:20:20.288  1913  1913 W ServiceManagement: Waited one second for vendor.renesas.graphics.composer@1.0::IComposer/default. Waiting another...
10-29 22:20:20.443  2016  2016 I ServiceManagement: Removing namespace from process name android.hardware.audio.effect@4.0-service.renesas to effect@4.0-service.renesas.
10-29 22:20:20.516  2021  2021 I ServiceManagement: Removing namespace from process name android.hardware.bluetooth@1.0-service.vf_ecockpit to bluetooth@1.0-service.vf_ecockpit.
10-29 22:20:20.689  2047  2047 I VINFAST_dsp_dione: Client ID: 0X1112
10-29 22:20:20.689  2047  2047 I VINFAST_dsp_dione: git commit id: 27fac44
10-29 22:20:20.696  2017  2017 I ServiceManagement: Removing namespace from process name android.hardware.audio@2.0-service to audio@2.0-service.
10-29 22:20:20.697  2017  2017 I audiohalservice: Registration complete for android.hardware.audio@4.0::IDevicesFactory/default.
10-29 22:20:20.702  2047  2056 I VINFAST_dsp_dione: [info   ] VF SOMEIP version 0.3.0 initializing...
10-29 22:20:20.702  2047  2047 I ServiceManagement: Removing namespace from process name android.hardware.dsp.dione@1.0-service to dione@1.0-service.
10-29 22:20:20.702  2047  2056 I VINFAST_dsp_dione: [info   ] Commit ID: a2e4349
10-29 22:20:20.705  2047  2047 I VINFAST_dsp_dione: DIONE HAL 1.0 Ready.
10-29 22:20:20.728  1903  1903 I tee-supp: type=1400 audit(0.0:6): avc: denied { read write } for name="dirf.db" dev="xvda4" ino=14 scontext=u:r:tee:s0 tcontext=u:object_r:metadata_file:s0 tclass=file permissive=1
10-29 22:20:20.728  1903  1903 I tee-supp: type=1400 audit(0.0:7): avc: denied { open } for path="/metadata/tee/dirf.db" dev="xvda4" ino=14 scontext=u:r:tee:s0 tcontext=u:object_r:metadata_file:s0 tclass=file permissive=1
10-29 22:20:20.731  2049  2049 I android.hardware.gatekeeper@1.0-service.renesas: Loading...
10-29 22:20:20.739  2048  2048 I ServiceManagement: Removing namespace from process name android.hardware.dumpstate@1.0-service.renesas to dumpstate@1.0-service.renesas.
10-29 22:20:20.740  2041  2041 W /vendor/bin/hw/android.hardware.configstore@1.1-service: libminijail[2041]: allowing syscall: connect
10-29 22:20:20.740  2041  2041 W /vendor/bin/hw/android.hardware.configstore@1.1-service: libminijail[2041]: allowing syscall: fcntl
10-29 22:20:20.740  2041  2041 W /vendor/bin/hw/android.hardware.configstore@1.1-service: libminijail[2041]: allowing syscall: sendto
10-29 22:20:20.740  2041  2041 W /vendor/bin/hw/android.hardware.configstore@1.1-service: libminijail[2041]: allowing syscall: socket
10-29 22:20:20.740  2041  2041 W /vendor/bin/hw/android.hardware.configstore@1.1-service: libminijail[2041]: allowing syscall: writev
10-29 22:20:20.770  2017  2017 I audiohalservice: Registration complete for android.hardware.audio.effect@4.0::IEffectsFactory/default.
10-29 22:20:20.770  1906  1906 W hwservicemanager: getTransport: Cannot find entry android.hardware.soundtrigger@2.1::ISoundTriggerHw/default in either framework or device manifest.
10-29 22:20:20.773  2043  2043 D android.hardware.drm@1.0-service: android.hardware.drm@1.0-service starting...
10-29 22:20:20.807  2017  2017 E audiohalservice: Could not get passthrough implementation for android.hardware.soundtrigger@2.1::ISoundTriggerHw/default.
10-29 22:20:20.808  1906  1906 W hwservicemanager: getTransport: Cannot find entry android.hardware.soundtrigger@2.0::ISoundTriggerHw/default in either framework or device manifest.
10-29 22:20:20.808  2017  2017 E audiohalservice: Could not get passthrough implementation for android.hardware.soundtrigger@2.0::ISoundTriggerHw/default.
10-29 22:20:20.808  2017  2017 W audiohalservice: Could not register soundtrigger API 2.0 nor 2.1
10-29 22:20:20.809  1906  1906 W hwservicemanager: getTransport: Cannot find entry android.hardware.bluetooth.a2dp@1.0::IBluetoothAudioOffload/default in either framework or device manifest.
10-29 22:20:20.809  2017  2017 E audiohalservice: Could not get passthrough implementation for android.hardware.bluetooth.a2dp@1.0::IBluetoothAudioOffload/default.
10-29 22:20:20.809  2017  2017 W audiohalservice: Could not register Bluetooth audio offload 1.0
10-29 22:20:20.816  2041  2041 W /vendor/bin/hw/android.hardware.configstore@1.1-service: libminijail[2041]: logging seccomp filter failures
10-29 22:20:20.816  2041  2041 I ServiceManagement: Removing namespace from process name android.hardware.configstore@1.1-service to configstore@1.1-service.
10-29 22:20:20.819  2042  2042 I ServiceManagement: Removing namespace from process name android.hardware.contexthub@1.0-service.renesas to contexthub@1.0-service.renesas.
10-29 22:20:20.842  2044  2044 D android.hardware.drm@1.1-service.clearkey: android.hardware.drm@1.1-service.clearkey starting...
10-29 22:20:20.842  2044  2044 I ServiceManagement: Removing namespace from process name android.hardware.drm@1.1-service.clearkey to drm@1.1-service.clearkey.
10-29 22:20:20.845  2044  2044 I ServiceManagement: Removing namespace from process name android.hardware.drm@1.1-service.clearkey to drm@1.1-service.clearkey.
10-29 22:20:20.865  2063  2063 I OemLockHAL: Loading OemLock HAL...
10-29 22:20:20.869  2061  2061 I ServiceManagement: Removing namespace from process name android.hardware.light@2.0-service.renesas to light@2.0-service.renesas.
10-29 22:20:20.941  2054  2054 D hwcomposer: CRTCs ============================================
10-29 22:20:20.941  2054  2054 D hwcomposer: id	fb	pos		size
10-29 22:20:20.941  2054  2054 D hwcomposer: 31	0	(0,0)	(0x0)
10-29 22:20:20.941  2054  2054 D hwcomposer:                0    0     0    0    0 0
10-29 22:20:20.941  2054  2054 D hwcomposer: ==================================================
10-29 22:20:20.941  2054  2054 D hwcomposer: Connectors =======================================
10-29 22:20:20.941  2054  2054 D hwcomposer: id	enc	size	modes
10-29 22:20:20.941  2054  2054 D hwcomposer: 33	0	294x165		1
10-29 22:20:20.941  2054  2054 D hwcomposer:   modes:
10-29 22:20:20.941  2054  2054 D hwcomposer:           name Hz hdisp vdisp flags type clock
10-29 22:20:20.941  2054  2054 D hwcomposer:      1920x1080 60 1920  1080    9   48 173000
10-29 22:20:20.941  2054  2054 D hwcomposer: ==================================================
10-29 22:20:20.941  2054  2054 D hwcomposer: Planes ===========================================
10-29 22:20:20.941  2054  2054 D hwcomposer: id	pC	C	fb	Cx,Cy	x,y	gm
10-29 22:20:20.941  2054  2054 D hwcomposer: 30	1	0	0	0,0		0,0	0
10-29 22:20:20.941  2054  2054 D hwcomposer: ==================================================
10-29 22:20:20.941  2054  2054 D hwcomposer: initDisplays. displays count: 3.
10-29 22:20:20.941  2054  2054 D hwcomposer: === init display 0 ==========
10-29 22:20:20.942  2054  2054 D hwcomposer: Found available encoder (id = 32)
10-29 22:20:20.942  2054  2054 D hwcomposer: crtc_id  31 is compatible with encoder 32
10-29 22:20:20.942  2054  2054 D hwcomposer: LoadDisplayModes for display: 0; mCrtId: 31; mConnectorId: 33; open [/sys/class/drm/card0-Virtual-1/connector_id]
10-29 22:20:20.942  2054  2054 D hwcomposer: PLANES num: 1
10-29 22:20:20.943  2054  2054 D hwcomposer: mode 0 name = 1920x1080 vrefresh = 60.000000
10-29 22:20:20.943  2054  2054 D hwcomposer: selected mode 0 name = 1920x1080 vrefresh = 60.000000
10-29 22:20:20.945  2054  2054 I ServiceManagement: Removing namespace from process name android.hardware.graphics.composer@2.1-service.renesas to composer@2.1-service.renesas.
10-29 22:20:20.951  1913  1913 I android.hardware.automotive.evs@1.0.vf_ecockpit: EVS Hardware Enumerator service is starting
10-29 22:20:20.951  1913  1913 D android.hardware.automotive.evs@1.0.vf_ecockpit: EvsEnumerator created
10-29 22:20:20.952  1913  1913 I android.hardware.automotive.evs@1.0.vf_ecockpit: Camera /dev/video3 (1280x720) is successfully probed.
10-29 22:20:20.952  1913  1913 I android.hardware.automotive.evs@1.0.vf_ecockpit: Camera /dev/video2 (1280x720) is successfully probed.
10-29 22:20:20.952  1913  1913 I android.hardware.automotive.evs@1.0.vf_ecockpit: Camera /dev/video1 (1280x720) is successfully probed.
10-29 22:20:20.952  1913  1913 I android.hardware.automotive.evs@1.0.vf_ecockpit: Camera /dev/video0 (1280x720) is successfully probed.
10-29 22:20:20.952  1913  1913 I ServiceManagement: Removing namespace from process name android.hardware.automotive.evs@1.0-service.vf_ecockpit to evs@1.0-service.vf_ecockpit.
10-29 22:20:20.954  2014  2035 I EvsManager: EVS managed service is starting as default
10-29 22:20:20.955  2014  2035 D EvsManager: Registration complete
10-29 22:20:21.014  2071  2071 I com.android.car.procfsinspector: starting com.android.car.procfsinspector
10-29 22:20:21.016  2071  2071 I com.android.car.procfsinspector: com.android.car.procfsinspector started
10-29 22:20:21.020  1903  1903 I tee-supp: type=1400 audit(0.0:8): avc: denied { read write } for name="dirf.db" dev="xvda4" ino=14 scontext=u:r:tee:s0 tcontext=u:object_r:metadata_file:s0 tclass=file permissive=1
10-29 22:20:21.020  1903  1903 I tee-supp: type=1400 audit(0.0:9): avc: denied { open } for path="/metadata/tee/dirf.db" dev="xvda4" ino=14 scontext=u:r:tee:s0 tcontext=u:object_r:metadata_file:s0 tclass=file permissive=1
10-29 22:20:21.034  2065  2065 I ServiceManagement: Removing namespace from process name android.hardware.thermal@1.1-service.renesas to thermal@1.1-service.renesas.
10-29 22:20:21.063  2055  2055 I HealthHAL: HealthHALdefault Hal is starting up...
10-29 22:20:21.063  2055  2055 I ServiceManagement: Removing namespace from process name android.hardware.health@2.0-service.renesas to health@2.0-service.renesas.
10-29 22:20:21.066  2055  2055 I HealthHAL: HealthHALdefault: Hal init done
10-29 22:20:21.086  2049  2049 I ServiceManagement: Removing namespace from process name android.hardware.gatekeeper@1.0-service.renesas to gatekeeper@1.0-service.renesas.
10-29 22:20:21.086  2066  2066 I ServiceManagement: Removing namespace from process name android.hardware.usb@1.0-service.renesas to usb@1.0-service.renesas.
10-29 22:20:21.090  2066  2066 I android.hardware.usb@1.0-service.renesas: USB HAL Ready.
10-29 22:20:21.101  2067  2067 I ServiceManagement: Removing namespace from process name android.hardware.vibrator@1.1-service.renesas to vibrator@1.1-service.renesas.
10-29 22:20:21.113  2069  2080 I sd_stub : [info   ] VF SOMEIP version 0.3.0 initializing...
10-29 22:20:21.113  2069  2080 I sd_stub : [info   ] Commit ID: a2e4349
10-29 22:20:21.114  2063  2063 D OemLockHAL: Connection with OemLock TA was established
10-29 22:20:21.114  2063  2063 D OemLockHAL: Create OemLock
10-29 22:20:21.115  2063  2063 I ServiceManagement: Removing namespace from process name android.hardware.oemlock@1.0-service.renesas to oemlock@1.0-service.renesas.
10-29 22:20:21.120  1914  1949 D VehicleHalSomeip: [debug  ] [SdProxy] Reconnecting ...
10-29 22:20:21.154  2069  2080 I sd_stub : [info   ] SdStub listen multicast address: 224.224.224.245:30490
10-29 22:20:21.154  2043  2043 I ServiceManagement: Removing namespace from process name android.hardware.drm@1.0-service to drm@1.0-service.
10-29 22:20:21.155  2043  2043 I android.hardware.drm@1.0-service: Registration complete for android.hardware.drm@1.0::IDrmFactory/default.
10-29 22:20:21.157  2043  2043 I ServiceManagement: Removing namespace from process name android.hardware.drm@1.0-service to drm@1.0-service.
10-29 22:20:21.158  2043  2043 I android.hardware.drm@1.0-service: Registration complete for android.hardware.drm@1.0::ICryptoFactory/default.
10-29 22:20:21.159  2069  2080 I sd_stub : [info   ] IP: 127.0.0.1, IF_NAME: lo
10-29 22:20:21.159  2069  2080 I sd_stub : [info   ] IP: 255.255.0.0, IF_NAME: eth1
10-29 22:20:21.160  2062  2062 I ServiceManagement: Removing namespace from process name android.hardware.memtrack@1.0-service to memtrack@1.0-service.
10-29 22:20:21.161  2062  2062 I android.hardware.memtrack@1.0-service: Registration complete for android.hardware.memtrack@1.0::IMemtrack/default.
10-29 22:20:21.243  2069  2080 I sd_stub : [info   ] SD OFFER - service 111A:0, version 0.FFFFFFFF, ttl: 3C, mcast: true, sid: 1A : @192.168.57.1, TCP: 4378; 
10-29 22:20:21.243  2069  2080 I sd_stub : [info   ] SD OFFER - service 1111:0, version 0.FFFFFFFF, ttl: 3C, mcast: true, sid: 1A : @192.168.57.1, TCP: 4369; 
10-29 22:20:21.272  2064  2064 I ServiceManagement: Removing namespace from process name android.hardware.power@1.1-service.renesas to power@1.1-service.renesas.
10-29 22:20:21.355  2040  2040 D android.hardware.cas@1.0-service: android.hardware.cas@1.0-service starting...
10-29 22:20:21.355  2040  2040 I ServiceManagement: Removing namespace from process name android.hardware.cas@1.0-service to cas@1.0-service.
10-29 22:20:21.401  2074  2086 E android.hardware.thermal.thermalcallback@1.1-impl: IThermalService binder service not created, drop throttling event
10-29 22:20:21.548  2050  2050 V u-blox  : CUbxGpsState::loadConfiguration: Loaded standard configuration file /system/etc/u-blox.conf, values:
10-29 22:20:21.548  2050  2050 D u-blox  : ublox::CCfg::print: Configuration:
10-29 22:20:21.548  2050  2050 D u-blox  : ublox::CCfg::print: Index: SERIAL_DEVICE, Data: /dev/ttySC3
10-29 22:20:21.548  2050  2050 D u-blox  : ublox::CCfg::print: Index: SENSOR_DEVICE, Data: /dev/ttySC3
10-29 22:20:21.548  2050  2050 D u-blox  : ublox::CCfg::print: Index: I2C_TX_READY_ENABLED, Data: 0
10-29 22:20:21.548  2050  2050 D u-blox  : ublox::CCfg::print: Index: I2C_TX_READY_RECV_PIO, Data: 13
10-29 22:20:21.548  2050  2050 D u-blox  : ublox::CCfg::print: Index: I2C_TX_READY_HOST_GPIO, Data: 143
10-29 22:20:21.548  2050  2050 D u-blox  : ublox::CCfg::print: Index: BAUDRATE, Data: 115200
10-29 22:20:21.548  2050  2050 D u-blox  : ublox::CCfg::print: Index: BAUDRATE_DEF, Data: 9600
10-29 22:20:21.548  2050  2050 D u-blox  : ublox::CCfg::print: Index: RECEIVER_GENERATION, Data: 8
10-29 22:20:21.548  2050  2050 D u-blox  : ublox::CCfg::print: Index: STOP_TIMEOUT, Data: 10
10-29 22:20:21.548  2050  2050 D u-blox  : ublox::CCfg::print: Index: AGNSS_STRATEGY, Data: 3
10-29 22:20:21.548  2050  2050 D u-blox  : ublox::CCfg::print: Index: AGNSS_OFFLINE_INTERVAL, Data: 720
10-29 22:20:21.548  2050  2050 D u-blox  : ublox::CCfg::print: Index: AGNSS_ONLINE_INTERVAL, Data: 120
10-29 22:20:21.548  2050  2050 D u-blox  : ublox::CCfg::print: Index: AGNSS_ONLINE_SERVER1, Data: https://online-live1.services.u-blox.com
10-29 22:20:21.548  2050  2050 D u-blox  : ublox::CCfg::print: Index: AGNSS_ONLINE_SERVER2, Data: https://online-live2.services.u-blox.com
10-29 22:20:21.548  2050  2050 D u-blox  : ublox::CCfg::print: Index: AGNSS_TOKEN, Data: gvOi-KvOSr2nN1iof0R02A
10-29 22:20:21.548  2050  2050 D u-blox  : ublox::CCfg::print: Index: AGNSS_PERSISTENCE, Data: 1
10-29 22:20:21.548  2050  2050 D u-blox  : ublox::CCfg::print: Index: AGNSS_PERSISTENCE_FILE, Data: /data/vendor/persistence.agnss
10-29 22:20:21.548  2050  2050 D u-blox  : ublox::CCfg::print: Index: AGNSS_TIME_SOURCE, Data: 0
10-29 22:20:21.548  2050  2050 D u-blox  : ublox::CCfg::print: Index: SENSOR_UPDATE_FREQ_HZ, Data: 1
10-29 22:20:21.548  2050  2050 D u-blox  : ublox::CCfg::print: Index: LEVER_ARM_VRP_IMU_X, Data: 0
10-29 22:20:21.548  2050  2050 D u-blox  : ublox::CCfg::print: Index: LEVER_ARM_VRP_IMU_Y, Data: 0
10-29 22:20:21.548  2050  2050 D u-blox  : ublox::CCfg::print: Index: LEVER_ARM_VRP_IMU_Z, Data: 0
10-29 22:20:21.655  2068  2068 I android.hardware.wifi@1.2-service.vf_ecockpit: Wifi Hal is booting up...
10-29 22:20:21.656  2068  2068 I ServiceManagement: Removing namespace from process name android.hardware.wifi@1.2-service.vf_ecockpit to wifi@1.2-service.vf_ecockpit.
10-29 22:20:21.704  2069  2080 D sd_stub : [debug  ] SdSession client from pid: 2047, uid: 0, gid: 0
10-29 22:20:21.704  2069  2080 I sd_stub : [info   ] PROXY REQUEST_SERVICE - client: 1112, service: 1111:0
10-29 22:20:21.704  2069  2080 D sd_stub : [debug  ] Send network service to proxy @PID: 2047
10-29 22:20:21.728  2050  2050 I android.hardwar: type=1400 audit(0.0:10): avc: denied { dac_override } for capability=1 scontext=u:r:hal_gnss_ubx:s0 tcontext=u:r:hal_gnss_ubx:s0 tclass=capability permissive=1
10-29 22:20:21.729  2050  2050 V u-blox  : ublox::CGnssDriver::logVersionInfo: Driver version 21.04 (02d2d07a71)
10-29 22:20:21.729  2050  2050 V u-blox  : ublox::CGnssDriver::logVersionInfo: libMGA version 19.10
10-29 22:20:21.729  2050  2050 V u-blox  : ublox::CGnssDriver::logVersionInfo: libParser version 20.09
10-29 22:20:21.730  2050  2050 V u-blox  : ublox::CMainThreadHandler::waitInitialized: Wait for ubx-thread to get ready
10-29 22:20:21.730  2050  2098 V u-blox  : ublox::CUbxThread::loop: (3684693232): Gps background thread started
10-29 22:20:21.730  2050  2098 V u-blox  : ublox::CUbxThread::handleInit: (3684693232): Init state. Signal main-thread to continue
10-29 22:20:21.730  2050  2098 V u-blox  : ublox::CUbxThread::signalCmdComplete: Signal to waiting threads the result of the last command: 1
10-29 22:20:21.730  2050  2098 V u-blox  : ublox::CUbxThread::signalCmdComplete: Signaling of result completed. Wait for main-thread
10-29 22:20:21.730  2050  2098 V u-blox  : ublox::CUbxThread::signalCmdComplete: Wait for ubx-main to signalise that everything is ready for normal operation
10-29 22:20:21.730  2050  2050 V u-blox  : ublox::CMainThreadHandler::startLoop: Signal to the waiting ubx-thread that main-thread is ready
10-29 22:20:21.730  2050  2050 E u-blox  : ublox::CGnssDriver::setStatus: Gnss Driver is not ready (callbacks are not set yet)
10-29 22:20:21.730  2050  2050 V u-blox  : ublox::CMainThreadHandler::startLoop: Signaling of readyness completed. Return normally and let ubx-thread continue
10-29 22:20:21.731  2050  2098 V u-blox  : ublox::CUbxThread::signalCmdComplete: Initialisation complete. main-thread seems to be ready. Continue.
10-29 22:20:21.731  2050  2098 V u-blox  : ublox::CUbxThread::handleInit: Signaled main-thread to continue
10-29 22:20:21.731  2050  2098 V u-blox  : ublox::CUbxThread::loop: Starting ubx-thread main loop
10-29 22:20:21.731  2050  2098 V u-blox  : ublox::CUbxThread::connectReceiver: Open/Reopen the serial port
10-29 22:20:21.731  2050  2050 I ServiceManagement: Removing namespace from process name android.hardware.gnss@1.1-service-ubx to gnss@1.1-service-ubx.
10-29 22:20:21.731  2050  2098 V u-blox  : CSerialPort::openSerial: Serial port opened, fd = 10
10-29 22:20:21.731  2050  2098 V u-blox  : ublox::CUbxThread::connectReceiver: Init receiver 
10-29 22:20:21.734  2050  2050 I         : UBX GNSS HAL Ready.
10-29 22:20:21.739  2050  2050 V u-blox  : ublox::CSensorsDriver::setReportEventCallback: CSenors Interface Initialized Successfully!
10-29 22:20:21.740  2050  2050 I         : UBX Sensors HAL Ready.
10-29 22:20:21.804  2047  2056 W VINFAST_dsp_dione: [warning] do_send_wait_ack for uuid 0 timeout
10-29 22:20:21.808  2047  2060 I VINFAST_dsp_dione: Service: 0X1111:0X0, status: 1
10-29 22:20:21.808  2047  2056 I VINFAST_dsp_dione: [info   ] [StreamClient] Connected
10-29 22:20:21.932  2050  2098 V u-blox  : CUbxGpsState::writeUbxCfgPort: Send CFG-Port baudrate=115200
10-29 22:20:22.032  2050  2098 V u-blox  : CUbxGpsState::writeUbxCfgMsg: Sent CFG-MSG id=0A-09 (enable UBX-MON-HW)
10-29 22:20:22.121  2069  2080 D sd_stub : [debug  ] SdSession client from pid: 1914, uid: 0, gid: 1000
10-29 22:20:22.121  1914  1949 D VehicleHalSomeip: [debug  ] [SdProxy] Connected to SD stub
10-29 22:20:22.121  1914  1949 D VehicleHalSomeip: [debug  ] [SdProxy] launch thread to resend request...
10-29 22:20:22.122  1914  1949 D VehicleHalSomeip: [debug  ] [SdProxy] AS_RESPONSE_SERVICE, ID: 111A, instance: 0, @192.168.57.1:4378/0, state:true
10-29 22:20:22.122  2069  2080 I sd_stub : [info   ] PROXY REQUEST_SERVICE - client: 111A, service: 111A:0
10-29 22:20:22.122  2069  2080 D sd_stub : [debug  ] Send network service to proxy @PID: 1914
10-29 22:20:22.133  2050  2098 V u-blox  : CUbxGpsState::forceTurnOff: The receiver output is disabled!
10-29 22:20:22.133  2050  2098 V u-blox  : CUbxGpsState::powerOff: placeholder for power OFF function
10-29 22:20:22.133  2050  2098 V u-blox  : CUbxGpsState::forceTurnOff: The receiver is powered off!
10-29 22:20:22.133  2050  2098 V u-blox  : ublox::CGnssDriver::setStatus: Driver status change: 0 => 4
10-29 22:20:22.133  2050  2098 E u-blox  : Gnss HIDL interface not set: setCallback has not been called
10-29 22:20:22.208  2073  2073 I ConfigStore: android::hardware::configstore::V1_0::ISurfaceFlingerConfigs::startGraphicsAllocatorService retrieved: 0
10-29 22:20:22.222  1914  1949 W VehicleHalSomeip: [warning] do_send_wait_ack for uuid 0 timeout
10-29 22:20:22.222  1914  1949 D VehicleHalSomeip: [debug  ] [SdProxy] thread send done!
10-29 22:20:22.223  1914  1949 D VehicleHalSomeip: [debug  ] [StreamClient] Connecting to 192.168.57.1:4378...
10-29 22:20:22.224  1914  1949 D VehicleHalSomeip: [debug  ] [StreamClient] Bind stream client to iccom, fd: 11
10-29 22:20:22.224  1914  1949 I VehicleHalSomeip: [info   ] Service: 111A:0, status: true
10-29 22:20:22.224  1914  1949 D VehicleHalSomeip: [debug  ] [SdProxy] RESPONSE uuid: 0, result: true
10-29 22:20:22.225  1914  1949 I VehicleHalSomeip: [info   ] [StreamClient] Connected
10-29 22:20:22.244  2069  2080 I sd_stub : [info   ] SD OFFER - service 111A:0, version 0.FFFFFFFF, ttl: 3C, mcast: true, sid: 1B : @192.168.57.1, TCP: 4378; 
10-29 22:20:22.245  2069  2080 I sd_stub : [info   ] SD OFFER - service 1111:0, version 0.FFFFFFFF, ttl: 3C, mcast: true, sid: 1B : @192.168.57.1, TCP: 4369; 
10-29 22:20:22.256  2073  2073 I SurfaceFlinger: Using HWComposer service: 'default'
10-29 22:20:22.256  2073  2073 I SurfaceFlinger: SurfaceFlinger is starting
10-29 22:20:22.257  2073  2073 I ConfigStore: android::hardware::configstore::V1_0::ISurfaceFlingerConfigs::vsyncEventPhaseOffsetNs retrieved: 1000000 (default)
10-29 22:20:22.258  2073  2073 I ConfigStore: android::hardware::configstore::V1_0::ISurfaceFlingerConfigs::vsyncSfEventPhaseOffsetNs retrieved: 1000000 (default)
10-29 22:20:22.258  2073  2073 I ConfigStore: android::hardware::configstore::V1_0::ISurfaceFlingerConfigs::hasSyncFramework retrieved: 1
10-29 22:20:22.258  2073  2073 I ConfigStore: android::hardware::configstore::V1_0::ISurfaceFlingerConfigs::presentTimeOffsetFromVSyncNs retrieved: 0
10-29 22:20:22.258  2073  2073 I ConfigStore: android::hardware::configstore::V1_0::ISurfaceFlingerConfigs::useHwcForRGBtoYUV retrieved: 0
10-29 22:20:22.258  2073  2073 I ConfigStore: android::hardware::configstore::V1_0::ISurfaceFlingerConfigs::maxVirtualDisplaySize retrieved: 0 (default)
10-29 22:20:22.259  2073  2073 I ConfigStore: android::hardware::configstore::V1_0::ISurfaceFlingerConfigs::useVrFlinger retrieved: 0 (default)
10-29 22:20:22.259  2073  2073 I ConfigStore: android::hardware::configstore::V1_0::ISurfaceFlingerConfigs::maxFrameBufferAcquiredBuffers retrieved: 2 (default)
10-29 22:20:22.259  2073  2073 I ConfigStore: android::hardware::configstore::V1_0::ISurfaceFlingerConfigs::hasWideColorDisplay retrieved: 0
10-29 22:20:22.260  2073  2073 I ConfigStore: android::hardware::configstore::V1_1::ISurfaceFlingerConfigs::primaryDisplayOrientation retrieved: ORIENTATION_0 (default)
10-29 22:20:22.260  2073  2073 I SurfaceFlinger: Enabling HWC virtual displays
10-29 22:20:22.260  2073  2073 I SurfaceFlinger: Disabling Triple Buffering
10-29 22:20:22.260  2073  2073 I SurfaceFlinger: Treble testing override: 'false'
10-29 22:20:22.261  2073  2073 I SurfaceFlinger: SurfaceFlinger's main thread ready to run. Initializing graphics H/W...
10-29 22:20:22.261  2073  2073 I SurfaceFlinger: Phase offest NS: 1000000
10-29 22:20:22.743  2073  2073 D libEGL  : loaded /vendor/lib64/egl/libEGL_POWERVR_ROGUE.so
10-29 22:20:22.792  2050  2098 V u-blox  : ublox::CUbxThread::handleMessage: MSG UBX 0x06 0x2f
10-29 22:20:22.792  2050  2098 V u-blox  : ublox::CSensorsDriver::leverArmUpdate: IMU-to-CRP lever-arm configuration on receiver: (0, 0, 0)
10-29 22:20:22.793  2050  2098 V u-blox  : ublox::CSensorsDriver::leverArmUpdate: IMU-to-VRP lever-arm configuration on receiver: (0, 0, 0)
10-29 22:20:22.793  2050  2098 V u-blox  : ublox::CSensorsDriver::leverArmUpdate: IMU-to-Antenna lever-arm configuration on receiver: (0, 0, 0)
10-29 22:20:22.793  2050  2098 V u-blox  : ublox::CSensorsDriver::leverArmUpdate: VRP-to-IMU lever-arm configuration on receiver: (0, 0, 0)
10-29 22:20:22.793  2050  2098 V u-blox  : ublox::CSensorsDriver::leverArmUpdate: VRP-to-Antenna lever-arm configuration on receiver: (0, 0, 0)
10-29 22:20:22.793  2050  2098 V u-blox  : ublox::CSensorsDriver::sendLeverArmUpdate: Lever-arm configurations are up-to-date on receiver
10-29 22:20:22.793  2050  2098 V u-blox  : ublox::CUbxThread::handleMessage: MSG UBX 0x05 0x01
10-29 22:20:23.041  2051  2051 I ServiceManagement: Removing namespace from process name android.hardware.graphics.allocator@2.0-service to allocator@2.0-service.
10-29 22:20:23.042  2051  2051 I android.hardware.graphics.allocator@2.0-service: Registration complete for android.hardware.graphics.allocator@2.0::IAllocator/default.
10-29 22:20:23.079  2073  2073 D libEGL  : loaded /vendor/lib64/egl/libGLESv1_CM_POWERVR_ROGUE.so
10-29 22:20:23.109  1992  1992 D AndroidRuntime: >>>>>> START com.android.internal.os.ZygoteInit uid 0 <<<<<<
10-29 22:20:23.122  1914  1949 I VehicleHalSomeip: [info   ] [Client] Subscribe use port: 42388:0
10-29 22:20:23.122  1914  1949 I VehicleHalSomeip: [info   ] [SdProxy] subscribe client: 111A, service: 111A:0, group: 1
10-29 22:20:23.123  2069  2080 I sd_stub : [info   ] PROXY REQUEST_SUBSCRIBE - client: 111A @192.168.57.100:42388:0 - service: 111A:0, group: 1, PID: 1914
10-29 22:20:23.123  1914  1949 D VehicleHalSomeip: [debug  ] [SdProxy] RESPONSE uuid: 1, result: true
10-29 22:20:23.123  1914  1954 D VehicleHalImpl: queryPropertyData: INFO_VIN | 0x11100100 | areaId: 0 QUERY
10-29 22:20:23.127  2069  2080 I sd_stub : [info   ] SD SUBSCRIBE_ACK - service: 111A:0, version: 0, group_id: 1, TTL: 3C, mcast: false, sid: 2, counter: 0
10-29 22:20:23.127  2069  2080 D sd_stub : [debug  ] sd_handle_event_ack - send to PID: 1914
10-29 22:20:23.127  1914  1949 D VehicleHalSomeip: [debug  ] [SdProxy] AS_RESPONSE_SUBSCRIBE - client 111A, service: 111A, instance: 0, group: 1, tcp: 42388, udp: 0, pid: 0, result: true
10-29 22:20:23.127  1914  1949 D VehicleHalSomeip: [debug  ] Subscribe to service: 111A:0, group: 1 result: true
10-29 22:20:23.135  1914  1954 D VehicleHalImpl: queryPropertyData: INFO_VIN | 0x11100100 | areaId: 0 | RESULT string { 0000000 }
10-29 22:20:23.139  2073  2073 D libEGL  : loaded /vendor/lib64/egl/libGLESv2_POWERVR_ROGUE.so
10-29 22:20:23.146  1914  1954 D VehicleHalImpl: queryPropertyData: INFO_MAKE | 0x11100101 | areaId: 0 QUERY
10-29 22:20:23.167  2073  2073 I ConfigStore: android::hardware::configstore::V1_0::ISurfaceFlingerConfigs::hasWideColorDisplay retrieved: 0
10-29 22:20:23.168  2073  2073 I ConfigStore: android::hardware::configstore::V1_0::ISurfaceFlingerConfigs::hasHDRDisplay retrieved: 0
10-29 22:20:23.169  2073  2073 I SurfaceFlinger: EGL information:
10-29 22:20:23.169  2073  2073 I SurfaceFlinger: vendor    : Android
10-29 22:20:23.169  2073  2073 I SurfaceFlinger: version   : 1.4 Android META-EGL
10-29 22:20:23.169  2073  2073 I SurfaceFlinger: extensions: EGL_KHR_get_all_proc_addresses EGL_ANDROID_presentation_time EGL_KHR_swap_buffers_with_damage EGL_ANDROID_get_native_client_buffer EGL_ANDROID_front_buffer_auto_refresh EGL_ANDROID_get_frame_timestamps EGL_EXT_surface_SMPTE2086_metadata EGL_EXT_surface_CTA861_3_metadata EGL_KHR_image EGL_KHR_image_base EGL_KHR_gl_texture_2D_image EGL_KHR_gl_texture_cubemap_image EGL_KHR_gl_renderbuffer_image EGL_KHR_fence_sync EGL_KHR_create_context EGL_KHR_surfaceless_context EGL_EXT_create_context_robustness EGL_ANDROID_image_native_buffer EGL_KHR_wait_sync EGL_ANDROID_recordable EGL_KHR_partial_update EGL_EXT_pixel_format_float EGL_EXT_buffer_age EGL_KHR_mutable_render_buffer EGL_EXT_yuv_surface EGL_IMG_context_priority 
10-29 22:20:23.169  2073  2073 I SurfaceFlinger: Client API: OpenGL_ES
10-29 22:20:23.169  2073  2073 I SurfaceFlinger: EGLSurface: 8-8-8-8, config=0x23
10-29 22:20:23.185  1914  1954 D VehicleHalImpl: queryPropertyData: INFO_MAKE | 0x11100101 | areaId: 0 | RESULT string { VINFAST }
10-29 22:20:23.196  1914  1954 D VehicleHalImpl: queryPropertyData: INFO_MODEL | 0x11100102 | areaId: 0 QUERY
10-29 22:20:23.197  1914  1952 D VehicleHalImpl: ENV_OUTSIDE_TEMPERATURE | 0x00000703 | Area: 0x1000000 | NOTIFY | float { 0 } 
10-29 22:20:23.197  1914  1952 D VehicleHalImpl: GEAR_SELECTION | 0x00000400 | Area: 0x1000000 | NOTIFY | int32_t { 2 } 
10-29 22:20:23.197  1914  1952 D VehicleHalImpl: OPERATION_POWER_STATE | 0x000005c9 | Area: 0x1000000 | NOTIFY | int32_t { 4 } 
10-29 22:20:23.239  1914  1954 D VehicleHalImpl: queryPropertyData: INFO_MODEL | 0x11100102 | areaId: 0 | RESULT string { INVALID }
10-29 22:20:23.247  2069  2080 I sd_stub : [info   ] SD OFFER - service 111A:0, version 0.FFFFFFFF, ttl: 3C, mcast: true, sid: 1C : @192.168.57.1, TCP: 4378; 
10-29 22:20:23.247  2069  2080 D sd_stub : [debug  ] Response subscribe to 111A:0, 1 subscribers
10-29 22:20:23.247  2069  2080 I sd_stub : [info   ] SD OFFER - service 1111:0, version 0.FFFFFFFF, ttl: 3C, mcast: true, sid: 1C : @192.168.57.1, TCP: 4369; 
10-29 22:20:23.249  1914  1954 D VehicleHalImpl: queryPropertyData: PARKING_BRAKE_ON | 0x11200402 | areaId: 0 QUERY
10-29 22:20:23.266  2069  2080 I sd_stub : [info   ] SD SUBSCRIBE_ACK - service: 111A:0, version: 0, group_id: 1, TTL: 3C, mcast: false, sid: 3, counter: 0
10-29 22:20:23.266  2069  2080 D sd_stub : [debug  ] sd_handle_event_ack - send to PID: 1914
10-29 22:20:23.267  1914  1949 D VehicleHalSomeip: [debug  ] [SdProxy] AS_RESPONSE_SUBSCRIBE - client 111A, service: 111A, instance: 0, group: 1, tcp: 42388, udp: 0, pid: 0, result: true
10-29 22:20:23.267  1914  1949 D VehicleHalSomeip: [debug  ] Subscribe to service: 111A:0, group: 1 result: true
10-29 22:20:23.310  1914  1952 D VehicleHalImpl: ENV_OUTSIDE_TEMPERATURE | 0x00000703 | Area: 0x1000000 | NOTIFY | float { 0 } 
10-29 22:20:23.310  1914  1952 D VehicleHalImpl: GEAR_SELECTION | 0x00000400 | Area: 0x1000000 | NOTIFY | int32_t { 2 } 
10-29 22:20:23.310  1914  1952 D VehicleHalImpl: OPERATION_POWER_STATE | 0x000005c9 | Area: 0x1000000 | NOTIFY | int32_t { 4 } 
10-29 22:20:23.311  1914  1954 D VehicleHalImpl: queryPropertyData: PARKING_BRAKE_ON | 0x11200402 | areaId: 0 | RESULT int32_t { 0 } 
10-29 22:20:23.321  1914  1954 D VehicleHalImpl: queryPropertyData: NIGHT_MODE | 0x11200407 | areaId: 0 QUERY
10-29 22:20:23.335  1914  1954 D VehicleHalImpl: queryPropertyData: NIGHT_MODE | 0x11200407 | areaId: 0 | RESULT int32_t { 0 } 
10-29 22:20:23.346  1914  1954 D VehicleHalImpl: queryPropertyData: INFO_MODEL_YEAR | 0x11400103 | areaId: 0 QUERY
10-29 22:20:23.410  1914  1952 D VehicleHalImpl: ENV_OUTSIDE_TEMPERATURE | 0x00000703 | Area: 0x1000000 | NOTIFY | float { 0 } 
10-29 22:20:23.410  1914  1952 D VehicleHalImpl: GEAR_SELECTION | 0x00000400 | Area: 0x1000000 | NOTIFY | int32_t { 2 } 
10-29 22:20:23.410  1914  1952 D VehicleHalImpl: OPERATION_POWER_STATE | 0x000005c9 | Area: 0x1000000 | NOTIFY | int32_t { 4 } 
10-29 22:20:23.411  1914  1954 D VehicleHalImpl: queryPropertyData: INFO_MODEL_YEAR | 0x11400103 | areaId: 0 | RESULT int32_t { 2021 } 
10-29 22:20:23.421  1914  1954 D VehicleHalImpl: queryPropertyData: GEAR_SELECTION | 0x11400400 | areaId: 0 QUERY
10-29 22:20:23.436  1914  1954 D VehicleHalImpl: queryPropertyData: GEAR_SELECTION | 0x11400400 | areaId: 0 | RESULT int32_t { 2 } 
10-29 22:20:23.446  1914  1954 D VehicleHalImpl: queryPropertyData: HVAC_STEERING_WHEEL_HEAT | 0x1140050d | areaId: 0 QUERY
10-29 22:20:23.536  1914  1952 D VehicleHalImpl: ENV_OUTSIDE_TEMPERATURE | 0x00000703 | Area: 0x1000000 | NOTIFY | float { 0 } 
10-29 22:20:23.536  1914  1952 D VehicleHalImpl: GEAR_SELECTION | 0x00000400 | Area: 0x1000000 | NOTIFY | int32_t { 2 } 
10-29 22:20:23.536  1914  1952 D VehicleHalImpl: OPERATION_POWER_STATE | 0x000005c9 | Area: 0x1000000 | NOTIFY | int32_t { 4 } 
10-29 22:20:23.536  1914  1952 D VehicleHalImpl: MASTER_WARN_STATUS | 0x00000630 | Area: 0x1000000 | NOTIFY | int32_t { 16777218 } 
10-29 22:20:23.536  1914  1954 D VehicleHalImpl: queryPropertyData: HVAC_STEERING_WHEEL_HEAT | 0x1140050d | areaId: 0 | RESULT int32_t { 0 } 
10-29 22:20:23.544  1992  1992 I zygote64: option[0]=-Xzygote
10-29 22:20:23.544  1992  1992 I zygote64: option[1]=-Xusetombstonedtraces
10-29 22:20:23.544  1992  1992 I zygote64: option[2]=exit
10-29 22:20:23.544  1992  1992 I zygote64: option[3]=vfprintf
10-29 22:20:23.544  1992  1992 I zygote64: option[4]=sensitiveThread
10-29 22:20:23.544  1992  1992 I zygote64: option[5]=-verbose:gc
10-29 22:20:23.544  1992  1992 I zygote64: option[6]=-Xms16m
10-29 22:20:23.544  1992  1992 I zygote64: option[7]=-Xmx512m
10-29 22:20:23.544  1992  1992 I zygote64: option[8]=-XX:HeapGrowthLimit=192m
10-29 22:20:23.544  1992  1992 I zygote64: option[9]=-XX:HeapMinFree=512k
10-29 22:20:23.544  1992  1992 I zygote64: option[10]=-XX:HeapMaxFree=8m
10-29 22:20:23.544  1992  1992 I zygote64: option[11]=-XX:HeapTargetUtilization=0.75
10-29 22:20:23.544  1992  1992 I zygote64: option[12]=-Xusejit:true
10-29 22:20:23.544  1992  1992 I zygote64: option[13]=-Xjitsaveprofilinginfo
10-29 22:20:23.544  1992  1992 I zygote64: option[14]=-XjdwpOptions:suspend=n,server=y
10-29 22:20:23.544  1992  1992 I zygote64: option[15]=-XjdwpProvider:default
10-29 22:20:23.544  1992  1992 I zygote64: option[16]=-Xlockprofthreshold:500
10-29 22:20:23.544  1992  1992 I zygote64: option[17]=-Ximage-compiler-option
10-29 22:20:23.544  1992  1992 I zygote64: option[18]=--runtime-arg
10-29 22:20:23.544  1992  1992 I zygote64: option[19]=-Ximage-compiler-option
10-29 22:20:23.544  1992  1992 I zygote64: option[20]=-Xms64m
10-29 22:20:23.544  1992  1992 I zygote64: option[21]=-Ximage-compiler-option
10-29 22:20:23.544  1992  1992 I zygote64: option[22]=--runtime-arg
10-29 22:20:23.544  1992  1992 I zygote64: option[23]=-Ximage-compiler-option
10-29 22:20:23.544  1992  1992 I zygote64: option[24]=-Xmx64m
10-29 22:20:23.544  1992  1992 I zygote64: option[25]=-Ximage-compiler-option
10-29 22:20:23.544  1992  1992 I zygote64: option[26]=--profile-file=/system/etc/boot-image.prof
10-29 22:20:23.544  1992  1992 I zygote64: option[27]=-Ximage-compiler-option
10-29 22:20:23.544  1992  1992 I zygote64: option[28]=--compiler-filter=speed-profile
10-29 22:20:23.544  1992  1992 I zygote64: option[29]=-Xcompiler-option
10-29 22:20:23.544  1992  1992 I zygote64: option[30]=--runtime-arg
10-29 22:20:23.544  1992  1992 I zygote64: option[31]=-Xcompiler-option
10-29 22:20:23.545  1992  1992 I zygote64: option[32]=-Xms64m
10-29 22:20:23.545  1992  1992 I zygote64: option[33]=-Xcompiler-option
10-29 22:20:23.545  1992  1992 I zygote64: option[34]=--runtime-arg
10-29 22:20:23.545  1992  1992 I zygote64: option[35]=-Xcompiler-option
10-29 22:20:23.545  1992  1992 I zygote64: option[36]=-Xmx512m
10-29 22:20:23.545  1992  1992 I zygote64: option[37]=-Ximage-compiler-option
10-29 22:20:23.545  1992  1992 I zygote64: option[38]=--instruction-set-variant=cortex-a53
10-29 22:20:23.545  1992  1992 I zygote64: option[39]=-Xcompiler-option
10-29 22:20:23.545  1992  1992 I zygote64: option[40]=--instruction-set-variant=cortex-a53
10-29 22:20:23.545  1992  1992 I zygote64: option[41]=-Ximage-compiler-option
10-29 22:20:23.545  1992  1992 I zygote64: option[42]=--instruction-set-features=default
10-29 22:20:23.545  1992  1992 I zygote64: option[43]=-Xcompiler-option
10-29 22:20:23.545  1992  1992 I zygote64: option[44]=--instruction-set-features=default
10-29 22:20:23.545  1992  1992 I zygote64: option[45]=-Duser.locale=en-US
10-29 22:20:23.545  1992  1992 I zygote64: option[46]=--cpu-abilist=arm64-v8a
10-29 22:20:23.545  1992  1992 I zygote64: option[47]=-Xfingerprint:Vinfast/vf_b4_ecockpit/vf_b4_ecockpit:9/PQ2A.190405.003-RELtest-r8a7795/210:userdebug/test-keys
10-29 22:20:23.546  1914  1954 D VehicleHalImpl: queryPropertyData: AP_POWER_BOOTUP_REASON | 0x11400a02 | areaId: 0 QUERY
10-29 22:20:23.576  2073  2073 I SurfaceFlinger: OpenGL ES informations:
10-29 22:20:23.576  2073  2073 I SurfaceFlinger: vendor    : Imagination Technologies
10-29 22:20:23.576  2073  2073 I SurfaceFlinger: renderer  : PowerVR Rogue GX6650
10-29 22:20:23.576  2073  2073 I SurfaceFlinger: version   : OpenGL ES 3.2 build 1.10@5187610 -458592f6-dirty
