10-29 22:20:36.824  2354  2354 I system_server: type=1400 audit(0.0:17): avc: denied { getattr } for path="/sys/devices/platform/soc/soc:i2c-icbus-4/i2c-4/4-0041/rtc/rtc0/hctosys" dev="sysfs" ino=11313 scontext=u:r:system_server:s0 tcontext=u:object_r:sysfs:s0 tclass=file permissive=1
10-29 22:20:36.836  1914  1952 D VehicleHalImpl: ENV_OUTSIDE_TEMPERATURE | 0x00000703 | Area: 0x1000000 | NOTIFY | float { 0 } 
10-29 22:20:36.836  1914  1952 D VehicleHalImpl: GEAR_SELECTION | 0x00000400 | Area: 0x1000000 | NOTIFY | int32_t { 2 } 
10-29 22:20:36.836  1914  1952 D VehicleHalImpl: OPERATION_POWER_STATE | 0x000005c9 | Area: 0x1000000 | NOTIFY | int32_t { 4 } 
10-29 22:20:36.836  1914  1954 D VehicleHalImpl: queryPropertyData: LIGHT_STATUS | 0x2840052a | areaId: 4 | RESULT int32_t { 0 } 
10-29 22:20:36.843  2354  2354 D SystemServerTiming: StartAlarmManagerService took to complete: 32ms
10-29 22:20:36.843  2354  2354 I SystemServer: InitWatchdog
10-29 22:20:36.844  2354  2354 D SystemServerTiming: InitWatchdog took to complete: 0ms
10-29 22:20:36.844  2354  2354 I SystemServer: StartInputManagerService
10-29 22:20:36.844  2354  2354 I InputManager: Initializing input manager, mUseDevInputEventForAudioJack=false
10-29 22:20:36.847  1914  1954 D VehicleHalImpl: queryPropertyData: LIGHT_STATUS | 0x2840052a | areaId: 5 QUERY
10-29 22:20:36.855  2354  2354 D SystemServerTiming: StartInputManagerService took to complete: 11ms
10-29 22:20:36.856  2354  2354 I SystemServer: StartWindowManagerService
10-29 22:20:36.862  1914  1954 D VehicleHalImpl: queryPropertyData: LIGHT_STATUS | 0x2840052a | areaId: 5 | RESULT int32_t { 0 } 
10-29 22:20:36.872  1914  1954 D VehicleHalImpl: queryPropertyData: LIGHT_STATUS | 0x2840052a | areaId: 6 QUERY
10-29 22:20:36.881  2354  2385 I WindowManager: No existing display settings /data/system/display_settings.xml; starting empty
10-29 22:20:36.903  2354  2354 D SystemServerTiming: StartWindowManagerService took to complete: 47ms
10-29 22:20:36.903  2354  2354 I SystemServer: SetWindowManagerService
10-29 22:20:36.936  1914  1952 D VehicleHalImpl: ENV_OUTSIDE_TEMPERATURE | 0x00000703 | Area: 0x1000000 | NOTIFY | float { 0 } 
10-29 22:20:36.936  1914  1952 D VehicleHalImpl: GEAR_SELECTION | 0x00000400 | Area: 0x1000000 | NOTIFY | int32_t { 2 } 
10-29 22:20:36.936  1914  1952 D VehicleHalImpl: OPERATION_POWER_STATE | 0x000005c9 | Area: 0x1000000 | NOTIFY | int32_t { 4 } 
10-29 22:20:36.936  1914  1954 D VehicleHalImpl: queryPropertyData: LIGHT_STATUS | 0x2840052a | areaId: 6 | RESULT int32_t { 0 } 
10-29 22:20:36.947  1914  1954 D VehicleHalImpl: queryPropertyData: LIGHT_STATUS | 0x2840052a | areaId: 7 QUERY
10-29 22:20:36.961  2354  2354 D SystemServerTiming: SetWindowManagerService took to complete: 58ms
10-29 22:20:36.962  2354  2354 I SystemServer: WindowManagerServiceOnInitReady
10-29 22:20:36.962  1914  1954 D VehicleHalImpl: queryPropertyData: LIGHT_STATUS | 0x2840052a | areaId: 7 | RESULT int32_t { 0 } 
10-29 22:20:36.972  1914  1954 D VehicleHalImpl: queryPropertyData: LIGHT_STATUS | 0x2840052a | areaId: 8 QUERY
10-29 22:20:37.003  2354  2354 D SystemServerTiming: WindowManagerServiceOnInitReady took to complete: 42ms
10-29 22:20:37.004  2354  2354 I SystemServer: StartInputManager
10-29 22:20:37.004  2354  2424 D SystemServerInitThreadPool: Started executing StartHidlServices
10-29 22:20:37.004  2354  2354 I InputManager: Starting input manager
10-29 22:20:37.008  2354  2424 D SystemServerTimingAsync: StartHidlServices took to complete: 4ms
10-29 22:20:37.009  2354  2424 D SystemServerInitThreadPool: Finished executing StartHidlServices
10-29 22:20:37.010  2354  2354 D SystemServerTiming: StartInputManager took to complete: 5ms
10-29 22:20:37.010  2354  2354 I SystemServer: DisplayManagerWindowManagerAndInputReady
10-29 22:20:37.010  2354  2354 D SystemServerTiming: DisplayManagerWindowManagerAndInputReady took to complete: 0ms
10-29 22:20:37.010  2354  2354 I SystemServer: StartBluetoothService
10-29 22:20:37.010  2354  2354 I SystemServiceManager: Starting com.android.server.BluetoothService
10-29 22:20:37.020  2354  2354 D BluetoothManagerService: Loading stored name and address
10-29 22:20:37.020  2354  2354 D BluetoothManagerService: Stored bluetooth Name=Vinfast-B4-r8a7795,Address=2C:4C:C6:F4:83:F5
10-29 22:20:37.021  2354  2354 D BluetoothManagerService: Bluetooth persisted state: 1
10-29 22:20:37.021  2354  2354 D BluetoothManagerService: Startup: Bluetooth persisted state is ON.
10-29 22:20:37.023  2354  2354 D BluetoothManagerService: Detected SystemUiUid: -1
10-29 22:20:37.023  2354  2354 D SystemServerTiming: StartBluetoothService took to complete: 13ms
10-29 22:20:37.023  2354  2354 I SystemServer: IpConnectivityMetrics
10-29 22:20:37.023  2354  2354 I SystemServiceManager: Starting com.android.server.connectivity.IpConnectivityMetrics
10-29 22:20:37.031  2354  2354 D SystemServerTiming: IpConnectivityMetrics took to complete: 7ms
10-29 22:20:37.031  2354  2354 I SystemServer: NetworkWatchlistService
10-29 22:20:37.031  2354  2354 I SystemServiceManager: Starting com.android.server.net.watchlist.NetworkWatchlistService$Lifecycle
10-29 22:20:37.036  2354  2438 I InputReader: Device added: id=-1, name='Virtual', sources=0x00000301
10-29 22:20:37.046  2354  2354 I WatchlistSettings: Reload watchlist settings done
10-29 22:20:37.047  2354  2439 I WatchlistLoggingHandler: Last report time is larger than current time, reset report
10-29 22:20:37.050  2354  2354 D SystemServerTiming: NetworkWatchlistService took to complete: 18ms
10-29 22:20:37.050  2354  2354 I SystemServer: PinnerService
10-29 22:20:37.050  2354  2354 I SystemServiceManager: Starting com.android.server.PinnerService
10-29 22:20:37.058  2354  2354 D SystemServerTiming: PinnerService took to complete: 8ms
10-29 22:20:37.058  2354  2354 I SystemServer: StartInputMethodManagerLifecycle
10-29 22:20:37.058  2354  2354 I SystemServiceManager: Starting com.android.server.InputMethodManagerService$Lifecycle
10-29 22:20:37.062  1914  1952 D VehicleHalImpl: ENV_OUTSIDE_TEMPERATURE | 0x00000703 | Area: 0x1000000 | NOTIFY | float { 0 } 
10-29 22:20:37.062  1914  1952 D VehicleHalImpl: GEAR_SELECTION | 0x00000400 | Area: 0x1000000 | NOTIFY | int32_t { 2 } 
10-29 22:20:37.062  1914  1952 D VehicleHalImpl: OPERATION_POWER_STATE | 0x000005c9 | Area: 0x1000000 | NOTIFY | int32_t { 4 } 
10-29 22:20:37.062  1914  1954 D VehicleHalImpl: queryPropertyData: LIGHT_STATUS | 0x2840052a | areaId: 8 | RESULT int32_t { 0 } 
10-29 22:20:37.073  1914  1954 D VehicleHalImpl: queryPropertyData: LIGHT_STATUS | 0x2840052a | areaId: 9 QUERY
10-29 22:20:37.081  2354  2354 D SystemServerTiming: StartInputMethodManagerLifecycle took to complete: 22ms
10-29 22:20:37.081  2354  2354 I SystemServer: StartAccessibilityManagerService
10-29 22:20:37.086  2354  2354 D SystemServerTiming: StartAccessibilityManagerService took to complete: 6ms
10-29 22:20:37.086  2354  2354 I SystemServer: MakeDisplayReady
10-29 22:20:37.088  2354  2354 I ActivityManager: Config changes=20005df8 {1.0 ?mcc?mnc [en_US] ldltr sw1080dp w1920dp h1080dp 160dpi xlrg long land ?uimode ?night -touch -keyb/v/h -nav/h winConfig={ mBounds=Rect(0, 0 - 0, 0) mAppBounds=Rect(0, 0 - 1920, 1080) mWindowingMode=fullscreen mActivityType=undefined} s.2}
10-29 22:20:37.112  1914  1954 D VehicleHalImpl: queryPropertyData: LIGHT_STATUS | 0x2840052a | areaId: 9 | RESULT int32_t { 0 } 
10-29 22:20:37.116  2354  2354 I ActivityManager: Override config changes=60007dfc {1.0 ?mcc?mnc [en_US] ldltr sw1080dp w1920dp h1080dp 160dpi xlrg long land ?uimode ?night -touch -keyb/v/h -nav/h winConfig={ mBounds=Rect(0, 0 - 1920, 1080) mAppBounds=Rect(0, 0 - 1920, 1080) mWindowingMode=fullscreen mActivityType=undefined} s.2} for displayId=0
10-29 22:20:37.122  1914  1954 D VehicleHalImpl: queryPropertyData: LIGHT_STATUS | 0x2840052a | areaId: a QUERY
10-29 22:20:37.125  1914  1952 D VehicleHalImpl: ENV_OUTSIDE_TEMPERATURE | 0x00000703 | Area: 0x1000000 | NOTIFY | float { 0 } 
10-29 22:20:37.125  1914  1952 D VehicleHalImpl: STEERING_ANGLE | 0x00000200 | Area: 0x1000000 | NOTIFY | float { -0.0026 } 
10-29 22:20:37.125  1914  1952 D VehicleHalImpl: PERF_ODOMETER | 0x00000204 | Area: 0x1000000 | NOTIFY | float { 0 } 
10-29 22:20:37.166  2354  2438 I InputReader: Reconfiguring input devices.  changes=0x00000004
10-29 22:20:37.168  1914  1952 D VehicleHalImpl: PERF_VEHICLE_SPEED | 0x00000207 | Area: 0x1000000 | NOTIFY | float { 0 } 
10-29 22:20:37.168  2354  2438 I InputReader: Reconfiguring input devices.  changes=0x00000004
10-29 22:20:37.168  1914  1952 D VehicleHalImpl: GEAR_SELECTION | 0x00000400 | Area: 0x1000000 | NOTIFY | int32_t { 2 } 
10-29 22:20:37.168  1914  1952 D VehicleHalImpl: ENGINE_RPM | 0x00000305 | Area: 0x1000000 | NOTIFY | float { 0 } 
10-29 22:20:37.168  1914  1952 D VehicleHalImpl: FUEL_LEVEL | 0x00000307 | Area: 0x1000000 | NOTIFY | float { 0 } 
10-29 22:20:37.168  1914  1952 D VehicleHalImpl: OPERATION_POWER_STATE | 0x000005c9 | Area: 0x1000000 | NOTIFY | int32_t { 4 } 
10-29 22:20:37.168  1914  1954 D VehicleHalImpl: queryPropertyData: LIGHT_STATUS | 0x2840052a | areaId: a | RESULT int32_t { 0 } 
10-29 22:20:37.174  2354  2438 I InputReader: Reconfiguring input devices.  changes=0x00000004
10-29 22:20:37.175  2354  2354 I ActivityManager: Config changes=20000400 {1.0 ?mcc?mnc [en_US] ldltr sw1080dp w1920dp h907dp 160dpi xlrg long land ?uimode ?night -touch -keyb/v/h -nav/h winConfig={ mBounds=Rect(0, 0 - 0, 0) mAppBounds=Rect(0, 0 - 1920, 968) mWindowingMode=fullscreen mActivityType=undefined} s.3}
10-29 22:20:37.178  1914  1954 D VehicleHalImpl: queryPropertyData: LIGHT_STATUS | 0x2840052a | areaId: d QUERY
10-29 22:20:37.190  2354  2354 I ActivityManager: Override config changes=20000400 {1.0 ?mcc?mnc [en_US] ldltr sw1080dp w1920dp h907dp 160dpi xlrg long land ?uimode ?night -touch -keyb/v/h -nav/h winConfig={ mBounds=Rect(0, 0 - 1920, 1080) mAppBounds=Rect(0, 0 - 1920, 968) mWindowingMode=fullscreen mActivityType=undefined} s.3} for displayId=0
10-29 22:20:37.193  2354  2439 I WatchlistLoggingHandler: No need to aggregate record yet.
10-29 22:20:37.193  2354  2439 I WatchlistLoggingHandler: Milliseconds spent on tryAggregateRecords(): 146
10-29 22:20:37.205  2354  2354 D SystemServerTiming: MakeDisplayReady took to complete: 119ms
10-29 22:20:37.205  2354  2354 I SystemServer: StartStorageManagerService
10-29 22:20:37.206  2354  2354 I SystemServiceManager: Starting com.android.server.StorageManagerService$Lifecycle
10-29 22:20:37.209  2354  2438 I InputReader: Reconfiguring input devices.  changes=0x00000004
10-29 22:20:37.217  2354  2445 D StorageManagerService: Thinking about init, mSystemReady=false, mDaemonConnected=true
10-29 22:20:37.217  2354  2445 D StorageManagerService: Thinking about reset, mSystemReady=false, mDaemonConnected=true
10-29 22:20:37.217  2354  2354 D SystemServerTiming: StartStorageManagerService took to complete: 12ms
10-29 22:20:37.217  2354  2354 I SystemServer: StartStorageStatsService
10-29 22:20:37.218  2354  2354 I SystemServiceManager: Starting com.android.server.usage.StorageStatsService$Lifecycle
10-29 22:20:37.222  2185  2415 D installd: Found quota mount /dev/block/xvda3 at /data
10-29 22:20:37.223  2185  2185 D installd: Found quota mount /dev/block/xvda3 at /data
10-29 22:20:37.225  2354  2354 D SystemServerTiming: StartStorageStatsService took to complete: 8ms
10-29 22:20:37.226  2354  2354 I SystemServer: StartUiModeManager
10-29 22:20:37.226  2354  2354 I SystemServiceManager: Starting com.android.server.UiModeManagerService
10-29 22:20:37.228  2354  2423 D SystemServerInitThreadPool: Started executing UiModeManager.onStart
10-29 22:20:37.229  2354  2354 D SystemServerTiming: StartUiModeManager took to complete: 4ms
10-29 22:20:37.229  2354  2423 I ActivityManager: Config changes=200 {1.0 ?mcc?mnc [en_US] ldltr sw1080dp w1920dp h907dp 160dpi xlrg long land car -touch -keyb/v/h -nav/h winConfig={ mBounds=Rect(0, 0 - 0, 0) mAppBounds=Rect(0, 0 - 1920, 968) mWindowingMode=fullscreen mActivityType=undefined} s.4}
10-29 22:20:37.229  2354  2354 I SystemServer: UpdatePackagesIfNeeded
10-29 22:20:37.230  2354  2354 D SystemServerTiming: UpdatePackagesIfNeeded took to complete: 0ms
10-29 22:20:37.230  2354  2354 I SystemServer: PerformFstrimIfNeeded
10-29 22:20:37.232  2354  2354 D SystemServerTiming: PerformFstrimIfNeeded took to complete: 3ms
10-29 22:20:37.232  2354  2354 I SystemServer: StartLockSettingsService
10-29 22:20:37.237  1914  1952 D VehicleHalImpl: ENV_OUTSIDE_TEMPERATURE | 0x00000703 | Area: 0x1000000 | NOTIFY | float { 0 } 
10-29 22:20:37.237  1914  1952 D VehicleHalImpl: GEAR_SELECTION | 0x00000400 | Area: 0x1000000 | NOTIFY | int32_t { 2 } 
10-29 22:20:37.237  1914  1952 D VehicleHalImpl: OPERATION_POWER_STATE | 0x000005c9 | Area: 0x1000000 | NOTIFY | int32_t { 4 } 
10-29 22:20:37.238  1914  1954 D VehicleHalImpl: queryPropertyData: LIGHT_STATUS | 0x2840052a | areaId: d | RESULT int32_t { 0 } 
10-29 22:20:37.248  1914  1954 D VehicleHalImpl: queryPropertyData: LIGHT_STATUS | 0x2840052a | areaId: e QUERY
10-29 22:20:37.252  2354  2423 I ActivityManager: Override config changes=200 {1.0 ?mcc?mnc [en_US] ldltr sw1080dp w1920dp h907dp 160dpi xlrg long land car -touch -keyb/v/h -nav/h winConfig={ mBounds=Rect(0, 0 - 1920, 1080) mAppBounds=Rect(0, 0 - 1920, 968) mWindowingMode=fullscreen mActivityType=undefined} s.4} for displayId=0
10-29 22:20:37.255  2354  2354 I SystemServiceManager: Starting com.android.server.locksettings.LockSettingsService$Lifecycle
10-29 22:20:37.262  1914  1954 D VehicleHalImpl: queryPropertyData: LIGHT_STATUS | 0x2840052a | areaId: e | RESULT int32_t { 0 } 
10-29 22:20:37.265  2354  2423 D SystemServerInitThreadPool: Finished executing UiModeManager.onStart
10-29 22:20:37.272  1914  1954 D VehicleHalImpl: queryPropertyData: LIGHT_STATUS | 0x2840052a | areaId: f QUERY
10-29 22:20:37.273  2069  2080 I sd_stub : [info   ] SD OFFER - service 111A:0, version 0.FFFFFFFF, ttl: 3C, mcast: true, sid: 2A : @192.168.57.1, TCP: 4378; 
10-29 22:20:37.274  2069  2080 D sd_stub : [debug  ] Response subscribe to 111A:0, 1 subscribers
10-29 22:20:37.274  2069  2080 I sd_stub : [info   ] SD OFFER - service 1111:0, version 0.FFFFFFFF, ttl: 3C, mcast: true, sid: 2A : @192.168.57.1, TCP: 4369; 
10-29 22:20:37.278  2354  2354 D SystemServerTiming: StartLockSettingsService took to complete: 46ms
10-29 22:20:37.279  2354  2354 I SystemServer: StartPersistentDataBlock
10-29 22:20:37.279  2354  2354 I SystemServiceManager: Starting com.android.server.PersistentDataBlockService
10-29 22:20:37.279  2354  2364 I system_server: Background concurrent copying GC freed 21629(1788KB) AllocSpace objects, 16(384KB) LOS objects, 42% free, 5MB/10MB, paused 254us total 176.316ms
10-29 22:20:37.281  2354  2416 D SystemServerInitThreadPool: Started executing PersistentDataBlockService.onStart
10-29 22:20:37.282  2354  2354 D SystemServerTiming: StartPersistentDataBlock took to complete: 3ms
10-29 22:20:37.282  2354  2354 I SystemServer: StartOemLockService
10-29 22:20:37.282  2354  2354 I SystemServiceManager: Starting com.android.server.oemlock.OemLockService
10-29 22:20:37.285  2354  2354 I android_os_HwBinder: HwBinder: Starting thread pool for default::android.hardware.oemlock@1.0::IOemLock
10-29 22:20:37.286  2354  2354 I OemLock : Using vendor lock via the HAL
10-29 22:20:37.289  2354  2354 D SystemServerTiming: StartOemLockService took to complete: 7ms
10-29 22:20:37.289  2354  2354 I SystemServer: StartDeviceIdleController
10-29 22:20:37.289  2354  2354 I SystemServiceManager: Starting com.android.server.DeviceIdleController
10-29 22:20:37.294  2069  2080 I sd_stub : [info   ] SD SUBSCRIBE_ACK - service: 111A:0, version: 0, group_id: 1, TTL: 3C, mcast: false, sid: 11, counter: 0
10-29 22:20:37.294  2069  2080 D sd_stub : [debug  ] sd_handle_event_ack - send to PID: 1914
10-29 22:20:37.294  1914  1949 D VehicleHalSomeip: [debug  ] [SdProxy] AS_RESPONSE_SUBSCRIBE - client 111A, service: 111A, instance: 0, group: 1, tcp: 42388, udp: 0, pid: 0, result: true
10-29 22:20:37.294  1914  1949 D VehicleHalSomeip: [debug  ] Subscribe to service: 111A:0, group: 1 result: true
10-29 22:20:37.298  2354  2354 D SystemServerTiming: StartDeviceIdleController took to complete: 9ms
10-29 22:20:37.298  2354  2354 I SystemServer: StartDevicePolicyManager
10-29 22:20:37.298  2354  2354 I SystemServiceManager: Starting com.android.server.devicepolicy.DevicePolicyManagerService$Lifecycle
10-29 22:20:37.300  2354  2416 E PersistentDataBlockService: not able to find package 
10-29 22:20:37.300  2354  2416 E PersistentDataBlockService: android.content.pm.PackageManager$NameNotFoundException: 
10-29 22:20:37.300  2354  2416 E PersistentDataBlockService: 	at android.app.ApplicationPackageManager.getPackageUidAsUser(ApplicationPackageManager.java:299)
10-29 22:20:37.300  2354  2416 E PersistentDataBlockService: 	at com.android.server.PersistentDataBlockService.getAllowedUid(PersistentDataBlockService.java:113)
10-29 22:20:37.300  2354  2416 E PersistentDataBlockService: 	at com.android.server.PersistentDataBlockService.lambda$onStart$0(PersistentDataBlockService.java:126)
10-29 22:20:37.300  2354  2416 E PersistentDataBlockService: 	at com.android.server.-$$Lambda$PersistentDataBlockService$EZl9OYaT2eNL7kfSr2nKUBjxidk.run(Unknown Source:2)
10-29 22:20:37.300  2354  2416 E PersistentDataBlockService: 	at com.android.server.SystemServerInitThreadPool.lambda$submit$0(SystemServerInitThreadPool.java:64)
10-29 22:20:37.300  2354  2416 E PersistentDataBlockService: 	at com.android.server.-$$Lambda$SystemServerInitThreadPool$7wfLGkZF7FvYZv7xj3ghvuiJJGk.run(Unknown Source:4)
10-29 22:20:37.300  2354  2416 E PersistentDataBlockService: 	at java.util.concurrent.Executors$RunnableAdapter.call(Executors.java:458)
10-29 22:20:37.300  2354  2416 E PersistentDataBlockService: 	at java.util.concurrent.FutureTask.run(FutureTask.java:266)
10-29 22:20:37.300  2354  2416 E PersistentDataBlockService: 	at java.util.concurrent.ThreadPoolExecutor.runWorker(ThreadPoolExecutor.java:1167)
10-29 22:20:37.300  2354  2416 E PersistentDataBlockService: 	at java.util.concurrent.ThreadPoolExecutor$Worker.run(ThreadPoolExecutor.java:641)
10-29 22:20:37.300  2354  2416 E PersistentDataBlockService: 	at com.android.internal.util.ConcurrentUtils$1$1.run(ConcurrentUtils.java:62)
10-29 22:20:37.300  1993  1993 E ActivityRecognitionHardware: activity_recognition HAL is deprecated. class_init is effectively a no-op
10-29 22:20:37.326  2354  2354 D SystemServerTiming: StartDevicePolicyManager took to complete: 28ms
10-29 22:20:37.326  2354  2354 I SystemServer: StartStatusBarManagerService
10-29 22:20:37.335  2354  2354 D SystemServerTiming: StartStatusBarManagerService took to complete: 9ms
10-29 22:20:37.335  2354  2354 I SystemServer: StartClipboardService
10-29 22:20:37.336  2354  2354 I SystemServiceManager: Starting com.android.server.clipboard.ClipboardService
10-29 22:20:37.337  1914  1952 D VehicleHalImpl: ENV_OUTSIDE_TEMPERATURE | 0x00000703 | Area: 0x1000000 | NOTIFY | float { 0 } 
10-29 22:20:37.337  1914  1952 D VehicleHalImpl: GEAR_SELECTION | 0x00000400 | Area: 0x1000000 | NOTIFY | int32_t { 2 } 
10-29 22:20:37.337  1914  1952 D VehicleHalImpl: OPERATION_POWER_STATE | 0x000005c9 | Area: 0x1000000 | NOTIFY | int32_t { 4 } 
10-29 22:20:37.337  1914  1954 D VehicleHalImpl: queryPropertyData: LIGHT_STATUS | 0x2840052a | areaId: f | RESULT int32_t { 0 } 
10-29 22:20:37.338  2354  2354 D SystemServerTiming: StartClipboardService took to complete: 3ms
10-29 22:20:37.338  2354  2354 I SystemServer: StartNetworkManagementService
10-29 22:20:37.343  2354  2446 I NetworkManagement: onDaemonConnected()
10-29 22:20:37.345  2354  2354 D SystemServerTiming: StartNetworkManagementService took to complete: 7ms
10-29 22:20:37.345  2354  2354 I SystemServer: StartIpSecService
10-29 22:20:37.348  1914  1954 D VehicleHalImpl: queryPropertyData: LIGHT_STATUS | 0x2840052a | areaId: 10 QUERY
10-29 22:20:37.349  2354  2354 D SystemServerTiming: StartIpSecService took to complete: 4ms
10-29 22:20:37.349  2354  2354 I SystemServer: StartTextServicesManager
10-29 22:20:37.349  2354  2354 I SystemServiceManager: Starting com.android.server.TextServicesManagerService$Lifecycle
10-29 22:20:37.352  2354  2354 D SystemServerTiming: StartTextServicesManager took to complete: 3ms
10-29 22:20:37.353  2354  2354 I SystemServer: StartTextClassificationManagerService
10-29 22:20:37.353  2354  2354 I SystemServiceManager: Starting com.android.server.textclassifier.TextClassificationManagerService$Lifecycle
10-29 22:20:37.354  2354  2354 D SystemServerTiming: StartTextClassificationManagerService took to complete: 2ms
10-29 22:20:37.355  2354  2354 I SystemServer: StartNetworkScoreService
10-29 22:20:37.355  2354  2354 I SystemServiceManager: Starting com.android.server.NetworkScoreService$Lifecycle
10-29 22:20:37.358  2354  2354 I NetworkScoreService: Registering network_score
10-29 22:20:37.359  2354  2354 D SystemServerTiming: StartNetworkScoreService took to complete: 5ms
10-29 22:20:37.359  2354  2354 I SystemServer: StartNetworkStatsService
10-29 22:20:37.363  1914  1954 D VehicleHalImpl: queryPropertyData: LIGHT_STATUS | 0x2840052a | areaId: 10 | RESULT int32_t { 0 } 
10-29 22:20:37.368  2354  2354 D SystemServerTiming: StartNetworkStatsService took to complete: 9ms
10-29 22:20:37.369  2354  2354 I SystemServer: StartNetworkPolicyManagerService
10-29 22:20:37.373  1914  1954 D VehicleHalImpl: queryPropertyData: ADAS_PA_WARN | 0x29400582 | areaId: 1 QUERY
10-29 22:20:37.379  2354  2354 D SystemServerTiming: StartNetworkPolicyManagerService took to complete: 10ms
10-29 22:20:37.379  2354  2354 I SystemServer: StartWifi
10-29 22:20:37.388  2354  2416 D SystemServerInitThreadPool: Finished executing PersistentDataBlockService.onStart
10-29 22:20:37.459  2354  2354 I SystemServiceManager: Starting com.android.server.wifi.WifiService
10-29 22:20:37.485  1993  1993 I zygote  : Thread[1,tid=1993,Native,Thread*=0xec548000,peer=0x12e40088,"main"] recursive attempt to load library "/system/lib/libmedia_jni.so"
10-29 22:20:37.485  1993  1993 D MtpDeviceJNI: register_android_mtp_MtpDevice
10-29 22:20:37.486  1993  1993 I zygote  : Thread[1,tid=1993,Native,Thread*=0xec548000,peer=0x12e40088,"main"] recursive attempt to load library "/system/lib/libmedia_jni.so"
10-29 22:20:37.486  1993  1993 I zygote  : Thread[1,tid=1993,Native,Thread*=0xec548000,peer=0x12e40088,"main"] recursive attempt to load library "/system/lib/libmedia_jni.so"
10-29 22:20:37.487  1914  1952 D VehicleHalImpl: ENV_OUTSIDE_TEMPERATURE | 0x00000703 | Area: 0x1000000 | NOTIFY | float { 0 } 
10-29 22:20:37.487  1914  1952 D VehicleHalImpl: GEAR_SELECTION | 0x00000400 | Area: 0x1000000 | NOTIFY | int32_t { 2 } 
10-29 22:20:37.487  1914  1952 D VehicleHalImpl: OPERATION_POWER_STATE | 0x000005c9 | Area: 0x1000000 | NOTIFY | int32_t { 4 } 
10-29 22:20:37.533  1914  1952 D VehicleHalImpl: ENV_OUTSIDE_TEMPERATURE | 0x00000703 | Area: 0x1000000 | NOTIFY | float { 0 } 
10-29 22:20:37.533  1914  1952 D VehicleHalImpl: GEAR_SELECTION | 0x00000400 | Area: 0x1000000 | NOTIFY | int32_t { 2 } 
10-29 22:20:37.533  1914  1952 D VehicleHalImpl: OPERATION_POWER_STATE | 0x000005c9 | Area: 0x1000000 | NOTIFY | int32_t { 4 } 
10-29 22:20:37.553  2354  2354 E HostapdHal: Malformed channel value detected: java.lang.NumberFormatException: For input string: ""
10-29 22:20:37.573  1914  1954 E vfrpc   : VfrRpcException :msg='getProp wait respond timeout over 200 ms!'
10-29 22:20:37.574  1914  1954 E VehicleHalImpl: queryPropertyData: R7 Sevice failed with exception
10-29 22:20:37.583  2354  2354 D WifiCountryCode: mDefaultCountryCode US mRevertCountryCodeOnCellularLoss false
10-29 22:20:37.584  2354  2354 D WifiApConfigStore: 2G band allowed channels are:1,6,11
10-29 22:20:37.584  1914  1954 D VehicleHalImpl: queryPropertyData: ADAS_PA_WARN | 0x29400582 | areaId: 2 QUERY
10-29 22:20:37.600  2354  2354 I WifiScoringParams: rssi2=-85:-85:-73:-60,rssi5=-82:-82:-70:-57,pps=0:1:100,horizon=15,nud=8,expid=0
10-29 22:20:37.661  2354  2354 D WifiStateMachine: EnableConnectedMacRandomization Setting changed to false
10-29 22:20:37.661  2354  2354 E WifiStateMachine: getWifiLinkLayerStats called without an interface
10-29 22:20:37.662  2354  2354 D WifiStateMachinePrime: Starting Wifi in WifiDisabledState
10-29 22:20:37.662  2354  2452 D WifiStateMachinePrime: Entering WifiDisabledState
10-29 22:20:37.662  2354  2452 D ActiveModeManager: sending scan available broadcast: false
10-29 22:20:37.663  1914  1952 D VehicleHalImpl: ENV_OUTSIDE_TEMPERATURE | 0x00000703 | Area: 0x1000000 | NOTIFY | float { 0 } 
10-29 22:20:37.663  1914  1952 D VehicleHalImpl: STEERING_ANGLE | 0x00000200 | Area: 0x1000000 | NOTIFY | float { -0.0026 } 
10-29 22:20:37.663  1914  1952 D VehicleHalImpl: PERF_ODOMETER | 0x00000204 | Area: 0x1000000 | NOTIFY | float { 0 } 
10-29 22:20:37.663  1914  1952 D VehicleHalImpl: PERF_VEHICLE_SPEED | 0x00000207 | Area: 0x1000000 | NOTIFY | float { 0 } 
10-29 22:20:37.663  1914  1952 D VehicleHalImpl: GEAR_SELECTION | 0x00000400 | Area: 0x1000000 | NOTIFY | int32_t { 2 } 
10-29 22:20:37.663  1914  1952 D VehicleHalImpl: ENGINE_RPM | 0x00000305 | Area: 0x1000000 | NOTIFY | float { 0 } 
10-29 22:20:37.664  1914  1952 D VehicleHalImpl: FUEL_LEVEL | 0x00000307 | Area: 0x1000000 | NOTIFY | float { 0 } 
10-29 22:20:37.664  1914  1952 D VehicleHalImpl: OPERATION_POWER_STATE | 0x000005c9 | Area: 0x1000000 | NOTIFY | int32_t { 4 } 
10-29 22:20:37.664  2354  2354 D WifiOpenNetworkNotifier: Settings toggle enabled=true
10-29 22:20:37.666  2354  2354 D WifiCarrierNetworkNotifier: Settings toggle enabled=true
10-29 22:20:37.667  2354  2354 D WakeupController: WifiWake enabled
10-29 22:20:37.669  2354  2354 D WifiController: isAirplaneModeOn = false, isWifiEnabled = true, isScanningAvailable = false, isLocationModeActive = false
10-29 22:20:37.673  2354  2354 E SupplicantStaIfaceHal: Can't call setDebugParams, ISupplicant is null
10-29 22:20:37.673  2354  2354 W WifiDiags: no ring buffers found
10-29 22:20:37.674  2354  2354 W WifiDiags: Failed to start packet fate monitoring
10-29 22:20:37.674  2354  2354 I WifiService: Registering wifi
10-29 22:20:37.675  2354  2354 D SystemServerTiming: StartWifi took to complete: 296ms
10-29 22:20:37.676  2354  2354 I SystemServer: StartWifiScanning
10-29 22:20:37.677  2354  2354 I SystemServiceManager: Starting com.android.server.wifi.scanner.WifiScanningService
10-29 22:20:37.677  2354  2354 I WifiScanningService: Creating wifiscanner
10-29 22:20:37.680  2354  2354 I WifiScanningService: Publishing wifiscanner
10-29 22:20:37.681  2354  2354 D SystemServerTiming: StartWifiScanning took to complete: 6ms
10-29 22:20:37.681  2354  2354 I SystemServer: StartWifiP2P
10-29 22:20:37.682  2354  2354 I SystemServiceManager: Starting com.android.server.wifi.p2p.WifiP2pService
10-29 22:20:37.697  2354  2354 W HalDevMgr: isWifiStarted called but mWifi is null!?
10-29 22:20:37.698  2354  2354 I WifiP2pService: Registering wifip2p
10-29 22:20:37.699  2354  2354 D SystemServerTiming: StartWifiP2P took to complete: 18ms
10-29 22:20:37.699  2354  2354 I SystemServer: StartEthernet
10-29 22:20:37.700  2354  2354 I SystemServiceManager: Starting com.android.server.ethernet.EthernetService
10-29 22:20:37.700  2354  2354 I EthernetService: Registering service ethernet
10-29 22:20:37.701  2354  2354 D SystemServerTiming: StartEthernet took to complete: 2ms
10-29 22:20:37.701  2354  2354 I SystemServer: StartConnectivityService
10-29 22:20:37.706  2354  2354 D ConnectivityService: ConnectivityService starting up
10-29 22:20:37.737  2354  2354 D ConnectivityService: wifiOnly=true
10-29 22:20:37.737  2354  2354 D ConnectivityService: networkAttributes - ignoring mobile as this dev is wifiOnly 0
10-29 22:20:37.737  2354  2354 D ConnectivityService: networkAttributes - ignoring mobile as this dev is wifiOnly 2
10-29 22:20:37.737  2354  2354 D ConnectivityService: networkAttributes - ignoring mobile as this dev is wifiOnly 3
10-29 22:20:37.738  2354  2354 D ConnectivityService: networkAttributes - ignoring mobile as this dev is wifiOnly 4
10-29 22:20:37.738  2354  2354 D ConnectivityService: networkAttributes - ignoring mobile as this dev is wifiOnly 5
10-29 22:20:37.738  1914  1952 D VehicleHalImpl: ENV_OUTSIDE_TEMPERATURE | 0x00000703 | Area: 0x1000000 | NOTIFY | float { 0 } 
10-29 22:20:37.738  2354  2354 D ConnectivityService: networkAttributes - ignoring mobile as this dev is wifiOnly 10
10-29 22:20:37.738  2354  2354 D ConnectivityService: networkAttributes - ignoring mobile as this dev is wifiOnly 11
10-29 22:20:37.738  2354  2354 D ConnectivityService: networkAttributes - ignoring mobile as this dev is wifiOnly 12
10-29 22:20:37.738  1914  1952 D VehicleHalImpl: GEAR_SELECTION | 0x00000400 | Area: 0x1000000 | NOTIFY | int32_t { 2 } 
10-29 22:20:37.738  2354  2354 D ConnectivityService: networkAttributes - ignoring mobile as this dev is wifiOnly 14
10-29 22:20:37.738  1914  1952 D VehicleHalImpl: OPERATION_POWER_STATE | 0x000005c9 | Area: 0x1000000 | NOTIFY | int32_t { 4 } 
10-29 22:20:37.738  2354  2354 D ConnectivityService: networkAttributes - ignoring mobile as this dev is wifiOnly 15
10-29 22:20:37.740  2354  2354 E ConnectivityService: Ignoring protectedNetwork 10
10-29 22:20:37.740  2354  2354 E ConnectivityService: Ignoring protectedNetwork 11
10-29 22:20:37.740  2354  2354 E ConnectivityService: Ignoring protectedNetwork 12
10-29 22:20:37.740  2354  2354 E ConnectivityService: Ignoring protectedNetwork 14
10-29 22:20:37.740  2354  2354 E ConnectivityService: Ignoring protectedNetwork 15
10-29 22:20:37.769  2354  2354 D SystemServerTiming: StartConnectivityService took to complete: 67ms
10-29 22:20:37.769  2354  2354 I SystemServer: StartNsdService
10-29 22:20:37.771  2354  2354 D NsdService: Network service discovery is enabled
10-29 22:20:37.775  2354  2354 D SystemServerTiming: StartNsdService took to complete: 6ms
10-29 22:20:37.775  2354  2354 I SystemServer: StartSystemUpdateManagerService
10-29 22:20:37.775  2354  2354 I SystemUpdateManagerService: No existing info file /data/system/system-update-info.xml
10-29 22:20:37.776  2354  2354 D SystemServerTiming: StartSystemUpdateManagerService took to complete: 2ms
10-29 22:20:37.776  2354  2354 I SystemServer: StartUpdateLockService
10-29 22:20:37.782  2354  2354 D SystemServerTiming: StartUpdateLockService took to complete: 6ms
10-29 22:20:37.782  2354  2354 I SystemServer: StartNotificationManager
10-29 22:20:37.782  2354  2354 I SystemServiceManager: Starting com.android.server.notification.NotificationManagerService
10-29 22:20:37.784  1914  1954 E vfrpc   : VfrRpcException :msg='getProp wait respond timeout over 200 ms!'
10-29 22:20:37.784  1914  1954 E VehicleHalImpl: queryPropertyData: R7 Sevice failed with exception
10-29 22:20:37.794  1914  1954 D VehicleHalImpl: queryPropertyData: ADAS_PA_WARN | 0x29400582 | areaId: 3 QUERY
10-29 22:20:37.803  2354  2354 D ConditionProviders.SCP: new ScheduleConditionProvider()
10-29 22:20:37.822  2354  2354 I NotificationAssistants: Read notification assistant permissions from xml
10-29 22:20:37.822  2354  2354 I ConditionProviders: Read condition provider permissions from xml
10-29 22:20:37.822  2354  2354 I ConditionProviders: Read condition provider permissions from xml
10-29 22:20:37.843  2354  2354 D SystemServerTiming: StartNotificationManager took to complete: 61ms
10-29 22:20:37.843  2354  2354 I SystemServer: StartDeviceMonitor
10-29 22:20:37.844  2354  2354 I SystemServiceManager: Starting com.android.server.storage.DeviceStorageMonitorService
10-29 22:20:37.855  2354  2354 D SystemServerTiming: StartDeviceMonitor took to complete: 11ms
10-29 22:20:37.855  2354  2354 I SystemServer: StartLocationManagerService
10-29 22:20:37.862  2354  2354 D SystemServerTiming: StartLocationManagerService took to complete: 6ms
10-29 22:20:37.862  2354  2354 I SystemServer: StartCountryDetectorService
10-29 22:20:37.863  2354  2354 D SystemServerTiming: StartCountryDetectorService took to complete: 1ms
10-29 22:20:37.863  2354  2354 I SystemServer: StartSearchManagerService
10-29 22:20:37.863  2354  2354 I SystemServiceManager: Starting com.android.server.search.SearchManagerService$Lifecycle
10-29 22:20:37.864  1914  1952 D VehicleHalImpl: ENV_OUTSIDE_TEMPERATURE | 0x00000703 | Area: 0x1000000 | NOTIFY | float { 0 } 
10-29 22:20:37.864  1914  1952 D VehicleHalImpl: GEAR_SELECTION | 0x00000400 | Area: 0x1000000 | NOTIFY | int32_t { 2 } 
10-29 22:20:37.864  1914  1952 D VehicleHalImpl: OPERATION_POWER_STATE | 0x000005c9 | Area: 0x1000000 | NOTIFY | int32_t { 4 } 
10-29 22:20:37.866  2354  2354 D SystemServerTiming: StartSearchManagerService took to complete: 4ms
10-29 22:20:37.866  2354  2354 I SystemServer: StartWallpaperManagerService
10-29 22:20:37.867  2354  2354 I SystemServiceManager: Starting com.android.server.wallpaper.WallpaperManagerService$Lifecycle
10-29 22:20:37.870  2354  2354 D SystemServerTiming: StartWallpaperManagerService took to complete: 3ms
10-29 22:20:37.870  2354  2354 I SystemServer: StartAudioService
10-29 22:20:37.870  2354  2354 I SystemServiceManager: Starting com.android.server.audio.AudioService$Lifecycle
10-29 22:20:37.874  1993  1993 I Zygote  : ...preloaded 6535 classes in 1145ms.
10-29 22:20:37.874  1993  1993 I zygote  : VMRuntime.preloadDexCaches starting
10-29 22:20:37.889  2354  2354 W TelecomManager: Telecom Service not found.
10-29 22:20:37.893  2070  2228 D PermissionCache: checking android.permission.MODIFY_AUDIO_ROUTING for uid=1000 => granted (616 us)
10-29 22:20:37.893  2070  2070 D PermissionCache: checking android.permission.MODIFY_AUDIO_SETTINGS for uid=1000 => granted (2350 us)
10-29 22:20:37.896  2070  2241 W AudioFlinger: no wake lock to update, system not ready yet
10-29 22:20:37.896  2070  2244 W AudioFlinger: no wake lock to update, system not ready yet
10-29 22:20:37.896  2070  2253 W AudioFlinger: no wake lock to update, system not ready yet
10-29 22:20:37.896  2070  2263 W AudioFlinger: no wake lock to update, system not ready yet
10-29 22:20:37.896  2070  2257 W AudioFlinger: no wake lock to update, system not ready yet
10-29 22:20:37.896  2070  2260 W AudioFlinger: no wake lock to update, system not ready yet
10-29 22:20:37.897  2070  2247 W AudioFlinger: no wake lock to update, system not ready yet
10-29 22:20:37.897  2070  2250 W AudioFlinger: no wake lock to update, system not ready yet
10-29 22:20:37.901  2017  2206 W DeviceHAL: Error from HAL Device in function set_mic_mute: Function not implemented
10-29 22:20:37.934  2070  2227 D AudioFlinger: isLowRamDevice:false totalMemory:5802074112 mClientSharedHeapSize:33554432
10-29 22:20:37.935  1993  1993 I zygote  : VMRuntime.preloadDexCaches strings total=296104 before=13078 after=13078
10-29 22:20:37.936  1993  1993 I zygote  : VMRuntime.preloadDexCaches types total=32138 before=8028 after=8029
10-29 22:20:37.936  1993  1993 I zygote  : VMRuntime.preloadDexCaches fields total=143316 before=9205 after=9205
10-29 22:20:37.936  1993  1993 I zygote  : VMRuntime.preloadDexCaches methods total=251483 before=13278 after=13278
10-29 22:20:37.936  1993  1993 I zygote  : VMRuntime.preloadDexCaches finished
10-29 22:20:37.936  1993  1993 D ZygoteInitTiming_lazy: PreloadClasses took to complete: 1207ms
10-29 22:20:37.939  2354  2354 D SystemServerTiming: StartAudioService took to complete: 69ms
10-29 22:20:37.939  2354  2354 I SystemServer: StartBroadcastRadioService
10-29 22:20:37.939  2354  2354 I SystemServiceManager: Starting com.android.server.broadcastradio.BroadcastRadioService
10-29 22:20:37.941  2354  2354 D SystemServerTiming: StartBroadcastRadioService took to complete: 2ms
10-29 22:20:37.941  2354  2354 I SystemServer: StartDockObserver
10-29 22:20:37.941  2354  2354 I SystemServiceManager: Starting com.android.server.DockObserver
10-29 22:20:37.942  2354  2354 W DockObserver: This kernel does not have dock station support
10-29 22:20:37.944  2354  2354 D SystemServerTiming: StartDockObserver took to complete: 3ms
10-29 22:20:37.944  2354  2354 I SystemServer: StartWiredAccessoryManager
10-29 22:20:37.945  2354  2354 W WiredAccessoryManager: This kernel does not have wired headset support
10-29 22:20:37.945  2354  2354 W WiredAccessoryManager: This kernel does not have usb audio support
10-29 22:20:37.945  2354  2354 W WiredAccessoryManager: This kernel does not have HDMI audio support
10-29 22:20:37.945  2354  2354 D SystemServerTiming: StartWiredAccessoryManager took to complete: 1ms
10-29 22:20:37.945  2354  2354 I SystemServer: StartUsbService
10-29 22:20:37.946  2354  2354 I SystemServiceManager: Starting com.android.server.usb.UsbService$Lifecycle
10-29 22:20:37.948  2354  2354 E UsbDeviceManager: failed to write to /sys/class/android_usb/android0/f_rndis/ethaddr
10-29 22:20:37.949  1906  1906 W hwservicemanager: getTransport: Cannot find entry android.hardware.usb.gadget@1.0::IUsbGadget/default in either framework or device manifest.
10-29 22:20:37.958  2354  2354 I UsbDeviceManager: USB GADGET HAL not present in the device
10-29 22:20:37.958  2354  2354 I UsbDeviceManager: java.util.NoSuchElementException
10-29 22:20:37.958  2354  2354 I UsbDeviceManager: 	at android.os.HwBinder.getService(Native Method)
10-29 22:20:37.958  2354  2354 I UsbDeviceManager: 	at android.hardware.usb.gadget.V1_0.IUsbGadget.getService(IUsbGadget.java:40)
10-29 22:20:37.958  2354  2354 I UsbDeviceManager: 	at android.hardware.usb.gadget.V1_0.IUsbGadget.getService(IUsbGadget.java:44)
10-29 22:20:37.958  2354  2354 I UsbDeviceManager: 	at com.android.server.usb.UsbDeviceManager.<init>(UsbDeviceManager.java:267)
10-29 22:20:37.958  2354  2354 I UsbDeviceManager: 	at com.android.server.usb.UsbService.<init>(UsbService.java:139)
10-29 22:20:37.958  2354  2354 I UsbDeviceManager: 	at com.android.server.usb.UsbService$Lifecycle.onStart(UsbService.java:73)
10-29 22:20:37.958  2354  2354 I UsbDeviceManager: 	at com.android.server.SystemServiceManager.startService(SystemServiceManager.java:126)
10-29 22:20:37.958  2354  2354 I UsbDeviceManager: 	at com.android.server.SystemServiceManager.startService(SystemServiceManager.java:113)
10-29 22:20:37.958  2354  2354 I UsbDeviceManager: 	at com.android.server.SystemServiceManager.startService(SystemServiceManager.java:72)
10-29 22:20:37.958  2354  2354 I UsbDeviceManager: 	at com.android.server.SystemServer.startOtherServices(SystemServer.java:1316)
10-29 22:20:37.958  2354  2354 I UsbDeviceManager: 	at com.android.server.SystemServer.run(SystemServer.java:437)
10-29 22:20:37.958  2354  2354 I UsbDeviceManager: 	at com.android.server.SystemServer.main(SystemServer.java:296)
10-29 22:20:37.958  2354  2354 I UsbDeviceManager: 	at java.lang.reflect.Method.invoke(Native Method)
10-29 22:20:37.958  2354  2354 I UsbDeviceManager: 	at com.android.internal.os.RuntimeInit$MethodAndArgsCaller.run(RuntimeInit.java:493)
10-29 22:20:37.958  2354  2354 I UsbDeviceManager: 	at com.android.internal.os.ZygoteInit.main(ZygoteInit.java:838)
10-29 22:20:37.958  2354  2354 E UsbDeviceManagerJNI: could not open control for mtp No such file or directory
10-29 22:20:37.958  2354  2354 E UsbDeviceManager: Failed to open control for mtp
10-29 22:20:37.958  2354  2354 E UsbDeviceManagerJNI: could not open control for ptp No such file or directory
10-29 22:20:37.964  1914  1952 D VehicleHalImpl: ENV_OUTSIDE_TEMPERATURE | 0x00000703 | Area: 0x1000000 | NOTIFY | float { 0 } 
10-29 22:20:37.964  1914  1952 D VehicleHalImpl: GEAR_SELECTION | 0x00000400 | Area: 0x1000000 | NOTIFY | int32_t { 2 } 
10-29 22:20:37.964  1914  1952 D VehicleHalImpl: OPERATION_POWER_STATE | 0x000005c9 | Area: 0x1000000 | NOTIFY | int32_t { 4 } 
10-29 22:20:37.969  2354  2354 W StorageManagerService: No primary storage defined yet; hacking together a stub
10-29 22:20:37.975  2354  2354 I android_os_HwBinder: HwBinder: Starting thread pool for default::android.hidl.manager@1.0::IServiceManager
10-29 22:20:37.959  2354  2354 E UsbDeviceManager: Failed to open control for mtp
10-29 22:20:37.978  2354  2425 I UsbPortManager: Usb hal service started android.hardware.usb@1.0::IUsb default
10-29 22:20:37.980  2354  2354 I android_os_HwBinder: HwBinder: Starting thread pool for default::android.hardware.usb@1.0::IUsb
10-29 22:20:37.982  2066  2066 I android.hardware.usb@1.0-service.renesas: registering callback
10-29 22:20:37.983  2066  2477 E android.hardware.usb@1.0-service.renesas: creating thread
10-29 22:20:37.986  2354  2354 D SystemServerTiming: StartUsbService took to complete: 41ms
10-29 22:20:37.986  2354  2354 I SystemServer: StartSerialService
10-29 22:20:37.987  2354  2354 D SystemServerTiming: StartSerialService took to complete: 1ms
10-29 22:20:37.987  2354  2354 I SystemServer: StartHardwarePropertiesManagerService
10-29 22:20:37.989  2354  2354 D HardwarePropertiesManagerService-JNI: Link to death notification successful
10-29 22:20:37.991  2354  2354 D SystemServerTiming: StartHardwarePropertiesManagerService took to complete: 3ms
10-29 22:20:37.991  2354  2354 I SystemServer: StartTwilightService
10-29 22:20:37.991  2354  2354 I SystemServiceManager: Starting com.android.server.twilight.TwilightService
10-29 22:20:37.991  2354  2354 D SystemServerTiming: StartTwilightService took to complete: 1ms
10-29 22:20:37.992  2354  2354 I SystemServer: StartJobScheduler
10-29 22:20:37.992  2354  2354 I SystemServiceManager: Starting com.android.server.job.JobSchedulerService
10-29 22:20:37.995  1914  1954 E vfrpc   : VfrRpcException :msg='getProp wait respond timeout over 200 ms!'
10-29 22:20:37.995  1914  1954 E VehicleHalImpl: queryPropertyData: R7 Sevice failed with exception
10-29 22:20:37.999  1993  1993 I AssetManager: no overlays.list file found
10-29 22:20:38.004  1993  1993 I Zygote  : Preloading resources...
10-29 22:20:38.004  2354  2354 D JobStore: Start tag: job-info
10-29 22:20:38.005  1914  1954 D VehicleHalImpl: queryPropertyData: ADAS_PA_WARN | 0x29400582 | areaId: 4 QUERY
10-29 22:20:38.006  2354  2354 W JobStore: Periodic job for uid='1000' persisted run-time is too big [58:37:31, 82:37:31]. Clamping to [24:00:22,48:00:22]
10-29 22:20:38.007  2354  2354 W JobStore: Periodic job for uid='1000' persisted run-time is too big [58:37:31, 82:37:31]. Clamping to [24:00:22,48:00:22]
10-29 22:20:38.008  2354  2354 I JobStore: Read 2 jobs
10-29 22:20:38.021  2354  2354 W JobScheduler: !!! RTC not yet good; tracking time updates for job scheduling
10-29 22:20:38.023  2354  2354 D SystemServerTiming: StartJobScheduler took to complete: 31ms
10-29 22:20:38.023  2354  2354 I SystemServer: StartSoundTrigger
10-29 22:20:38.023  2354  2354 I SystemServiceManager: Starting com.android.server.soundtrigger.SoundTriggerService
10-29 22:20:38.025  2354  2354 D SystemServerTiming: StartSoundTrigger took to complete: 3ms
10-29 22:20:38.025  2354  2354 I SystemServer: StartTrustManager
10-29 22:20:38.025  2354  2354 I SystemServiceManager: Starting com.android.server.trust.TrustManagerService
10-29 22:20:38.028  2354  2354 D SystemServerTiming: StartTrustManager took to complete: 3ms
10-29 22:20:38.028  2354  2354 I SystemServer: StartBackupManager
10-29 22:20:38.029  2354  2354 I SystemServiceManager: Starting com.android.server.backup.BackupManagerService$Lifecycle
10-29 22:20:38.032  2354  2354 D SystemServerTiming: StartBackupManager took to complete: 4ms
10-29 22:20:38.032  2354  2354 I SystemServer: StartVoiceRecognitionManager
10-29 22:20:38.033  2354  2354 I SystemServiceManager: Starting com.android.server.voiceinteraction.VoiceInteractionManagerService
10-29 22:20:38.035  2354  2354 D SystemServerTiming: StartVoiceRecognitionManager took to complete: 3ms
10-29 22:20:38.035  2354  2354 I SystemServer: StartGestureLauncher
10-29 22:20:38.035  2354  2354 I SystemServiceManager: Starting com.android.server.GestureLauncherService
10-29 22:20:38.036  2354  2354 D SystemServerTiming: StartGestureLauncher took to complete: 1ms
10-29 22:20:38.036  2354  2354 I SystemServer: StartSensorNotification
10-29 22:20:38.036  2354  2354 I SystemServiceManager: Starting com.android.server.SensorNotificationService
10-29 22:20:38.036  2354  2354 D SystemServerTiming: StartSensorNotification took to complete: 0ms
10-29 22:20:38.036  2354  2354 I SystemServer: StartContextHubSystemService
10-29 22:20:38.036  2354  2354 I SystemServiceManager: Starting com.android.server.ContextHubSystemService
10-29 22:20:38.037  2354  2354 D SystemServerTiming: StartContextHubSystemService took to complete: 1ms
10-29 22:20:38.037  2354  2424 D SystemServerInitThreadPool: Started executing Init ContextHubSystemService
10-29 22:20:38.037  2354  2354 I SystemServer: StartDiskStatsService
10-29 22:20:38.041  2354  2424 I android_os_HwBinder: HwBinder: Starting thread pool for default::android.hardware.contexthub@1.0::IContexthub
10-29 22:20:38.041  2354  2354 D SystemServerTiming: StartDiskStatsService took to complete: 4ms
10-29 22:20:38.041  2354  2354 I SystemServer: StartNetworkTimeUpdateService
10-29 22:20:38.043  2354  2354 D SystemServerTiming: StartNetworkTimeUpdateService took to complete: 2ms
10-29 22:20:38.043  2354  2354 I SystemServer: StartCommonTimeManagementService
10-29 22:20:38.043  2354  2424 D SystemServerInitThreadPool: Finished executing Init ContextHubSystemService
10-29 22:20:38.046  2354  2354 D SystemServerTiming: StartCommonTimeManagementService took to complete: 2ms
10-29 22:20:38.046  2354  2354 I SystemServer: CertBlacklister
10-29 22:20:38.047  2354  2354 D SystemServerTiming: CertBlacklister took to complete: 1ms
10-29 22:20:38.047  1993  1993 W Resources: Preloaded drawable resource #0x1080265 (android:drawable/dialog_background_material) that varies with configuration!!
10-29 22:20:38.047  2354  2354 I SystemServer: StartEmergencyAffordanceService
10-29 22:20:38.047  2354  2354 I SystemServiceManager: Starting com.android.server.emergency.EmergencyAffordanceService
10-29 22:20:38.048  2354  2354 D SystemServerTiming: StartEmergencyAffordanceService took to complete: 1ms
10-29 22:20:38.048  2354  2354 I SystemServer: StartDreamManager
10-29 22:20:38.048  2354  2354 I SystemServiceManager: Starting com.android.server.dreams.DreamManagerService
10-29 22:20:38.052  2354  2354 D SystemServerTiming: StartDreamManager took to complete: 3ms
10-29 22:20:38.052  2354  2354 I SystemServer: AddGraphicsStatsService
10-29 22:20:38.055  2354  2354 D SystemServerTiming: AddGraphicsStatsService took to complete: 4ms
10-29 22:20:38.056  2354  2354 I SystemServer: StartPrintManager
10-29 22:20:38.056  2354  2354 I SystemServiceManager: Starting com.android.server.print.PrintManagerService
10-29 22:20:38.059  2354  2354 D SystemServerTiming: StartPrintManager took to complete: 3ms
10-29 22:20:38.059  2354  2354 I SystemServer: StartRestrictionManager
10-29 22:20:38.059  2354  2354 I SystemServiceManager: Starting com.android.server.restrictions.RestrictionsManagerService
10-29 22:20:38.061  2354  2354 D SystemServerTiming: StartRestrictionManager took to complete: 2ms
10-29 22:20:38.062  2354  2354 I SystemServer: StartMediaSessionService
10-29 22:20:38.062  2354  2354 I SystemServiceManager: Starting com.android.server.media.MediaSessionService
10-29 22:20:38.068  2354  2354 D SystemServerTiming: StartMediaSessionService took to complete: 7ms
10-29 22:20:38.068  2354  2354 I SystemServer: StartMediaUpdateService
10-29 22:20:38.068  2354  2354 I SystemServiceManager: Starting com.android.server.media.MediaUpdateService
10-29 22:20:38.069  2354  2354 D SystemServerTiming: StartMediaUpdateService took to complete: 0ms
10-29 22:20:38.069  2354  2354 I SystemServer: StartMediaResourceMonitor
10-29 22:20:38.069  2354  2354 I SystemServiceManager: Starting com.android.server.media.MediaResourceMonitorService
10-29 22:20:38.070  2354  2354 D SystemServerTiming: StartMediaResourceMonitor took to complete: 1ms
10-29 22:20:38.070  2354  2354 I SystemServer: StartMediaRouterService
10-29 22:20:38.073  2354  2354 D SystemServerTiming: StartMediaRouterService took to complete: 2ms
10-29 22:20:38.073  2354  2354 I SystemServer: StartBackgroundDexOptService
10-29 22:20:38.073  2354  2354 W BackgroundDexOptService: SysProp pm.dexopt.downgrade_after_inactive_days not set
10-29 22:20:38.075  2354  2354 D SystemServerTiming: StartBackgroundDexOptService took to complete: 1ms
10-29 22:20:38.075  2354  2354 I SystemServer: StartPruneInstantAppsJobService
10-29 22:20:38.076  2354  2354 D SystemServerTiming: StartPruneInstantAppsJobService took to complete: 1ms
10-29 22:20:38.076  2354  2354 I SystemServer: StartShortcutServiceLifecycle
10-29 22:20:38.077  2354  2354 I SystemServiceManager: Starting com.android.server.pm.ShortcutService$Lifecycle
10-29 22:20:38.084  2354  2354 D SystemServerTiming: StartShortcutServiceLifecycle took to complete: 8ms
10-29 22:20:38.084  2354  2354 I SystemServer: StartLauncherAppsService
10-29 22:20:38.084  2354  2354 I SystemServiceManager: Starting com.android.server.pm.LauncherAppsService
10-29 22:20:38.087  2354  2354 D SystemServerTiming: StartLauncherAppsService took to complete: 3ms
10-29 22:20:38.087  2354  2354 I SystemServer: StartCrossProfileAppsService
10-29 22:20:38.087  2354  2354 I SystemServiceManager: Starting com.android.server.pm.CrossProfileAppsService
10-29 22:20:38.089  1914  1952 D VehicleHalImpl: ENV_OUTSIDE_TEMPERATURE | 0x00000703 | Area: 0x1000000 | NOTIFY | float { 0 } 
10-29 22:20:38.089  1914  1952 D VehicleHalImpl: GEAR_SELECTION | 0x00000400 | Area: 0x1000000 | NOTIFY | int32_t { 2 } 
10-29 22:20:38.089  1914  1952 D VehicleHalImpl: OPERATION_POWER_STATE | 0x000005c9 | Area: 0x1000000 | NOTIFY | int32_t { 4 } 
10-29 22:20:38.089  2354  2354 D SystemServerTiming: StartCrossProfileAppsService took to complete: 2ms
