10-29 22:20:39.668  1914  1952 D VehicleHalImpl: PERF_VEHICLE_SPEED | 0x00000207 | Area: 0x1000000 | NOTIFY | float { 0 } 
10-29 22:20:39.668  1914  1952 D VehicleHalImpl: GEAR_SELECTION | 0x00000400 | Area: 0x1000000 | NOTIFY | int32_t { 2 } 
10-29 22:20:39.668  1914  1952 D VehicleHalImpl: ENGINE_RPM | 0x00000305 | Area: 0x1000000 | NOTIFY | float { 0 } 
10-29 22:20:39.668  1914  1952 D VehicleHalImpl: FUEL_LEVEL | 0x00000307 | Area: 0x1000000 | NOTIFY | float { 0 } 
10-29 22:20:39.668  1914  1952 D VehicleHalImpl: OPERATION_POWER_STATE | 0x000005c9 | Area: 0x1000000 | NOTIFY | int32_t { 4 } 
10-29 22:20:39.675  2354  2448 W BestClock: java.time.DateTimeException: Missing NTP fix
10-29 22:20:39.677  2538  2538 E ContextImpl: Data directory doesn't exist for package com.android.car
10-29 22:20:39.677  2538  2538 E ContextImpl: java.lang.Throwable
10-29 22:20:39.677  2538  2538 E ContextImpl: 	at android.app.ContextImpl.getDataDir(ContextImpl.java:2254)
10-29 22:20:39.677  2538  2538 E ContextImpl: 	at android.app.ContextImpl.getCacheDir(ContextImpl.java:692)
10-29 22:20:39.677  2538  2538 E ContextImpl: 	at android.app.ActivityThread.setupGraphicsSupport(ActivityThread.java:5495)
10-29 22:20:39.677  2538  2538 E ContextImpl: 	at android.app.ActivityThread.handleBindApplication(ActivityThread.java:5805)
10-29 22:20:39.677  2538  2538 E ContextImpl: 	at android.app.ActivityThread.access$1100(ActivityThread.java:200)
10-29 22:20:39.677  2538  2538 E ContextImpl: 	at android.app.ActivityThread$H.handleMessage(ActivityThread.java:1656)
10-29 22:20:39.677  2538  2538 E ContextImpl: 	at android.os.Handler.dispatchMessage(Handler.java:106)
10-29 22:20:39.677  2538  2538 E ContextImpl: 	at android.os.Looper.loop(Looper.java:193)
10-29 22:20:39.677  2538  2538 E ContextImpl: 	at android.app.ActivityThread.main(ActivityThread.java:6718)
10-29 22:20:39.677  2538  2538 E ContextImpl: 	at java.lang.reflect.Method.invoke(Native Method)
10-29 22:20:39.677  2538  2538 E ContextImpl: 	at com.android.internal.os.RuntimeInit$MethodAndArgsCaller.run(RuntimeInit.java:493)
10-29 22:20:39.677  2538  2538 E ContextImpl: 	at com.android.internal.os.ZygoteInit.main(ZygoteInit.java:858)
10-29 22:20:39.677  2354  2449 W BestClock: java.time.DateTimeException: Missing NTP fix
10-29 22:20:39.683  2538  2538 W ContextImpl: Failed to ensure /data/user/0/com.android.car/cache: mkdir failed: ENOENT (No such file or directory)
10-29 22:20:39.684  2538  2538 W ContextImpl: Failed to update user.inode_cache: stat failed: ENOENT (No such file or directory)
10-29 22:20:39.712  2188  2231 E linker  : library "/system/lib64/extractors/.." ("/system/lib64") needed or dlopened by "/system/lib64/libstagefright.so" is not accessible for the namespace: [name="(default)", ld_library_paths="", default_library_paths="/system/lib64", permitted_paths="/system/lib64/drm:/system/lib64/extractors:/system/lib64/hw:/system/product/lib64:/system/framework:/system/app:/system/priv-app:/vendor/framework:/vendor/app:/vendor/priv-app:/odm/framework:/odm/app:/odm/priv-app:/oem/app:/system/product/framework:/system/product/app:/system/product/priv-app:/data:/mnt/expand"]
10-29 22:20:39.713  2188  2231 W MediaExtractorFactory: couldn't dlopen(/system/lib64/extractors/..) No such file or directory
10-29 22:20:39.713  2188  2231 W MediaExtractorFactory: couldn't dlopen(/system/lib64/extractors/.) Is a directory
10-29 22:20:39.745  2496  2496 I         : [1029/222039.745176:INFO:com_android_bluetooth_btservice_AdapterService.cpp(630)] hal_util_load_bt_library loaded HAL: btinterface=0xeb8f18dce1d0, handle=0xbda8df55133f029d
10-29 22:20:39.746  2496  2496 D BluetoothAdapterService: onCreate()
10-29 22:20:39.746  2354  2354 I StatsCompanionService: Told statsd that StatsCompanionService is alive.
10-29 22:20:39.746  2354  2354 W SystemServiceManager: Service com.android.server.stats.StatsCompanionService$Lifecycle took 59 ms in onBootPhase
10-29 22:20:39.747  2354  2354 D SystemServerTiming: PhaseThirdPartyAppsCanStart took to complete: 95ms
10-29 22:20:39.747  2354  2354 I SystemServer: MakeLocationServiceReady
10-29 22:20:39.751  2496  2496 D AdapterState: make() - Creating AdapterState
10-29 22:20:39.755  2496  2619 I AdapterState: OFF : entered 
10-29 22:20:39.755  2496  2496 I bt_btif : init
10-29 22:20:39.756  2496  2619 D AdapterProperties: Setting state to OFF
10-29 22:20:39.756  2496  2496 D bt_osi_allocation_tracker: canary initialized
10-29 22:20:39.767  1914  1952 D VehicleHalImpl: ENV_OUTSIDE_TEMPERATURE | 0x00000703 | Area: 0x1000000 | NOTIFY | float { 0 } 
10-29 22:20:39.767  1914  1952 D VehicleHalImpl: GEAR_SELECTION | 0x00000400 | Area: 0x1000000 | NOTIFY | int32_t { 2 } 
10-29 22:20:39.767  1914  1952 D VehicleHalImpl: OPERATION_POWER_STATE | 0x000005c9 | Area: 0x1000000 | NOTIFY | int32_t { 4 } 
10-29 22:20:39.768  2354  2354 I GnssLocationProvider: WakeLock acquired by sendMessage(INITIALIZE_HANDLER, 0, null)
10-29 22:20:39.770  2354  2376 D GnssLocationProvider: Link to death notification successful
10-29 22:20:39.773  2354  2354 W LocationManagerService: no network location provider found
10-29 22:20:39.776  2354  2354 E LocationManagerService: no geocoder provider found
10-29 22:20:39.779  2354  2354 D LocationManagerService: Unable to bind FLP Geofence proxy.
10-29 22:20:39.779  2354  2354 E ActivityRecognitionHardware: activity_recognition HAL is deprecated. is_supported is effectively a no-op
10-29 22:20:39.779  2354  2354 D LocationManagerService: Hardware Activity-Recognition not supported.
10-29 22:20:39.780  2354  2354 E ActivityRecognitionProxy: ServiceWatcher could not start.
10-29 22:20:39.780  2354  2354 D LocationManagerService: Unable to bind ActivityRecognitionProxy.
10-29 22:20:39.780  2354  2354 I GnssLocationProvider: WakeLock acquired by sendMessage(ENABLE, 1, null)
10-29 22:20:39.782  2354  2354 D SystemServerTiming: MakeLocationServiceReady took to complete: 36ms
10-29 22:20:39.782  2354  2354 I SystemServer: MakeCountryDetectionServiceReady
10-29 22:20:39.782  2354  2354 D SystemServerTiming: MakeCountryDetectionServiceReady took to complete: 0ms
10-29 22:20:39.782  2354  2354 I SystemServer: MakeNetworkTimeUpdateReady
10-29 22:20:39.788  2354  2354 D ConnectivityService: requestNetwork for uid/pid:1000/2354 NetworkRequest [ TRACK_DEFAULT id=6, [ Capabilities: INTERNET&NOT_RESTRICTED&TRUSTED Unwanted:  Uid: 1000] ]
10-29 22:20:39.789  2354  2354 D SystemServerTiming: MakeNetworkTimeUpdateReady took to complete: 6ms
10-29 22:20:39.789  2354  2354 I SystemServer: MakeCommonTimeManagementServiceReady
10-29 22:20:39.789  2354  2483 D Ethernet: got request NetworkRequest [ TRACK_DEFAULT id=6, [ Capabilities: INTERNET&NOT_RESTRICTED&TRUSTED Unwanted:  Uid: 1000] ] with score 0
10-29 22:20:39.789  2354  2483 D EthernetNetworkFactory: acceptRequest, request: NetworkRequest [ TRACK_DEFAULT id=6, [ Capabilities: INTERNET&NOT_RESTRICTED&TRUSTED Unwanted:  Uid: 1000] ], score: 0
10-29 22:20:39.789  2354  2483 I EthernetNetworkFactory: networkForRequest, request: NetworkRequest [ TRACK_DEFAULT id=6, [ Capabilities: INTERNET&NOT_RESTRICTED&TRUSTED Unwanted:  Uid: 1000] ], network: NetworkInterfaceState{ iface: eth0, up: true, hwAddress: 00:16:3e:5b:3f:6f, networkInfo: [type: Ethernet[], state: CONNECTING/OBTAINING_IPADDR, reason: (unspecified), extra: 00:16:3e:5b:3f:6f, failover: false, available: false, roaming: false], networkAgent: null, ipClient: name=IpClient.eth0 state=RunningState,linkProperties: {InterfaceName: eth0 LinkAddresses: [fe80::8153:6924:abee:ed09/64,]  Routes: [fe80::/64 -> :: eth0,] DnsAddresses: [] UsePrivateDns: false PrivateDnsServerName: null Domains: null MTU: 0 TcpBufferSizes: 524288,1048576,3145728,524288,1048576,2097152}}
10-29 22:20:39.789  2354  2354 I CommonTimeManagementService: No common time service detected on this platform.  Common time services will be unavailable.
10-29 22:20:39.789  2354  2354 D SystemServerTiming: MakeCommonTimeManagementServiceReady took to complete: 1ms
10-29 22:20:39.789  2354  2354 I SystemServer: MakeInputManagerServiceReady
10-29 22:20:39.790  2354  2483 I EthernetNetworkFactory: networkForRequest, request: NetworkRequest [ TRACK_DEFAULT id=6, [ Capabilities: INTERNET&NOT_RESTRICTED&TRUSTED Unwanted:  Uid: 1000] ], network: NetworkInterfaceState{ iface: eth0, up: true, hwAddress: 00:16:3e:5b:3f:6f, networkInfo: [type: Ethernet[], state: CONNECTING/OBTAINING_IPADDR, reason: (unspecified), extra: 00:16:3e:5b:3f:6f, failover: false, available: false, roaming: false], networkAgent: null, ipClient: name=IpClient.eth0 state=RunningState,linkProperties: {InterfaceName: eth0 LinkAddresses: [fe80::8153:6924:abee:ed09/64,]  Routes: [fe80::/64 -> :: eth0,] DnsAddresses: [] UsePrivateDns: false PrivateDnsServerName: null Domains: null MTU: 0 TcpBufferSizes: 524288,1048576,3145728,524288,1048576,2097152}}
10-29 22:20:39.791  2354  2354 D SystemServerTiming: MakeInputManagerServiceReady took to complete: 1ms
10-29 22:20:39.791  2354  2354 I SystemServer: MakeTelephonyRegistryReady
10-29 22:20:39.791  2354  2354 D SystemServerTiming: MakeTelephonyRegistryReady took to complete: 0ms
10-29 22:20:39.791  2354  2354 I SystemServer: MakeMediaRouterServiceReady
10-29 22:20:39.792  2354  2354 D SystemServerTiming: MakeMediaRouterServiceReady took to complete: 1ms
10-29 22:20:39.792  2354  2354 I SystemServer: MakeMmsServiceReady
10-29 22:20:39.792  2354  2354 I MmsServiceBroker: Delay connecting to MmsService until an API is called
10-29 22:20:39.792  2354  2354 D SystemServerTiming: MakeMmsServiceReady took to complete: 0ms
10-29 22:20:39.792  2354  2354 I SystemServer: IncidentDaemonReady
10-29 22:20:39.793  2354  2354 D SystemServerTiming: IncidentDaemonReady took to complete: 1ms
10-29 22:20:39.794  2354  2354 I SystemServiceManager: Calling onStartUser u0
10-29 22:20:39.799  1914  1954 E vfrpc   : VfrRpcException :msg='getProp wait respond timeout over 200 ms!'
10-29 22:20:39.799  1914  1954 E VehicleHalImpl: queryPropertyData: R7 Sevice failed with exception
10-29 22:20:39.799  2050  2050 W u-blox  : getExtensionAGnss called
10-29 22:20:39.809  1914  1954 D VehicleHalImpl: queryPropertyData: ADAS_PA_WARN | 0x29400582 | areaId: 1 QUERY
10-29 22:20:39.812  2496  2621 I bt_osi_thread: run_thread: thread id 2621, thread name stack_manager started
10-29 22:20:39.812  2496  2621 I bt_stack_manager: event_init_stack is initializing the stack
10-29 22:20:39.838  2554  2554 I ndroid.systemu: The ClassLoaderContext is a special shared library.
10-29 22:20:39.841  2050  2050 W u-blox  : getExtensionGnssNi called
10-29 22:20:39.862  2050  2050 W u-blox  : getExtensionGnssGeofencing called
10-29 22:20:39.872  2050  2050 W u-blox  : getExtensionGnssBatching called
10-29 22:20:39.883  2354  2376 D GnssLocationProvider: gnssNameCb: name=u-blox GNSS driver
10-29 22:20:39.883  2354  2376 D GnssLocationProvider: gnssSetCapabilitesCb: 209u
10-29 22:20:39.884  2354  2376 D GnssLocationProvider: gnssSetSystemInfoCb: yearOfHw=2015
10-29 22:20:39.892  1914  1952 D VehicleHalImpl: ENV_OUTSIDE_TEMPERATURE | 0x00000703 | Area: 0x1000000 | NOTIFY | float { 0 } 
10-29 22:20:39.892  1914  1952 D VehicleHalImpl: GEAR_SELECTION | 0x00000400 | Area: 0x1000000 | NOTIFY | int32_t { 2 } 
10-29 22:20:39.892  1914  1952 D VehicleHalImpl: OPERATION_POWER_STATE | 0x000005c9 | Area: 0x1000000 | NOTIFY | int32_t { 4 } 
10-29 22:20:39.896  2050  2050 V u-blox  : ublox::CGnssXtraExtension::setCallback: GnssXtraExtension initialized successfully!
10-29 22:20:39.896  2354  2376 I GnssLocationProvider: Unable to Initialize AGnss interface
10-29 22:20:39.896  2354  2376 I GnssLocationProvider: Unable to initialize GNSS Geofencing interface
10-29 22:20:39.896  2354  2376 I GnssLocationProvider: Unable to initialize GNSS NI interface
10-29 22:20:39.917  2050  2098 V u-blox  : ublox::CUbxThread::handleCmdInput: (3684693232): Cmd received (2)
10-29 22:20:39.917  2050  2098 V u-blox  : CAndroidDatabase::decPublish: count now 0
10-29 22:20:39.917  2050  2098 V u-blox  : ublox::CUbxThread::engineStop: (Begin) Client count 0
10-29 22:20:39.917  2050  2098 V u-blox  : ublox::CGnssDriver::setStatus: current driver status: (still) 4
10-29 22:20:39.917  2050  2098 V u-blox  : ublox::CUbxThread::engineStop: (End) Client count 0
10-29 22:20:39.918  2354  2376 E GnssLocationProvider: no AGPS interface in set_agps_server
10-29 22:20:39.927  2050  2050 E u-blox  : setSuplVersion: SUPL is not supported.
10-29 22:20:39.928  2354  2376 E GnssLocationProvider: Unable to set SUPL_VER
10-29 22:20:39.937  2496  2625 I bt_osi_thread: run_thread: thread id 2625, thread name alarm_default_ca started
10-29 22:20:39.937  2496  2626 I bt_osi_thread: run_thread: thread id 2626, thread name alarm_dispatcher started
10-29 22:20:39.938  2050  2050 V u-blox  : ublox::CGnssConfigurationExtension::configurationUpdate: New configuration requested
10-29 22:20:39.938  2050  2050 D u-blox  : ublox::CCfg::print: Configuration:
10-29 22:20:39.938  2050  2050 D u-blox  : ublox::CCfg::print: Index: A_GLONASS_POS_PROTOCOL_SELECT, Data: 0
10-29 22:20:39.938  2496  2621 I bt_btif_core: btif_init_bluetooth entered
10-29 22:20:39.942  1914  1952 D VehicleHalImpl: ENV_OUTSIDE_TEMPERATURE | 0x00000703 | Area: 0x1000000 | NOTIFY | float { 0 } 
10-29 22:20:39.942  1914  1952 D VehicleHalImpl: GEAR_SELECTION | 0x00000400 | Area: 0x1000000 | NOTIFY | int32_t { 2 } 
10-29 22:20:39.942  1914  1952 D VehicleHalImpl: OPERATION_POWER_STATE | 0x000005c9 | Area: 0x1000000 | NOTIFY | int32_t { 4 } 
10-29 22:20:39.950  2354  2438 I InputReader: Reconfiguring input devices.  changes=0x00000020
10-29 22:20:39.950  2354  2354 W system_server: Long monitor contention with owner android.display (2385) at long android.content.res.ApkAssets.nativeLoad(java.lang.String, boolean, boolean, boolean)(ApkAssets.java:-2) waiters=1 in android.content.res.Resources android.app.ResourcesManager.getOrCreateResources(android.os.IBinder, android.content.res.ResourcesKey, java.lang.ClassLoader) for 154ms
10-29 22:20:39.981  2496  2621 I bt_stack_config: init attempt to load stack conf from /etc/bluetooth/bt_stack.conf
10-29 22:20:40.009  1914  1954 E vfrpc   : VfrRpcException :msg='getProp wait respond timeout over 200 ms!'
10-29 22:20:40.010  1914  1954 E VehicleHalImpl: queryPropertyData: R7 Sevice failed with exception
10-29 22:20:40.020  1914  1954 D VehicleHalImpl: queryPropertyData: ADAS_PA_WARN | 0x29400582 | areaId: 7 QUERY
10-29 22:20:40.047  2188  2231 E MediaExtractorFactory: couldn't opendir(/vendor/lib64/extractors)
10-29 22:20:40.061  2496  2632 I bt_osi_thread: run_thread: thread id 2632, thread name bt_jni_workqueue started
10-29 22:20:40.061  2496  2621 I bt_btif_core: btif_init_bluetooth finished
10-29 22:20:40.061  2496  2632 I bt_btif_core: run_message_loop entered
10-29 22:20:40.061  2496  2621 I bt_stack_manager: event_init_stack finished
10-29 22:20:40.061  2496  2496 I bt_osi_wakelock: wakelock_set_os_callouts set to non-native
10-29 22:20:40.061  2496  2496 I bt_btif : get_profile_interface: id = socket
10-29 22:20:40.061  2496  2496 W bt_btif : do_in_jni_thread: Dropped message, message_loop not initialized yet!
10-29 22:20:40.061  2496  2496 I chatty  : uid=1002(bluetooth) com.android.bluetooth identical 1 line
10-29 22:20:40.062  2496  2496 W bt_btif : do_in_jni_thread: Dropped message, message_loop not initialized yet!
10-29 22:20:40.068  1914  1952 D VehicleHalImpl: ENV_OUTSIDE_TEMPERATURE | 0x00000703 | Area: 0x1000000 | NOTIFY | float { 0 } 
10-29 22:20:40.068  1914  1952 D VehicleHalImpl: GEAR_SELECTION | 0x00000400 | Area: 0x1000000 | NOTIFY | int32_t { 2 } 
10-29 22:20:40.068  1914  1952 D VehicleHalImpl: OPERATION_POWER_STATE | 0x000005c9 | Area: 0x1000000 | NOTIFY | int32_t { 4 } 
10-29 22:20:40.072  2522  2522 I LatinIME: Hardware accelerated drawing: true
10-29 22:20:40.072  2522  2522 E LatinIME: onCreate
10-29 22:20:40.103  2496  2496 I bt_btif : get_profile_interface: id = sdp
10-29 22:20:40.105  2496  2496 I BluetoothAdapterService: Phone policy disabled
10-29 22:20:40.106  2496  2496 D BluetoothActiveDeviceManager: start()
10-29 22:20:40.115  2190  2232 D StagefrightPluginLoader: Failed to load library: libstagefright_ccodec.so (dlopen failed: library "libstagefright_ccodec.so" not found)
10-29 22:20:40.115  2190  2232 D StagefrightPluginLoader: Handle or CreateInputSurface symbol is null
10-29 22:20:40.116  2190  2232 D StagefrightPluginLoader: Handle or CreateBuilder symbol is null
10-29 22:20:40.118  2496  2496 D BluetoothAdapterService: setAdapterService() - trying to set service to com.android.bluetooth.btservice.AdapterService@48d0b28
10-29 22:20:40.118  2496  2635 D BluetoothActiveDeviceManager: onAudioDevicesAdded
10-29 22:20:40.118  2496  2635 D BluetoothActiveDeviceManager: Audio device added: Vinfast-B4-r8a7795 type: 21
10-29 22:20:40.118  2496  2635 I chatty  : uid=1002(bluetooth) BluetoothActive identical 6 lines
10-29 22:20:40.118  2496  2635 D BluetoothActiveDeviceManager: Audio device added: Vinfast-B4-r8a7795 type: 21
10-29 22:20:40.118  2496  2635 D BluetoothActiveDeviceManager: Audio device added: Vinfast-B4-r8a7795 type: 15
10-29 22:20:40.123  2190  2232 I OMXClient: IOmx service obtained
10-29 22:20:40.124  2194  2194 I OMXMaster: makeComponentInstance(OMX.google.aac.decoder) in omx@1.0-service process
10-29 22:20:40.138  2050  2050 V u-blox  : CUbxGpsState::writeUbxCfgPort: Send CFG-Port baudrate=115200
10-29 22:20:40.166  2496  2496 D BluetoothAdapterService: onBind()
10-29 22:20:40.168  1914  1952 D VehicleHalImpl: ENV_OUTSIDE_TEMPERATURE | 0x00000703 | Area: 0x1000000 | NOTIFY | float { 0 } 
10-29 22:20:40.168  1914  1952 D VehicleHalImpl: STEERING_ANGLE | 0x00000200 | Area: 0x1000000 | NOTIFY | float { -0.0026 } 
10-29 22:20:40.168  1914  1952 D VehicleHalImpl: PERF_ODOMETER | 0x00000204 | Area: 0x1000000 | NOTIFY | float { 0 } 
10-29 22:20:40.169  1914  1952 D VehicleHalImpl: PERF_VEHICLE_SPEED | 0x00000207 | Area: 0x1000000 | NOTIFY | float { 0 } 
10-29 22:20:40.169  1914  1952 D VehicleHalImpl: GEAR_SELECTION | 0x00000400 | Area: 0x1000000 | NOTIFY | int32_t { 2 } 
10-29 22:20:40.169  1914  1952 D VehicleHalImpl: ENGINE_RPM | 0x00000305 | Area: 0x1000000 | NOTIFY | float { 0 } 
10-29 22:20:40.169  1914  1952 D VehicleHalImpl: FUEL_LEVEL | 0x00000307 | Area: 0x1000000 | NOTIFY | float { 0 } 
10-29 22:20:40.169  1914  1952 D VehicleHalImpl: OPERATION_POWER_STATE | 0x000005c9 | Area: 0x1000000 | NOTIFY | int32_t { 4 } 
10-29 22:20:40.220  1914  1954 E vfrpc   : VfrRpcException :msg='getProp wait respond timeout over 200 ms!'
10-29 22:20:40.220  1914  1954 E VehicleHalImpl: queryPropertyData: R7 Sevice failed with exception
10-29 22:20:40.230  1914  1954 D VehicleHalImpl: queryPropertyData: FOB_KEY_ID | 0x25400611 | areaId: 1 QUERY
10-29 22:20:40.232  1914  1952 D VehicleHalImpl: ENV_OUTSIDE_TEMPERATURE | 0x00000703 | Area: 0x1000000 | NOTIFY | float { 0 } 
10-29 22:20:40.232  1914  1952 D VehicleHalImpl: GEAR_SELECTION | 0x00000400 | Area: 0x1000000 | NOTIFY | int32_t { 2 } 
10-29 22:20:40.233  1914  1952 D VehicleHalImpl: OPERATION_POWER_STATE | 0x000005c9 | Area: 0x1000000 | NOTIFY | int32_t { 4 } 
10-29 22:20:40.239  2050  2050 V u-blox  : CUbxGpsState::writeUbxCfgMsg: Sent CFG-MSG id=0A-09 (enable UBX-MON-HW)
10-29 22:20:40.276  2354  2438 I InputReader: Reconfiguring input devices.  changes=0x00000010
10-29 22:20:40.280  2069  2080 I sd_stub : [info   ] SD OFFER - service 111A:0, version 0.FFFFFFFF, ttl: 3C, mcast: true, sid: 2D : @192.168.57.1, TCP: 4378; 
10-29 22:20:40.280  2069  2080 D sd_stub : [debug  ] Response subscribe to 111A:0, 1 subscribers
10-29 22:20:40.280  2069  2080 I sd_stub : [info   ] SD OFFER - service 1111:0, version 0.FFFFFFFF, ttl: 3C, mcast: true, sid: 2D : @192.168.57.1, TCP: 4369; 
10-29 22:20:40.299  1914  1949 D VehicleHalSomeip: [debug  ] [SdProxy] AS_RESPONSE_SUBSCRIBE - client 111A, service: 111A, instance: 0, group: 1, tcp: 42388, udp: 0, pid: 0, result: true
10-29 22:20:40.299  1914  1949 D VehicleHalSomeip: [debug  ] Subscribe to service: 111A:0, group: 1 result: true
10-29 22:20:40.299  2069  2080 I sd_stub : [info   ] SD SUBSCRIBE_ACK - service: 111A:0, version: 0, group_id: 1, TTL: 3C, mcast: false, sid: 14, counter: 0
10-29 22:20:40.299  2069  2080 D sd_stub : [debug  ] sd_handle_event_ack - send to PID: 1914
10-29 22:20:40.339  2050  2050 V u-blox  : CUbxGpsState::forceTurnOff: The receiver output is disabled!
10-29 22:20:40.339  2050  2050 V u-blox  : CUbxGpsState::powerOff: placeholder for power OFF function
10-29 22:20:40.339  2050  2050 V u-blox  : CUbxGpsState::forceTurnOff: The receiver is powered off!
10-29 22:20:40.350  2050  2050 E u-blox  : setSuplMode: SUPL is not supported.
10-29 22:20:40.350  2354  2376 E GnssLocationProvider: Unable to set SUPL_MODE
10-29 22:20:40.354  2354  2354 W SystemServiceManager: Service com.android.server.voiceinteraction.VoiceInteractionManagerService took 558 ms in onStartUser 
10-29 22:20:40.360  2050  2050 V u-blox  : ublox::CGnssConfigurationExtension::configurationUpdate: New configuration requested
10-29 22:20:40.360  2050  2050 D u-blox  : ublox::CCfg::print: Configuration:
10-29 22:20:40.360  2050  2050 D u-blox  : ublox::CCfg::print: Index: LPP_PROFILE, Data: 0
10-29 22:20:40.361  2354  2354 I ActivityManager: START u0 {act=android.intent.action.MAIN cat=[android.intent.category.HOME] flg=0x10000100 cmp=com.android.systemui/.FallbackHome} from uid 0
10-29 22:20:40.368  1914  1952 D VehicleHalImpl: ENV_OUTSIDE_TEMPERATURE | 0x00000703 | Area: 0x1000000 | NOTIFY | float { 0 } 
10-29 22:20:40.369  1914  1952 D VehicleHalImpl: GEAR_SELECTION | 0x00000400 | Area: 0x1000000 | NOTIFY | int32_t { 2 } 
10-29 22:20:40.369  1914  1952 D VehicleHalImpl: OPERATION_POWER_STATE | 0x000005c9 | Area: 0x1000000 | NOTIFY | int32_t { 4 } 
10-29 22:20:40.431  1914  1954 E vfrpc   : VfrRpcException :msg='getProp wait respond timeout over 200 ms!'
10-29 22:20:40.431  1914  1954 E VehicleHalImpl: queryPropertyData: R7 Sevice failed with exception
10-29 22:20:40.437  2354  2488 D DhcpClient: Broadcasting DHCPDISCOVER
10-29 22:20:40.439  2354  2569 I Zygote  : Process: zygote socket ABSTRACT/com.android.internal.os.WebViewZygoteInit/5536297b-00fe-4d4a-839f-55d6e32b9760 opened, supported ABIS: arm64-v8a,armeabi-v7a,armeabi
10-29 22:20:40.439  2354  2569 D WebViewZygote: Preloading package /system/app/webview/webview.apk /system/app/webview/lib/arm:/system/app/webview/webview.apk!/lib/armeabi-v7a
10-29 22:20:40.441  1914  1954 D VehicleHalImpl: queryPropertyData: EV_MAX_CHARGE_CURRENT | 0x216005d5 | areaId: 0 QUERY
10-29 22:20:40.443  1914  1952 D VehicleHalImpl: ENV_OUTSIDE_TEMPERATURE | 0x00000703 | Area: 0x1000000 | NOTIFY | float { 0 } 
10-29 22:20:40.443  1914  1952 D VehicleHalImpl: GEAR_SELECTION | 0x00000400 | Area: 0x1000000 | NOTIFY | int32_t { 2 } 
10-29 22:20:40.443  1914  1952 D VehicleHalImpl: OPERATION_POWER_STATE | 0x000005c9 | Area: 0x1000000 | NOTIFY | int32_t { 4 } 
10-29 22:20:40.449  2354  2569 I Zygote  : Process: zygote socket ABSTRACT/com.android.internal.os.WebViewZygoteInit/5536297b-00fe-4d4a-839f-55d6e32b9760 opened, supported ABIS: arm64-v8a,armeabi-v7a,armeabi
10-29 22:20:40.456  2538  2538 I CAR.SERVICE: Service onCreate
10-29 22:20:40.457  2190  2232 I OMXClient: IOmx service obtained
10-29 22:20:40.457  2194  2194 I OMXMaster: makeComponentInstance(OMX.google.amrnb.decoder) in omx@1.0-service process
10-29 22:20:40.460  2581  2581 I WebViewZygoteInit: Beginning package preload
10-29 22:20:40.473  2571  2571 I WebViewLoader-: System.exit called, status: 0
10-29 22:20:40.473  2571  2571 I AndroidRuntime: VM exiting with result code 0, cleanup skipped.
10-29 22:20:40.488  1993  1993 I Zygote  : Process 2571 exited cleanly (0)
10-29 22:20:40.557  2190  2232 I OMXClient: IOmx service obtained
10-29 22:20:40.559  2194  2236 I OMXMaster: makeComponentInstance(OMX.google.amrwb.decoder) in omx@1.0-service process
10-29 22:20:40.561  2050  2050 V u-blox  : CUbxGpsState::writeUbxCfgPort: Send CFG-Port baudrate=115200
10-29 22:20:40.565  2190  2232 I OMXClient: IOmx service obtained
10-29 22:20:40.565  2194  2236 I OMXMaster: makeComponentInstance(OMX.google.flac.decoder) in omx@1.0-service process
10-29 22:20:40.569  1914  1952 D VehicleHalImpl: ENV_OUTSIDE_TEMPERATURE | 0x00000703 | Area: 0x1000000 | NOTIFY | float { 0 } 
10-29 22:20:40.569  1914  1952 D VehicleHalImpl: GEAR_SELECTION | 0x00000400 | Area: 0x1000000 | NOTIFY | int32_t { 2 } 
10-29 22:20:40.569  1914  1952 D VehicleHalImpl: OPERATION_POWER_STATE | 0x000005c9 | Area: 0x1000000 | NOTIFY | int32_t { 4 } 
10-29 22:20:40.641  1914  1954 E vfrpc   : VfrRpcException :msg='getProp wait respond timeout over 200 ms!'
10-29 22:20:40.641  1914  1954 E VehicleHalImpl: queryPropertyData: R7 Sevice failed with exception
10-29 22:20:40.652  1914  1954 D VehicleHalImpl: queryPropertyData: ADAS_PA_WARN | 0x29400582 | areaId: 8 QUERY
10-29 22:20:40.654  1914  1952 D VehicleHalImpl: ENV_OUTSIDE_TEMPERATURE | 0x00000703 | Area: 0x1000000 | NOTIFY | float { 0 } 
10-29 22:20:40.654  1914  1952 D VehicleHalImpl: STEERING_ANGLE | 0x00000200 | Area: 0x1000000 | NOTIFY | float { -0.0026 } 
10-29 22:20:40.654  1914  1952 D VehicleHalImpl: PERF_ODOMETER | 0x00000204 | Area: 0x1000000 | NOTIFY | float { 0 } 
10-29 22:20:40.654  1914  1952 D VehicleHalImpl: PERF_VEHICLE_SPEED | 0x00000207 | Area: 0x1000000 | NOTIFY | float { 0 } 
10-29 22:20:40.654  1914  1952 D VehicleHalImpl: GEAR_SELECTION | 0x00000400 | Area: 0x1000000 | NOTIFY | int32_t { 2 } 
10-29 22:20:40.654  1914  1952 D VehicleHalImpl: ENGINE_RPM | 0x00000305 | Area: 0x1000000 | NOTIFY | float { 0 } 
10-29 22:20:40.654  1914  1952 D VehicleHalImpl: FUEL_LEVEL | 0x00000307 | Area: 0x1000000 | NOTIFY | float { 0 } 
10-29 22:20:40.654  1914  1952 D VehicleHalImpl: OPERATION_POWER_STATE | 0x000005c9 | Area: 0x1000000 | NOTIFY | int32_t { 4 } 
10-29 22:20:40.661  2050  2050 V u-blox  : CUbxGpsState::writeUbxCfgMsg: Sent CFG-MSG id=0A-09 (enable UBX-MON-HW)
10-29 22:20:40.715  2581  2581 I webview_zygote: The ClassLoaderContext is a special shared library.
10-29 22:20:40.744  2538  2538 I android_os_HwBinder: HwBinder: Starting thread pool for default::android.hardware.automotive.vehicle@2.0::IVehicle
10-29 22:20:40.749  2538  2538 I CAR.SERVICE: Connected to android.hardware.automotive.vehicle@2.0::IVehicle
10-29 22:20:40.757  2190  2232 I OMXClient: IOmx service obtained
10-29 22:20:40.757  2194  2659 I OMXMaster: makeComponentInstance(OMX.google.g711.alaw.decoder) in omx@1.0-service process
10-29 22:20:40.761  2050  2050 V u-blox  : CUbxGpsState::forceTurnOff: The receiver output is disabled!
10-29 22:20:40.761  2050  2050 V u-blox  : CUbxGpsState::powerOff: placeholder for power OFF function
10-29 22:20:40.761  2050  2050 V u-blox  : CUbxGpsState::forceTurnOff: The receiver is powered off!
10-29 22:20:40.769  1914  1952 D VehicleHalImpl: ENV_OUTSIDE_TEMPERATURE | 0x00000703 | Area: 0x1000000 | NOTIFY | float { 0 } 
10-29 22:20:40.769  1914  1952 D VehicleHalImpl: GEAR_SELECTION | 0x00000400 | Area: 0x1000000 | NOTIFY | int32_t { 2 } 
10-29 22:20:40.769  1914  1952 D VehicleHalImpl: OPERATION_POWER_STATE | 0x000005c9 | Area: 0x1000000 | NOTIFY | int32_t { 4 } 
10-29 22:20:40.772  2050  2050 E u-blox  : setSuplEs: SUPL is not supported.
10-29 22:20:40.772  2354  2376 E GnssLocationProvider: Unable to set SUPL_ES
10-29 22:20:40.782  2050  2050 V u-blox  : ublox::CGnssConfigurationExtension::configurationUpdate: New configuration requested
10-29 22:20:40.782  2050  2050 D u-blox  : ublox::CCfg::print: Configuration:
10-29 22:20:40.782  2050  2050 D u-blox  : ublox::CCfg::print: Index: GPS_LOCK, Data: 0
10-29 22:20:40.795  2184  2184 D incidentd: Start uploading backlogs in /data/misc/incidents/
10-29 22:20:40.828  2538  2538 E ContextImpl: Data directory doesn't exist for package com.android.car
10-29 22:20:40.828  2538  2538 E ContextImpl: java.lang.Throwable
10-29 22:20:40.828  2538  2538 E ContextImpl: 	at android.app.ContextImpl.getDataDir(ContextImpl.java:2254)
10-29 22:20:40.828  2538  2538 E ContextImpl: 	at android.app.ContextImpl.getFilesDir(ContextImpl.java:639)
10-29 22:20:40.828  2538  2538 E ContextImpl: 	at android.content.ContextWrapper.getFilesDir(ContextWrapper.java:239)
10-29 22:20:40.828  2538  2538 E ContextImpl: 	at com.android.car.systeminterface.IOInterface$DefaultImpl.<init>(IOInterface.java:32)
10-29 22:20:40.828  2538  2538 E ContextImpl: 	at com.android.car.systeminterface.SystemInterface$Builder.defaultSystemInterface(SystemInterface.java:195)
10-29 22:20:40.828  2538  2538 E ContextImpl: 	at com.android.car.CarService.onCreate(CarService.java:94)
10-29 22:20:40.828  2538  2538 E ContextImpl: 	at android.app.ActivityThread.handleCreateService(ActivityThread.java:3570)
10-29 22:20:40.828  2538  2538 E ContextImpl: 	at android.app.ActivityThread.access$1300(ActivityThread.java:200)
10-29 22:20:40.828  2538  2538 E ContextImpl: 	at android.app.ActivityThread$H.handleMessage(ActivityThread.java:1672)
10-29 22:20:40.828  2538  2538 E ContextImpl: 	at android.os.Handler.dispatchMessage(Handler.java:106)
10-29 22:20:40.828  2538  2538 E ContextImpl: 	at android.os.Looper.loop(Looper.java:193)
10-29 22:20:40.828  2538  2538 E ContextImpl: 	at android.app.ActivityThread.main(ActivityThread.java:6718)
10-29 22:20:40.828  2538  2538 E ContextImpl: 	at java.lang.reflect.Method.invoke(Native Method)
10-29 22:20:40.828  2538  2538 E ContextImpl: 	at com.android.internal.os.RuntimeInit$MethodAndArgsCaller.run(RuntimeInit.java:493)
10-29 22:20:40.828  2538  2538 E ContextImpl: 	at com.android.internal.os.ZygoteInit.main(ZygoteInit.java:858)
10-29 22:20:40.842  2190  2232 I OMXClient: IOmx service obtained
10-29 22:20:40.842  2194  2236 I OMXMaster: makeComponentInstance(OMX.google.g711.mlaw.decoder) in omx@1.0-service process
10-29 22:20:40.846  2190  2232 I OMXClient: IOmx service obtained
10-29 22:20:40.846  2194  2659 I OMXMaster: makeComponentInstance(OMX.google.mp3.decoder) in omx@1.0-service process
10-29 22:20:40.852  1914  1954 E vfrpc   : VfrRpcException :msg='getProp wait respond timeout over 200 ms!'
10-29 22:20:40.852  1914  1954 E VehicleHalImpl: queryPropertyData: R7 Sevice failed with exception
10-29 22:20:40.862  1914  1954 D VehicleHalImpl: queryPropertyData: EV_MAX_CHARGE_VOLTAGE | 0x216005d4 | areaId: 0 QUERY
10-29 22:20:40.864  1914  1952 D VehicleHalImpl: ENV_OUTSIDE_TEMPERATURE | 0x00000703 | Area: 0x1000000 | NOTIFY | float { 0 } 
10-29 22:20:40.865  1914  1952 D VehicleHalImpl: GEAR_SELECTION | 0x00000400 | Area: 0x1000000 | NOTIFY | int32_t { 2 } 
10-29 22:20:40.865  1914  1952 D VehicleHalImpl: OPERATION_POWER_STATE | 0x000005c9 | Area: 0x1000000 | NOTIFY | int32_t { 4 } 
10-29 22:20:40.966  2184  2184 D incidentd: Successfully uploaded 0 files to Dropbox.
10-29 22:20:40.969  1914  1952 D VehicleHalImpl: ENV_OUTSIDE_TEMPERATURE | 0x00000703 | Area: 0x1000000 | NOTIFY | float { 0 } 
10-29 22:20:40.969  1914  1952 D VehicleHalImpl: GEAR_SELECTION | 0x00000400 | Area: 0x1000000 | NOTIFY | int32_t { 2 } 
10-29 22:20:40.970  1914  1952 D VehicleHalImpl: OPERATION_POWER_STATE | 0x000005c9 | Area: 0x1000000 | NOTIFY | int32_t { 4 } 
10-29 22:20:40.983  2050  2050 V u-blox  : CUbxGpsState::writeUbxCfgPort: Send CFG-Port baudrate=115200
10-29 22:20:41.063  1914  1954 E vfrpc   : VfrRpcException :msg='getProp wait respond timeout over 200 ms!'
10-29 22:20:41.063  1914  1954 E VehicleHalImpl: queryPropertyData: R7 Sevice failed with exception
10-29 22:20:41.073  1914  1954 D VehicleHalImpl: queryPropertyData: ADAS_PA_WARN | 0x29400582 | areaId: 6 QUERY
10-29 22:20:41.075  1914  1952 D VehicleHalImpl: ENV_OUTSIDE_TEMPERATURE | 0x00000703 | Area: 0x1000000 | NOTIFY | float { 0 } 
10-29 22:20:41.075  1914  1952 D VehicleHalImpl: GEAR_SELECTION | 0x00000400 | Area: 0x1000000 | NOTIFY | int32_t { 2 } 
10-29 22:20:41.075  1914  1952 D VehicleHalImpl: OPERATION_POWER_STATE | 0x000005c9 | Area: 0x1000000 | NOTIFY | int32_t { 4 } 
10-29 22:20:41.083  2050  2050 V u-blox  : CUbxGpsState::writeUbxCfgMsg: Sent CFG-MSG id=0A-09 (enable UBX-MON-HW)
10-29 22:20:41.094  2190  2232 I OMXClient: IOmx service obtained
10-29 22:20:41.095  2194  2659 I OMXMaster: makeComponentInstance(OMX.google.opus.decoder) in omx@1.0-service process
10-29 22:20:41.145  1914  1952 D VehicleHalImpl: ENV_OUTSIDE_TEMPERATURE | 0x00000703 | Area: 0x1000000 | NOTIFY | float { 0 } 
10-29 22:20:41.145  1914  1952 D VehicleHalImpl: STEERING_ANGLE | 0x00000200 | Area: 0x1000000 | NOTIFY | float { -0.0026 } 
10-29 22:20:41.145  1914  1952 D VehicleHalImpl: PERF_ODOMETER | 0x00000204 | Area: 0x1000000 | NOTIFY | float { 0 } 
10-29 22:20:41.145  1914  1952 D VehicleHalImpl: PERF_VEHICLE_SPEED | 0x00000207 | Area: 0x1000000 | NOTIFY | float { 0 } 
10-29 22:20:41.145  1914  1952 D VehicleHalImpl: GEAR_SELECTION | 0x00000400 | Area: 0x1000000 | NOTIFY | int32_t { 2 } 
10-29 22:20:41.145  1914  1952 D VehicleHalImpl: ENGINE_RPM | 0x00000305 | Area: 0x1000000 | NOTIFY | float { 0 } 
10-29 22:20:41.145  1914  1952 D VehicleHalImpl: FUEL_LEVEL | 0x00000307 | Area: 0x1000000 | NOTIFY | float { 0 } 
10-29 22:20:41.145  1914  1952 D VehicleHalImpl: OPERATION_POWER_STATE | 0x000005c9 | Area: 0x1000000 | NOTIFY | int32_t { 4 } 
10-29 22:20:41.171  2190  2232 I OMXClient: IOmx service obtained
10-29 22:20:41.172  2194  2235 I OMXMaster: makeComponentInstance(OMX.google.raw.decoder) in omx@1.0-service process
10-29 22:20:41.178  2581  2581 I WebViewZygoteInit: Package preload done
10-29 22:20:41.183  2050  2050 V u-blox  : CUbxGpsState::forceTurnOff: The receiver output is disabled!
10-29 22:20:41.183  2050  2050 V u-blox  : CUbxGpsState::powerOff: placeholder for power OFF function
10-29 22:20:41.183  2050  2050 V u-blox  : CUbxGpsState::forceTurnOff: The receiver is powered off!
10-29 22:20:41.194  2050  2050 E u-blox  : setEmergencySuplPdn: SUPL is not supported.
10-29 22:20:41.194  2354  2376 E GnssLocationProvider: Unable to set USE_EMERGENCY_PDN_FOR_EMERGENCY_SUPL
10-29 22:20:41.213  2190  2232 I OMXClient: IOmx service obtained
10-29 22:20:41.213  2194  2236 I OMXMaster: makeComponentInstance(OMX.google.vorbis.decoder) in omx@1.0-service process
10-29 22:20:41.245  1914  1952 D VehicleHalImpl: ENV_OUTSIDE_TEMPERATURE | 0x00000703 | Area: 0x1000000 | NOTIFY | float { 0 } 
10-29 22:20:41.245  1914  1952 D VehicleHalImpl: GEAR_SELECTION | 0x00000400 | Area: 0x1000000 | NOTIFY | int32_t { 2 } 
10-29 22:20:41.245  1914  1952 D VehicleHalImpl: OPERATION_POWER_STATE | 0x000005c9 | Area: 0x1000000 | NOTIFY | int32_t { 4 } 
10-29 22:20:41.251  2190  2232 I OMXClient: IOmx service obtained
10-29 22:20:41.251  2194  2235 I OMXMaster: makeComponentInstance(OMX.google.aac.encoder) in omx@1.0-service process
10-29 22:20:41.273  1914  1954 E vfrpc   : VfrRpcException :msg='getProp wait respond timeout over 200 ms!'
10-29 22:20:41.273  1914  1954 E VehicleHalImpl: queryPropertyData: R7 Sevice failed with exception
10-29 22:20:41.281  2069  2080 I sd_stub : [info   ] SD OFFER - service 111A:0, version 0.FFFFFFFF, ttl: 3C, mcast: true, sid: 2E : @192.168.57.1, TCP: 4378; 
10-29 22:20:41.281  2069  2080 D sd_stub : [debug  ] Response subscribe to 111A:0, 1 subscribers
10-29 22:20:41.281  2069  2080 I sd_stub : [info   ] SD OFFER - service 1111:0, version 0.FFFFFFFF, ttl: 3C, mcast: true, sid: 2E : @192.168.57.1, TCP: 4369; 
10-29 22:20:41.284  1914  1954 D VehicleHalImpl: queryPropertyData: ADAS_LDW_SENS | 0x21400569 | areaId: 0 QUERY
10-29 22:20:41.290  2190  2232 I OMXClient: IOmx service obtained
10-29 22:20:41.290  2194  2235 I OMXMaster: makeComponentInstance(OMX.google.amrnb.encoder) in omx@1.0-service process
10-29 22:20:41.302  2069  2080 I sd_stub : [info   ] SD SUBSCRIBE_ACK - service: 111A:0, version: 0, group_id: 1, TTL: 3C, mcast: false, sid: 15, counter: 0
10-29 22:20:41.302  2069  2080 D sd_stub : [debug  ] sd_handle_event_ack - send to PID: 1914
10-29 22:20:41.302  1914  1949 D VehicleHalSomeip: [debug  ] [SdProxy] AS_RESPONSE_SUBSCRIBE - client 111A, service: 111A, instance: 0, group: 1, tcp: 42388, udp: 0, pid: 0, result: true
10-29 22:20:41.302  1914  1949 D VehicleHalSomeip: [debug  ] Subscribe to service: 111A:0, group: 1 result: true
10-29 22:20:41.306  2354  2354 I ActivityManager: Loaded persisted task ids for user 0
10-29 22:20:41.312  2190  2232 I OMXClient: IOmx service obtained
10-29 22:20:41.312  2194  2236 I OMXMaster: makeComponentInstance(OMX.google.amrwb.encoder) in omx@1.0-service process
10-29 22:20:41.345  1914  1952 D VehicleHalImpl: ENV_OUTSIDE_TEMPERATURE | 0x00000703 | Area: 0x1000000 | NOTIFY | float { 0 } 
10-29 22:20:41.345  1914  1952 D VehicleHalImpl: GEAR_SELECTION | 0x00000400 | Area: 0x1000000 | NOTIFY | int32_t { 2 } 
10-29 22:20:41.346  1914  1952 D VehicleHalImpl: OPERATION_POWER_STATE | 0x000005c9 | Area: 0x1000000 | NOTIFY | int32_t { 4 } 
10-29 22:20:41.368  2068  2068 I wifi@1.2-servic: type=1400 audit(0.0:18): avc: denied { search } for name="wifi" dev="xvda3" ino=1048599 scontext=u:r:hal_wifi_default:s0 tcontext=u:object_r:wifi_data_file:s0 tclass=dir permissive=1
10-29 22:20:41.396  2190  2232 I OMXClient: IOmx service obtained
10-29 22:20:41.397  2194  2235 I OMXMaster: makeComponentInstance(OMX.google.flac.encoder) in omx@1.0-service process
10-29 22:20:41.425  2190  2232 I OMXClient: IOmx service obtained
10-29 22:20:41.425  2194  2235 I OMXMaster: makeComponentInstance(OMX.RENESAS.VIDEO.DECODER.H264) in omx@1.0-service process
10-29 22:20:41.445  1914  1952 D VehicleHalImpl: ENV_OUTSIDE_TEMPERATURE | 0x00000703 | Area: 0x1000000 | NOTIFY | float { 0 } 
10-29 22:20:41.445  1914  1952 D VehicleHalImpl: GEAR_SELECTION | 0x00000400 | Area: 0x1000000 | NOTIFY | int32_t { 2 } 
10-29 22:20:41.446  1914  1952 D VehicleHalImpl: OPERATION_POWER_STATE | 0x000005c9 | Area: 0x1000000 | NOTIFY | int32_t { 4 } 
10-29 22:20:41.465  2190  2232 W OMXUtils: do not know color format 0x7f000001 = 2130706433
10-29 22:20:41.467  2190  2232 W OMXUtils: do not know color format 0x7f000000 = 2130706432
10-29 22:20:41.469  2194  2659 E OMXNodeInstance: getExtensionIndex(0xe2e3e7c2e000:RENESAS.DECODER.H264, OMX.google.android.index.configureVideoTunnelMode) ERROR: UnsupportedIndex(0x8000101a)
10-29 22:20:41.470  2194  2659 W OMXNodeInstance: [0xe2e3e7c2e000:RENESAS.DECODER.H264] component does not support metadata mode; using fallback
10-29 22:20:41.472  2068  2068 I wifi@1.2-servic: type=1400 audit(0.0:19): avc: denied { write } for name="wifi" dev="xvda3" ino=1048599 scontext=u:r:hal_wifi_default:s0 tcontext=u:object_r:wifi_data_file:s0 tclass=dir permissive=1
10-29 22:20:41.472  2068  2068 I wifi@1.2-servic: type=1400 audit(0.0:20): avc: denied { add_name } for name=".rnd.out" scontext=u:r:hal_wifi_default:s0 tcontext=u:object_r:wifi_data_file:s0 tclass=dir permissive=1
10-29 22:20:41.476  2068  2068 I wifi@1.2-servic: type=1400 audit(0.0:22): avc: denied { write } for name=".rnd.out" dev="xvda3" ino=1048955 scontext=u:r:hal_wifi_default:s0 tcontext=u:object_r:wifi_data_file:s0 tclass=file permissive=1
10-29 22:20:41.476  2068  2068 I wifi@1.2-servic: type=1400 audit(0.0:23): avc: denied { open } for path="/data/misc/wifi/.rnd.out" dev="xvda3" ino=1048955 scontext=u:r:hal_wifi_default:s0 tcontext=u:object_r:wifi_data_file:s0 tclass=file permissive=1
10-29 22:20:41.484  1914  1954 E vfrpc   : VfrRpcException :msg='getProp wait respond timeout over 200 ms!'
10-29 22:20:41.484  1914  1954 E VehicleHalImpl: queryPropertyData: R7 Sevice failed with exception
10-29 22:20:41.488  2576  2576 I WebViewLoader-: System.exit called, status: 0
10-29 22:20:41.488  2576  2576 I AndroidRuntime: VM exiting with result code 0, cleanup skipped.
10-29 22:20:41.494  1914  1954 D VehicleHalImpl: queryPropertyData: SEAT_EASY_ACCESS | 0x25200610 | areaId: 1 QUERY
10-29 22:20:41.496  2190  2232 I OMXClient: IOmx service obtained
10-29 22:20:41.496  2194  2659 I OMXMaster: makeComponentInstance(OMX.google.h264.decoder) in omx@1.0-service process
10-29 22:20:41.503  1992  1992 I Zygote  : Process 2576 exited cleanly (0)
10-29 22:20:41.507  2354  2354 W system_server: Framework Matrix: Ignore file /system/etc/vintf/manifest.xml: 
10-29 22:20:41.507  2354  2354 W system_server: 
10-29 22:20:41.521  2354  2354 W VintfObject: VintfObject.verify() returns 1: Framework manifest and device compatibility matrix are incompatible: HALs incompatible. The following requirements are not met:
10-29 22:20:41.521  2354  2354 W VintfObject: android.hidl.memory:
10-29 22:20:41.521  2354  2354 W VintfObject:     required: @1.0::IMemory/ashmem
10-29 22:20:41.521  2354  2354 W VintfObject:     provided: @1.0::IMapper/ashmem
10-29 22:20:41.521  2354  2354 W VintfObject: 
10-29 22:20:41.521  2354  2354 E Build   : Vendor interface is incompatible, error=1
10-29 22:20:41.521  2354  2354 E ActivityManager: Build fingerprint is not consistent, warning user
10-29 22:20:41.522  2354  2354 D SystemServerTiming: ActivityManagerStartApps took to complete: 1729ms
10-29 22:20:41.523  2354  2354 D SystemServerTiming: PhaseActivityManagerReady took to complete: 3133ms
10-29 22:20:41.523  2354  2378 W system_server: Long monitor contention with owner main (2354) at void com.android.server.am.ActivityManagerService.systemReady(java.lang.Runnable, android.util.TimingsTraceLog)(ActivityManagerService.java:15314) waiters=0 in void com.android.server.am.ActivityManagerService.dispatchUidsChanged() for 1.165s
10-29 22:20:41.524  2354  2378 W Looper  : Slow dispatch took 1167ms android.ui h=com.android.server.am.ActivityManagerService$UiHandler c=null m=53
10-29 22:20:41.524  2354  2366 W system_server: Long monitor contention with owner main (2354) at void com.android.server.am.ActivityManagerService.systemReady(java.lang.Runnable, android.util.TimingsTraceLog)(ActivityManagerService.java:15314) waiters=2 in android.app.ContentProviderHolder com.android.server.am.ActivityManagerService.getContentProviderImpl(android.app.IApplicationThread, java.lang.String, android.os.IBinder, boolean, int) for 1.133s
10-29 22:20:41.525  2354  2488 W system_server: Long monitor contention with owner main (2354) at void com.android.server.am.ActivityManagerService.systemReady(java.lang.Runnable, android.util.TimingsTraceLog)(ActivityManagerService.java:15314) waiters=3 in boolean com.android.server.am.ActivityManagerService.isAppStartModeDisabled(int, java.lang.String) for 1.087s
10-29 22:20:41.525  2354  2418 W system_server: Long monitor contention with owner main (2354) at void com.android.server.am.ActivityManagerService.systemReady(java.lang.Runnable, android.util.TimingsTraceLog)(ActivityManagerService.java:15314) waiters=4 in void com.android.server.am.ActivityManagerService$AppDeathRecipient.binderDied() for 1.038s
10-29 22:20:41.526  2354  2418 I ActivityManager: Process WebViewLoader-armeabi-v7a (pid 2571) has died: psvc PER 
10-29 22:20:41.527  2354  2380 W libprocessgroup: kill(-2571, 9) failed: No such process
10-29 22:20:41.527  2354  2380 I libprocessgroup: Successfully killed process cgroup uid 1037 pid 2571 in 0ms
10-29 22:20:41.527  2354  2379 W system_server: Long monitor contention with owner main (2354) at void com.android.server.am.ActivityManagerService.systemReady(java.lang.Runnable, android.util.TimingsTraceLog)(ActivityManagerService.java:15314) waiters=1 in void com.android.server.am.ActivityManagerService.lambda$startProcessLocked$0(com.android.server.am.ActivityManagerService, com.android.server.am.ProcessRecord, long, java.lang.String, java.lang.String, int[], int, int, java.lang.String, java.lang.String) for 1.169s
10-29 22:20:41.528  2194  2235 E OMXNodeInstance: getExtensionIndex(0xe2e3e7c2e000:google.h264.decoder, OMX.google.android.index.configureVideoTunnelMode) ERROR: UnsupportedIndex(0x8000101a)
10-29 22:20:41.528  2194  2235 E OMXNodeInstance: getExtensionIndex(0xe2e3e7c2e000:google.h264.decoder, OMX.google.android.index.enableAndroidNativeBuffers) ERROR: UnsupportedIndex(0x8000101a)
10-29 22:20:41.530  2354  2354 D SystemServerInitThreadPool: Shutdown successful
10-29 22:20:41.530  2354  2354 D SystemServerTiming: StartServices took to complete: 6630ms
10-29 22:20:41.533  2522  2522 D LatinIME: onCreate
10-29 22:20:41.535  2190  2232 I OMXClient: IOmx service obtained
10-29 22:20:41.534  2522  2522 W InputAttributes: No editor info for this field. Bug?
10-29 22:20:41.535  2194  2235 I OMXMaster: makeComponentInstance(OMX.google.h263.decoder) in omx@1.0-service process
10-29 22:20:41.539  2354  2517 W system_server: Long monitor contention with owner main (2354) at void com.android.server.am.ActivityManagerService.systemReady(java.lang.Runnable, android.util.TimingsTraceLog)(ActivityManagerService.java:15314) waiters=5 in com.android.server.am.ProcessRecord com.android.server.am.ActivityManagerService.findAppProcess(android.os.IBinder, java.lang.String) for 710ms
10-29 22:20:41.540  2354  2376 W system_server: Long monitor contention with owner main (2354) at void com.android.server.am.ActivityManagerService.systemReady(java.lang.Runnable, android.util.TimingsTraceLog)(ActivityManagerService.java:15314) waiters=6 in android.content.Intent com.android.server.am.ActivityManagerService.registerReceiver(android.app.IApplicationThread, java.lang.String, android.content.IIntentReceiver, android.content.IntentFilter, java.lang.String, int, int) for 344ms
10-29 22:20:41.544  2354  2419 I ActivityManager: Process WebViewLoader-arm64-v8a (pid 2576) has died: psvc PER 
10-29 22:20:41.544  2354  2380 W libprocessgroup: kill(-2576, 9) failed: No such process
10-29 22:20:41.544  2354  2380 I libprocessgroup: Successfully killed process cgroup uid 1037 pid 2576 in 0ms
10-29 22:20:41.546  2354  2384 E BluetoothManagerService: MESSAGE_TIMEOUT_BIND
10-29 22:20:41.547  2354  2379 W ActivityManager: Slow operation: 1190ms so far, now at startProcess: asking zygote to start proc
10-29 22:20:41.547  2354  2354 W Looper  : Slow delivery took 5035ms main h=android.os.Handler c=com.android.server.-$$Lambda$BatteryService$2x73lvpB0jctMSVP4qb9sHAqRPw@13787fe m=0
10-29 22:20:41.558  2194  2659 E OMXNodeInstance: getExtensionIndex(0xe2e3e7c2e000:google.h263.decoder, OMX.google.android.index.configureVideoTunnelMode) ERROR: UnsupportedIndex(0x8000101a)
10-29 22:20:41.558  2194  2659 E OMXNodeInstance: getExtensionIndex(0xe2e3e7c2e000:google.h263.decoder, OMX.google.android.index.enableAndroidNativeBuffers) ERROR: UnsupportedIndex(0x8000101a)
10-29 22:20:41.562  2190  2232 I OMXClient: IOmx service obtained
10-29 22:20:41.563  2194  2659 I OMXMaster: makeComponentInstance(OMX.google.hevc.decoder) in omx@1.0-service process
10-29 22:20:41.563  2538  2538 W ContextImpl: Failed to ensure /data/user/0/com.android.car/files: mkdir failed: ENOENT (No such file or directory)
10-29 22:20:41.566  2354  2354 D ConditionProviders.SCP: onConnected
10-29 22:20:41.568  2354  2354 D ConditionProviders: Subscribing to condition://android/event?userId=-10000&calendar=&reply=1 with ComponentInfo{android/com.android.server.notification.EventConditionProvider}
10-29 22:20:41.569  2354  2354 D ConditionProviders: Subscribing to condition://android/schedule?days=1.2.3.4.5.6.7&start=22.0&end=7.0&exitAtAlarm=true with ComponentInfo{android/com.android.server.notification.ScheduleConditionProvider}
10-29 22:20:41.571  2354  2376 I GnssLocationProvider: WakeLock released by handleMessage(INITIALIZE_HANDLER, 0, null)
10-29 22:20:41.571  1914  1952 D VehicleHalImpl: ENV_OUTSIDE_TEMPERATURE | 0x00000703 | Area: 0x1000000 | NOTIFY | float { 0 } 
10-29 22:20:41.571  1914  1952 D VehicleHalImpl: GEAR_SELECTION | 0x00000400 | Area: 0x1000000 | NOTIFY | int32_t { 2 } 
10-29 22:20:41.571  1914  1952 D VehicleHalImpl: OPERATION_POWER_STATE | 0x000005c9 | Area: 0x1000000 | NOTIFY | int32_t { 4 } 
10-29 22:20:41.575  2538  2538 D PropertyHalService: started PropertyHalService
10-29 22:20:41.576  2538  2538 D VmsHalService: started VmsHalService!
10-29 22:20:41.581  2354  2376 D GnssLocationProvider: gnssNameCb: name=u-blox GNSS driver
10-29 22:20:41.581  2354  2376 D GnssLocationProvider: gnssSetCapabilitesCb: 209u
10-29 22:20:41.581  2354  2376 D GnssLocationProvider: gnssSetSystemInfoCb: yearOfHw=2015
10-29 22:20:41.587  2354  2379 W ActivityManager: Slow operation: 1230ms so far, now at startProcess: returned from zygote!
10-29 22:20:41.588  2354  2379 W ActivityManager: Slow operation: 1230ms so far, now at startProcess: done updating battery stats
10-29 22:20:41.588  2354  2379 W ActivityManager: Slow operation: 1231ms so far, now at startProcess: building log message
10-29 22:20:41.588  2354  2379 I ActivityManager: Start proc 2708:com.vinfast.ivi.hvac/u0a22 for added application com.vinfast.ivi.hvac
10-29 22:20:41.588  2354  2379 W ActivityManager: Slow operation: 1231ms so far, now at startProcess: starting to update pids map
10-29 22:20:41.588  2354  2379 W ActivityManager: Slow operation: 1231ms so far, now at startProcess: done updating pids map
10-29 22:20:41.588  2354  2379 W ActivityManager: Slow operation: 1230ms so far, now at startProcess: asking zygote to start proc
10-29 22:20:41.593  2050  2050 E u-blox  : setCallback: Gnss Xtra interface already initialized
10-29 22:20:41.593  2708  2708 I Zygote  : seccomp disabled by setenforce 0
10-29 22:20:41.593  2354  2376 I GnssLocationProvider: SetCallback for Gnss Xtra Interface fails
10-29 22:20:41.593  2354  2376 I GnssLocationProvider: Unable to Initialize AGnss interface
10-29 22:20:41.593  2354  2376 I GnssLocationProvider: Unable to initialize GNSS Geofencing interface
10-29 22:20:41.593  2354  2376 I GnssLocationProvider: Unable to initialize GNSS NI interface
10-29 22:20:41.603  2354  2376 E GnssLocationProvider: no AGPS interface in set_agps_server
10-29 22:20:41.604  2354  2376 E GnssBatchingProvider: Failed to initialize GNSS batching
