10-29 22:20:23.576  2073  2073 I SurfaceFlinger: extensions: GL_EXT_debug_marker GL_ANDROID_extension_pack_es31a GL_EXT_blend_minmax GL_EXT_buffer_storage GL_EXT_clear_texture GL_EXT_clip_control GL_EXT_color_buffer_float GL_EXT_conservative_depth GL_EXT_copy_image GL_EXT_discard_framebuffer GL_EXT_draw_buffers GL_EXT_draw_buffers_indexed GL_EXT_draw_elements_base_vertex GL_EXT_EGL_image_array GL_EXT_external_buffer GL_EXT_float_blend GL_EXT_geometry_point_size GL_EXT_geometry_shader GL_EXT_gpu_shader5 GL_EXT_memory_object GL_EXT_memory_object_fd GL_EXT_multi_draw_arrays GL_EXT_multisampled_render_to_texture GL_EXT_multisampled_render_to_texture2 GL_EXT_occlusion_query_boolean GL_EXT_polygon_offset_clamp GL_EXT_primitive_bounding_box GL_EXT_pvrtc_sRGB GL_EXT_read_format_bgra GL_EXT_robustness GL_EXT_separate_shader_objects GL_EXT_shader_framebuffer_fetch GL_EXT_shader_group_vote GL_EXT_shader_implicit_conversions GL_EXT_shader_io_blocks GL_EXT_shader_non_constant_global_initializers GL_EXT_shader_pixel_local_storage GL_EXT_shader_pixel_local_storage2 GL_EX
10-29 22:20:23.576  2073  2073 I SurfaceFlinger: GL_MAX_TEXTURE_SIZE = 8192
10-29 22:20:23.576  2073  2073 I SurfaceFlinger: GL_MAX_VIEWPORT_DIMS = 8192
10-29 22:20:23.586  1914  1954 D VehicleHalImpl: queryPropertyData: AP_POWER_BOOTUP_REASON | 0x11400a02 | areaId: 0 | RESULT int32_t { 0 } 
10-29 22:20:23.596  1914  1954 D VehicleHalImpl: queryPropertyData: DISPLAY_BRIGHTNESS | 0x11400a03 | areaId: 0 QUERY
10-29 22:20:23.598  1914  1952 D VehicleHalImpl: ENV_OUTSIDE_TEMPERATURE | 0x00000703 | Area: 0x1000000 | NOTIFY | float { 0 } 
10-29 22:20:23.598  1914  1952 D VehicleHalImpl: STEERING_ANGLE | 0x00000200 | Area: 0x1000000 | NOTIFY | float { -0.0026 } 
10-29 22:20:23.598  1914  1952 D VehicleHalImpl: PERF_ODOMETER | 0x00000204 | Area: 0x1000000 | NOTIFY | float { 0 } 
10-29 22:20:23.598  1914  1952 D VehicleHalImpl: PERF_VEHICLE_SPEED | 0x00000207 | Area: 0x1000000 | NOTIFY | float { 0 } 
10-29 22:20:23.640  1914  1952 D VehicleHalImpl: GEAR_SELECTION | 0x00000400 | Area: 0x1000000 | NOTIFY | int32_t { 2 } 
10-29 22:20:23.640  1914  1952 D VehicleHalImpl: ENGINE_RPM | 0x00000305 | Area: 0x1000000 | NOTIFY | float { 0 } 
10-29 22:20:23.640  1914  1952 D VehicleHalImpl: FUEL_LEVEL | 0x00000307 | Area: 0x1000000 | NOTIFY | float { 0 } 
10-29 22:20:23.640  1914  1952 D VehicleHalImpl: OPERATION_POWER_STATE | 0x000005c9 | Area: 0x1000000 | NOTIFY | int32_t { 4 } 
10-29 22:20:23.678  2073  2073 E HWComposer: getSupportedPerFrameMetadata: getSupportedPerFrameMetadata failed for display 0: Unsupported (8)
10-29 22:20:23.696     1     1 W init    : type=1400 audit(0.0:11): avc: granted { read } for name="hvc0" dev="tmpfs" ino=1117 scontext=u:r:init:s0 tcontext=u:object_r:tty_device:s0 tclass=chr_file
10-29 22:20:23.696     1     1 W init    : type=1400 audit(0.0:12): avc: granted { read open } for path="/dev/hvc0" dev="tmpfs" ino=1117 scontext=u:r:init:s0 tcontext=u:object_r:tty_device:s0 tclass=chr_file
10-29 22:20:23.700  2179  2179 W init    : type=1400 audit(0.0:13): avc: granted { read } for name="hvc0" dev="tmpfs" ino=1117 scontext=u:r:init:s0 tcontext=u:object_r:tty_device:s0 tclass=chr_file
10-29 22:20:23.700  2179  2179 W init    : type=1400 audit(0.0:14): avc: granted { read open } for path="/dev/hvc0" dev="tmpfs" ino=1117 scontext=u:r:init:s0 tcontext=u:object_r:tty_device:s0 tclass=chr_file
10-29 22:20:23.736  1914  1952 D VehicleHalImpl: ENV_OUTSIDE_TEMPERATURE | 0x00000703 | Area: 0x1000000 | NOTIFY | float { 0 } 
10-29 22:20:23.736  1914  1952 D VehicleHalImpl: GEAR_SELECTION | 0x00000400 | Area: 0x1000000 | NOTIFY | int32_t { 2 } 
10-29 22:20:23.737  1914  1952 D VehicleHalImpl: OPERATION_POWER_STATE | 0x000005c9 | Area: 0x1000000 | NOTIFY | int32_t { 4 } 
10-29 22:20:23.797  1914  1954 E vfrpc   : VfrRpcException :msg='getProp wait respond timeout over 200 ms!'
10-29 22:20:23.832  2185  2185 I installd: installd firing up
10-29 22:20:23.837  1914  1952 D VehicleHalImpl: ENV_OUTSIDE_TEMPERATURE | 0x00000703 | Area: 0x1000000 | NOTIFY | float { 0 } 
10-29 22:20:23.837  1914  1952 D VehicleHalImpl: GEAR_SELECTION | 0x00000400 | Area: 0x1000000 | NOTIFY | int32_t { 2 } 
10-29 22:20:23.837  1914  1952 D VehicleHalImpl: OPERATION_POWER_STATE | 0x000005c9 | Area: 0x1000000 | NOTIFY | int32_t { 4 } 
10-29 22:20:23.912  2189  2189 I mediametrics: ServiceManager: 0xe9115483d740
10-29 22:20:23.912  2189  2189 D MediaAnalyticsService: MediaAnalyticsService created
10-29 22:20:23.937  1914  1952 D VehicleHalImpl: ENV_OUTSIDE_TEMPERATURE | 0x00000703 | Area: 0x1000000 | NOTIFY | float { 0 } 
10-29 22:20:23.937  1914  1952 D VehicleHalImpl: GEAR_SELECTION | 0x00000400 | Area: 0x1000000 | NOTIFY | int32_t { 2 } 
10-29 22:20:23.937  1914  1952 D VehicleHalImpl: OPERATION_POWER_STATE | 0x000005c9 | Area: 0x1000000 | NOTIFY | int32_t { 4 } 
10-29 22:20:24.039  1914  1954 E VehicleHalImpl: queryPropertyData: R7 Sevice failed with exception
10-29 22:20:24.049  1914  1954 D VehicleHalImpl: queryPropertyData: AP_POWER_STATE_REQ | 0x11410a00 | areaId: 0 QUERY
10-29 22:20:24.051  1914  1952 D VehicleHalImpl: ENV_OUTSIDE_TEMPERATURE | 0x00000703 | Area: 0x1000000 | NOTIFY | float { 0 } 
10-29 22:20:24.051  1914  1952 D VehicleHalImpl: GEAR_SELECTION | 0x00000400 | Area: 0x1000000 | NOTIFY | int32_t { 2 } 
10-29 22:20:24.051  1914  1952 D VehicleHalImpl: OPERATION_POWER_STATE | 0x000005c9 | Area: 0x1000000 | NOTIFY | int32_t { 4 } 
10-29 22:20:24.075  2070  2070 I FastMixerState: sMaxFastTracks = 8
10-29 22:20:24.077  2070  2070 V MediaUtils: physMem: 5802074112
10-29 22:20:24.078  2070  2070 V MediaUtils: requested limit: 536870912
10-29 22:20:24.078  2070  2070 V MediaUtils: cfi shadow size: 2147483648
10-29 22:20:24.078  2070  2070 V MediaUtils: actual limit: 2684354560
10-29 22:20:24.078  2070  2070 V MediaUtils: original limits: -1/-1
10-29 22:20:24.078  2070  2070 V MediaUtils: new limits: 2684354560/-1
10-29 22:20:24.090  2070  2070 I audioserver: ServiceManager: 0xe86e72e665c0
10-29 22:20:24.090  2070  2070 W BatteryNotifier: batterystats service unavailable!
10-29 22:20:24.092  2197  2197 I /system/bin/tombstoned: tombstoned successfully initialized
10-29 22:20:24.094  1906  1906 W hwservicemanager: getTransport: Cannot find entry android.hardware.audio@4.0::IDevicesFactory/msd in either framework or device manifest.
10-29 22:20:24.097  2070  2070 I AudioFlinger: Using default 3000 mSec as standby time.
10-29 22:20:24.112  1914  1952 D VehicleHalImpl: ENV_OUTSIDE_TEMPERATURE | 0x00000703 | Area: 0x1000000 | NOTIFY | float { 0 } 
10-29 22:20:24.112  1914  1952 D VehicleHalImpl: STEERING_ANGLE | 0x00000200 | Area: 0x1000000 | NOTIFY | float { -0.0026 } 
10-29 22:20:24.112  1914  1952 D VehicleHalImpl: PERF_ODOMETER | 0x00000204 | Area: 0x1000000 | NOTIFY | float { 0 } 
10-29 22:20:24.112  1914  1952 D VehicleHalImpl: PERF_VEHICLE_SPEED | 0x00000207 | Area: 0x1000000 | NOTIFY | float { 0 } 
10-29 22:20:24.112  1914  1952 D VehicleHalImpl: GEAR_SELECTION | 0x00000400 | Area: 0x1000000 | NOTIFY | int32_t { 2 } 
10-29 22:20:24.112  1914  1952 D VehicleHalImpl: ENGINE_RPM | 0x00000305 | Area: 0x1000000 | NOTIFY | float { 0 } 
10-29 22:20:24.112  1914  1952 D VehicleHalImpl: FUEL_LEVEL | 0x00000307 | Area: 0x1000000 | NOTIFY | float { 0 } 
10-29 22:20:24.112  1914  1952 D VehicleHalImpl: OPERATION_POWER_STATE | 0x000005c9 | Area: 0x1000000 | NOTIFY | int32_t { 4 } 
10-29 22:20:24.113  1914  1954 D VehicleHalImpl: queryPropertyData: AP_POWER_STATE_REQ | 0x11410a00 | areaId: 0 | RESULT int32_t { 2 0 } 
10-29 22:20:24.118  2195  2195 I gatekeeperd: Starting gatekeeperd...
10-29 22:20:24.123  2191  2191 W statsd  : statscompanion service unavailable!
10-29 22:20:24.123  1914  1954 D VehicleHalImpl: queryPropertyData: HW_KEY_INPUT | 0x11410a10 | areaId: 0 QUERY
10-29 22:20:24.133  2191  2191 I statsd  : using statsd socket
10-29 22:20:24.137  1914  1954 D VehicleHalImpl: queryPropertyData: HW_KEY_INPUT | 0x11410a10 | areaId: 0 | RESULT int32_t { 0 0 1610612767 } 
10-29 22:20:24.147  1914  1954 D VehicleHalImpl: queryPropertyData: INFO_FUEL_CAPACITY | 0x11600104 | areaId: 0 QUERY
10-29 22:20:24.173  1906  1906 W hwservicemanager: getTransport: Cannot find entry android.hardware.usb.gadget@1.0::IUsbGadget/default in either framework or device manifest.
10-29 22:20:24.173  2198  2198 I usbd    : Usb HAL not found
10-29 22:20:24.212  1914  1952 D VehicleHalImpl: ENV_OUTSIDE_TEMPERATURE | 0x00000703 | Area: 0x1000000 | NOTIFY | float { 0 } 
10-29 22:20:24.212  1914  1952 D VehicleHalImpl: GEAR_SELECTION | 0x00000400 | Area: 0x1000000 | NOTIFY | int32_t { 2 } 
10-29 22:20:24.212  1914  1952 D VehicleHalImpl: OPERATION_POWER_STATE | 0x000005c9 | Area: 0x1000000 | NOTIFY | int32_t { 4 } 
10-29 22:20:24.212  1914  1954 D VehicleHalImpl: queryPropertyData: INFO_FUEL_CAPACITY | 0x11600104 | areaId: 0 | RESULT float { 0 } 
10-29 22:20:24.222  1914  1954 D VehicleHalImpl: queryPropertyData: INFO_EV_BATTERY_CAPACITY | 0x11600106 | areaId: 0 QUERY
10-29 22:20:24.236  2193  2193 I wificond: wificond is starting up...
10-29 22:20:24.237  1914  1954 D VehicleHalImpl: queryPropertyData: INFO_EV_BATTERY_CAPACITY | 0x11600106 | areaId: 0 | RESULT float { 0 } 
10-29 22:20:24.238  2188  2188 V MediaUtils: physMem: 5802074112
10-29 22:20:24.238  2188  2188 V MediaUtils: requested limit: 1160414820
10-29 22:20:24.238  2188  2188 V MediaUtils: cfi shadow size: 2147483648
10-29 22:20:24.238  2188  2188 V MediaUtils: actual limit: 3307898468
10-29 22:20:24.238  2188  2188 V MediaUtils: original limits: -1/-1
10-29 22:20:24.238  2188  2188 V MediaUtils: new limits: 3307898468/-1
10-29 22:20:24.247  1914  1954 D VehicleHalImpl: queryPropertyData: PERF_ODOMETER | 0x11600204 | areaId: 0 QUERY
10-29 22:20:24.248  2069  2080 I sd_stub : [info   ] SD OFFER - service 111A:0, version 0.FFFFFFFF, ttl: 3C, mcast: true, sid: 1D : @192.168.57.1, TCP: 4378; 
10-29 22:20:24.249  2069  2080 D sd_stub : [debug  ] Response subscribe to 111A:0, 1 subscribers
10-29 22:20:24.249  2069  2080 I sd_stub : [info   ] SD OFFER - service 1111:0, version 0.FFFFFFFF, ttl: 3C, mcast: true, sid: 1D : @192.168.57.1, TCP: 4369; 
10-29 22:20:24.257  1992  1992 I zygote64: VerifyImage: /system/bin/patchoat --input-image-location=/system/framework/boot.art --output-image-directory=/data/dalvik-cache/arm64 --instruction-set=arm64 --verify
10-29 22:20:24.258  2070  2070 E APM::Serializer: deserialize: Could not parse /odm/etc/audio_policy_configuration.xml document.
10-29 22:20:24.269  2069  2080 I sd_stub : [info   ] SD SUBSCRIBE_ACK - service: 111A:0, version: 0, group_id: 1, TTL: 3C, mcast: false, sid: 4, counter: 0
10-29 22:20:24.269  2069  2080 D sd_stub : [debug  ] sd_handle_event_ack - send to PID: 1914
10-29 22:20:24.270  1914  1949 D VehicleHalSomeip: [debug  ] [SdProxy] AS_RESPONSE_SUBSCRIBE - client 111A, service: 111A, instance: 0, group: 1, tcp: 42388, udp: 0, pid: 0, result: true
10-29 22:20:24.270  1914  1949 D VehicleHalSomeip: [debug  ] Subscribe to service: 111A:0, group: 1 result: true
10-29 22:20:24.284  2181  2216 I adbd    : initializing functionfs
10-29 22:20:24.284  2181  2216 I adbd    : opening control endpoint /dev/usb-ffs/adb/ep0
10-29 22:20:24.289  2181  2216 I adbd    : functionfs successfully initialized
10-29 22:20:24.289  2181  2216 I adbd    : registering usb transport
10-29 22:20:24.312  1914  1952 D VehicleHalImpl: ENV_OUTSIDE_TEMPERATURE | 0x00000703 | Area: 0x1000000 | NOTIFY | float { 0 } 
10-29 22:20:24.312  1914  1952 D VehicleHalImpl: GEAR_SELECTION | 0x00000400 | Area: 0x1000000 | NOTIFY | int32_t { 2 } 
10-29 22:20:24.312  1914  1952 D VehicleHalImpl: OPERATION_POWER_STATE | 0x000005c9 | Area: 0x1000000 | NOTIFY | int32_t { 4 } 
10-29 22:20:24.312  1914  1954 D VehicleHalImpl: queryPropertyData: PERF_ODOMETER | 0x11600204 | areaId: 0 | RESULT float { 0 } 
10-29 22:20:24.323  1914  1954 D VehicleHalImpl: queryPropertyData: PERF_VEHICLE_SPEED | 0x11600207 | areaId: 0 QUERY
10-29 22:20:24.337  1914  1954 D VehicleHalImpl: queryPropertyData: PERF_VEHICLE_SPEED | 0x11600207 | areaId: 0 | RESULT float { 0 } 
10-29 22:20:24.341  2187  2187 I mediaserver: ServiceManager: 0xfef251e3d480
10-29 22:20:24.348  1914  1954 D VehicleHalImpl: queryPropertyData: ENGINE_RPM | 0x11600305 | areaId: 0 QUERY
10-29 22:20:24.370  1906  1906 W hwservicemanager: getTransport: Cannot find entry android.hardware.keymaster@4.0::IKeymasterDevice/default in either framework or device manifest.
10-29 22:20:24.372  2186  2186 I keystore: found android.hardware.keymaster@3.0::IKeymasterDevice with interface name default and seclevel TRUSTED_ENVIRONMENT
10-29 22:20:24.412  1993  1993 D AndroidRuntime: >>>>>> START com.android.internal.os.ZygoteInit uid 0 <<<<<<
10-29 22:20:24.414  1914  1952 D VehicleHalImpl: ENV_OUTSIDE_TEMPERATURE | 0x00000703 | Area: 0x1000000 | NOTIFY | float { 0 } 
10-29 22:20:24.414  1914  1952 D VehicleHalImpl: GEAR_SELECTION | 0x00000400 | Area: 0x1000000 | NOTIFY | int32_t { 2 } 
10-29 22:20:24.414  1914  1952 D VehicleHalImpl: OPERATION_POWER_STATE | 0x000005c9 | Area: 0x1000000 | NOTIFY | int32_t { 4 } 
10-29 22:20:24.415  1914  1954 D VehicleHalImpl: queryPropertyData: ENGINE_RPM | 0x11600305 | areaId: 0 | RESULT float { 0 } 
10-29 22:20:24.425  1914  1954 D VehicleHalImpl: queryPropertyData: FUEL_LEVEL | 0x11600307 | areaId: 0 QUERY
10-29 22:20:24.438  1914  1954 D VehicleHalImpl: queryPropertyData: FUEL_LEVEL | 0x11600307 | areaId: 0 | RESULT float { 0 } 
10-29 22:20:24.438  2188  2188 W mediaextractor: libminijail[2188]: failed to get path of fd 4: No such file or directory
10-29 22:20:24.438  2188  2188 W mediaextractor: libminijail[2188]: allowing syscall: connect
10-29 22:20:24.438  2188  2188 W mediaextractor: libminijail[2188]: allowing syscall: fcntl
10-29 22:20:24.438  2188  2188 W mediaextractor: libminijail[2188]: allowing syscall: sendto
10-29 22:20:24.439  2188  2188 W mediaextractor: libminijail[2188]: allowing syscall: socket
10-29 22:20:24.439  2188  2188 W mediaextractor: libminijail[2188]: allowing syscall: writev
10-29 22:20:24.440  2188  2188 W mediaextractor: libminijail[2188]: logging seccomp filter failures
10-29 22:20:24.448  1914  1954 D VehicleHalImpl: queryPropertyData: ENV_OUTSIDE_TEMPERATURE | 0x11600703 | areaId: 0 QUERY
10-29 22:20:24.479  2073  2073 D SurfaceFlinger: shader cache generated - 24 shaders in 784.468140 ms
10-29 22:20:24.482  2073  2073 D SurfaceFlinger: Set power mode=2, type=0 flinger=0xea1ffc458000
10-29 22:20:24.483  2073  2073 D SurfaceFlinger: Finished set power mode=2, type=0
10-29 22:20:24.519  2070  2070 E APM::Serializer: deserialize: no source found with name=FM Tuner
10-29 22:20:24.519  2070  2070 E APM::HwModule: refreshSupportedDevices: invalid source devices for mixport_tuner0
10-29 22:20:24.540  1914  1952 D VehicleHalImpl: ENV_OUTSIDE_TEMPERATURE | 0x00000703 | Area: 0x1000000 | NOTIFY | float { 0 } 
10-29 22:20:24.540  1914  1952 D VehicleHalImpl: GEAR_SELECTION | 0x00000400 | Area: 0x1000000 | NOTIFY | int32_t { 2 } 
10-29 22:20:24.540  1914  1952 D VehicleHalImpl: OPERATION_POWER_STATE | 0x000005c9 | Area: 0x1000000 | NOTIFY | int32_t { 4 } 
10-29 22:20:24.540  1914  1954 D VehicleHalImpl: queryPropertyData: ENV_OUTSIDE_TEMPERATURE | 0x11600703 | areaId: 0 | RESULT float { 0 } 
10-29 22:20:24.550  1914  1954 D VehicleHalImpl: queryPropertyData: HVAC_DEFROSTER | 0x13200504 | areaId: 1 QUERY
10-29 22:20:24.580  2017  2017 W DeviceHAL: Error from HAL Device in function get_master_volume: Function not implemented
10-29 22:20:24.581  2017  2017 W DeviceHAL: Error from HAL Device in function set_master_volume: Function not implemented
10-29 22:20:24.581  2070  2070 I AudioFlinger: loadHwModule() Loaded primary audio interface, handle 10
10-29 22:20:24.581  2070  2070 I AudioFlinger: openOutput() this 0xe86e72e50000, module 10 Device 0x1000000, SamplingRate 44100, Format 0x000001, Channels 0x3, flags 0x2
10-29 22:20:24.588  1914  1954 D VehicleHalImpl: queryPropertyData: HVAC_DEFROSTER | 0x13200504 | areaId: 1 | RESULT int32_t { 0 } 
10-29 22:20:24.596  2190  2190 I mediaserver: ServiceManager: 0xe85c2923d800
10-29 22:20:24.598  1914  1954 D VehicleHalImpl: queryPropertyData: HVAC_DEFROSTER | 0x13200504 | areaId: 2 QUERY
10-29 22:20:24.600  1914  1952 D VehicleHalImpl: ENV_OUTSIDE_TEMPERATURE | 0x00000703 | Area: 0x1000000 | NOTIFY | float { 0 } 
10-29 22:20:24.600  1914  1952 D VehicleHalImpl: STEERING_ANGLE | 0x00000200 | Area: 0x1000000 | NOTIFY | float { -0.0026 } 
10-29 22:20:24.600  1914  1952 D VehicleHalImpl: PERF_ODOMETER | 0x00000204 | Area: 0x1000000 | NOTIFY | float { 0 } 
10-29 22:20:24.600  1914  1952 D VehicleHalImpl: PERF_VEHICLE_SPEED | 0x00000207 | Area: 0x1000000 | NOTIFY | float { 0 } 
10-29 22:20:24.601  1914  1952 D VehicleHalImpl: GEAR_SELECTION | 0x00000400 | Area: 0x1000000 | NOTIFY | int32_t { 2 } 
10-29 22:20:24.601  1914  1952 D VehicleHalImpl: ENGINE_RPM | 0x00000305 | Area: 0x1000000 | NOTIFY | float { 0 } 
10-29 22:20:24.608  2017  2017 I audio_hw_primary: adev_open_output_stream: configuring output bus #0 "bus0_media_out"
10-29 22:20:24.608  2017  2017 I audio_hw_primary: bus #0 bus0_media_out configured as HAL_STREAM_SUBMIX, TDM slot 0
10-29 22:20:24.608  2017  2017 I audio_hw_primary: adev_open_output_stream bus:bus0_media_out
10-29 22:20:24.624  2070  2070 I AudioFlinger: HAL output buffer size 256 frames, normal sink buffer size 768 frames
10-29 22:20:24.643  1914  1952 D VehicleHalImpl: FUEL_LEVEL | 0x00000307 | Area: 0x1000000 | NOTIFY | float { 0 } 
10-29 22:20:24.643  1914  1952 D VehicleHalImpl: OPERATION_POWER_STATE | 0x000005c9 | Area: 0x1000000 | NOTIFY | int32_t { 4 } 
10-29 22:20:24.644  1914  1954 D VehicleHalImpl: queryPropertyData: HVAC_DEFROSTER | 0x13200504 | areaId: 2 | RESULT int32_t { 0 } 
10-29 22:20:24.650  2194  2194 I media.codec: mediacodecservice starting
10-29 22:20:24.654  1914  1954 D VehicleHalImpl: queryPropertyData: WINDOW_POS | 0x13400bc0 | areaId: 10000 QUERY
10-29 22:20:24.662  1993  1993 I zygote  : option[0]=-Xzygote
10-29 22:20:24.662  1993  1993 I zygote  : option[1]=-Xusetombstonedtraces
10-29 22:20:24.662  1993  1993 I zygote  : option[2]=exit
10-29 22:20:24.662  1993  1993 I zygote  : option[3]=vfprintf
10-29 22:20:24.662  1993  1993 I zygote  : option[4]=sensitiveThread
10-29 22:20:24.662  1993  1993 I zygote  : option[5]=-verbose:gc
10-29 22:20:24.662  1993  1993 I zygote  : option[6]=-Xms16m
10-29 22:20:24.662  1993  1993 I zygote  : option[7]=-Xmx512m
10-29 22:20:24.662  1993  1993 I zygote  : option[8]=-XX:HeapGrowthLimit=192m
10-29 22:20:24.662  1993  1993 I zygote  : option[9]=-XX:HeapMinFree=512k
10-29 22:20:24.662  1993  1993 I zygote  : option[10]=-XX:HeapMaxFree=8m
10-29 22:20:24.662  1993  1993 I zygote  : option[11]=-XX:HeapTargetUtilization=0.75
10-29 22:20:24.662  1993  1993 I zygote  : option[12]=-Xusejit:true
10-29 22:20:24.662  1993  1993 I zygote  : option[13]=-Xjitsaveprofilinginfo
10-29 22:20:24.662  1993  1993 I zygote  : option[14]=-XjdwpOptions:suspend=n,server=y
10-29 22:20:24.662  1993  1993 I zygote  : option[15]=-XjdwpProvider:default
10-29 22:20:24.662  1993  1993 I zygote  : option[16]=-Xlockprofthreshold:500
10-29 22:20:24.662  1993  1993 I zygote  : option[17]=-Ximage-compiler-option
10-29 22:20:24.662  1993  1993 I zygote  : option[18]=--runtime-arg
10-29 22:20:24.662  1993  1993 I zygote  : option[19]=-Ximage-compiler-option
10-29 22:20:24.662  1993  1993 I zygote  : option[20]=-Xms64m
10-29 22:20:24.662  1993  1993 I zygote  : option[21]=-Ximage-compiler-option
10-29 22:20:24.662  1993  1993 I zygote  : option[22]=--runtime-arg
10-29 22:20:24.662  1993  1993 I zygote  : option[23]=-Ximage-compiler-option
10-29 22:20:24.662  1993  1993 I zygote  : option[24]=-Xmx64m
10-29 22:20:24.662  1993  1993 I zygote  : option[25]=-Ximage-compiler-option
10-29 22:20:24.662  1993  1993 I zygote  : option[26]=--profile-file=/system/etc/boot-image.prof
10-29 22:20:24.662  1993  1993 I zygote  : option[27]=-Ximage-compiler-option
10-29 22:20:24.662  1993  1993 I zygote  : option[28]=--compiler-filter=speed-profile
10-29 22:20:24.662  1993  1993 I zygote  : option[29]=-Xcompiler-option
10-29 22:20:24.662  1993  1993 I zygote  : option[30]=--runtime-arg
10-29 22:20:24.663  1993  1993 I zygote  : option[31]=-Xcompiler-option
10-29 22:20:24.663  1993  1993 I zygote  : option[32]=-Xms64m
10-29 22:20:24.663  1993  1993 I zygote  : option[33]=-Xcompiler-option
10-29 22:20:24.663  1993  1993 I zygote  : option[34]=--runtime-arg
10-29 22:20:24.663  1993  1993 I zygote  : option[35]=-Xcompiler-option
10-29 22:20:24.663  1993  1993 I zygote  : option[36]=-Xmx512m
10-29 22:20:24.663  1993  1993 I zygote  : option[37]=-Ximage-compiler-option
10-29 22:20:24.663  1993  1993 I zygote  : option[38]=--instruction-set-variant=cortex-a53
10-29 22:20:24.663  1993  1993 I zygote  : option[39]=-Xcompiler-option
10-29 22:20:24.663  1993  1993 I zygote  : option[40]=--instruction-set-variant=cortex-a53
10-29 22:20:24.663  1993  1993 I zygote  : option[41]=-Ximage-compiler-option
10-29 22:20:24.663  1993  1993 I zygote  : option[42]=--instruction-set-features=default
10-29 22:20:24.663  1993  1993 I zygote  : option[43]=-Xcompiler-option
10-29 22:20:24.663  1993  1993 I zygote  : option[44]=--instruction-set-features=default
10-29 22:20:24.663  1993  1993 I zygote  : option[45]=-Duser.locale=en-US
10-29 22:20:24.663  1993  1993 I zygote  : option[46]=--cpu-abilist=armeabi-v7a,armeabi
10-29 22:20:24.663  1993  1993 I zygote  : option[47]=-Xfingerprint:Vinfast/vf_b4_ecockpit/vf_b4_ecockpit:9/PQ2A.190405.003-RELtest-r8a7795/210:userdebug/test-keys
10-29 22:20:24.665  2190  2190 W BatteryNotifier: batterystats service unavailable!
10-29 22:20:24.689  2194  2194 W android.hardware.media.omx@1.0-service: libminijail[2194]: failed to get path of fd 4: No such file or directory
10-29 22:20:24.689  2194  2194 W android.hardware.media.omx@1.0-service: libminijail[2194]: allowing syscall: connect
10-29 22:20:24.689  2194  2194 W android.hardware.media.omx@1.0-service: libminijail[2194]: allowing syscall: fcntl
10-29 22:20:24.689  2194  2194 W android.hardware.media.omx@1.0-service: libminijail[2194]: allowing syscall: sendto
10-29 22:20:24.689  2194  2194 W android.hardware.media.omx@1.0-service: libminijail[2194]: allowing syscall: socket
10-29 22:20:24.689  2194  2194 W android.hardware.media.omx@1.0-service: libminijail[2194]: allowing syscall: writev
10-29 22:20:24.689  2194  2194 W android.hardware.media.omx@1.0-service: libminijail[2194]: compile_file: <fd>(14): nonexistent syscall 'mmap2'
10-29 22:20:24.689  2194  2194 W android.hardware.media.omx@1.0-service: libminijail[2194]: compile_file: <fd>(31): nonexistent syscall 'getuid32'
10-29 22:20:24.690  2194  2194 W android.hardware.media.omx@1.0-service: libminijail[2194]: compile_file: <fd>(32): nonexistent syscall 'fstat64'
10-29 22:20:24.690  2194  2194 W android.hardware.media.omx@1.0-service: libminijail[2194]: compile_file: <fd>(33): nonexistent syscall 'fstatfs64'
10-29 22:20:24.690  2194  2194 W android.hardware.media.omx@1.0-service: libminijail[2194]: compile_file: <fd>(48): nonexistent syscall '_llseek'
10-29 22:20:24.690  2194  2194 W android.hardware.media.omx@1.0-service: libminijail[2194]: compile_file: <fd>(51): nonexistent syscall 'statfs64'
10-29 22:20:24.690  2194  2194 W android.hardware.media.omx@1.0-service: libminijail[2194]: compile_file: <fd>(53): nonexistent syscall 'fstatat64'
10-29 22:20:24.690  2194  2194 W android.hardware.media.omx@1.0-service: libminijail[2194]: compile_file: <fd>(54): nonexistent syscall 'ugetrlimit'
10-29 22:20:24.691  2194  2194 W android.hardware.media.omx@1.0-service: libminijail[2194]: compile_file: /system/etc/seccomp_policy/crash_dump.arm.policy(5): nonexistent syscall 'sigreturn'
10-29 22:20:24.691  2194  2194 W android.hardware.media.omx@1.0-service: libminijail[2194]: compile_file: /system/etc/seccomp_policy/crash_dump.arm.policy(31): nonexistent syscall 'getuid32'
10-29 22:20:24.691  2194  2194 W android.hardware.media.omx@1.0-service: libminijail[2194]: compile_file: /system/etc/seccomp_policy/crash_dump.arm.policy(32): nonexistent syscall 'fstat64'
10-29 22:20:24.691  2194  2194 W android.hardware.media.omx@1.0-service: libminijail[2194]: compile_file: /system/etc/seccomp_policy/crash_dump.arm.policy(33): nonexistent syscall 'mmap2'
10-29 22:20:24.691  2194  2194 W android.hardware.media.omx@1.0-service: libminijail[2194]: compile_file: /system/etc/seccomp_policy/crash_dump.arm.policy(34): nonexistent syscall 'geteuid32'
10-29 22:20:24.691  2194  2194 W android.hardware.media.omx@1.0-service: libminijail[2194]: compile_file: /system/etc/seccomp_policy/crash_dump.arm.policy(35): nonexistent syscall 'getgid32'
10-29 22:20:24.691  2194  2194 W android.hardware.media.omx@1.0-service: libminijail[2194]: compile_file: /system/etc/seccomp_policy/crash_dump.arm.policy(36): nonexistent syscall 'getegid32'
10-29 22:20:24.691  2194  2194 W android.hardware.media.omx@1.0-service: libminijail[2194]: compile_file: /system/etc/seccomp_policy/crash_dump.arm.policy(37): nonexistent syscall 'getgroups32'
10-29 22:20:24.692  2194  2194 W android.hardware.media.omx@1.0-service: libminijail[2194]: logging seccomp filter failures
10-29 22:20:24.713  1914  1952 D VehicleHalImpl: ENV_OUTSIDE_TEMPERATURE | 0x00000703 | Area: 0x1000000 | NOTIFY | float { 0 } 
10-29 22:20:24.713  1914  1952 D VehicleHalImpl: GEAR_SELECTION | 0x00000400 | Area: 0x1000000 | NOTIFY | int32_t { 2 } 
10-29 22:20:24.713  1914  1952 D VehicleHalImpl: OPERATION_POWER_STATE | 0x000005c9 | Area: 0x1000000 | NOTIFY | int32_t { 4 } 
10-29 22:20:24.713  1914  1954 D VehicleHalImpl: queryPropertyData: WINDOW_POS | 0x13400bc0 | areaId: 10000 | RESULT int32_t { 0 } 
10-29 22:20:24.724  1914  1954 D VehicleHalImpl: queryPropertyData: MIRROR_Y_POS | 0x14400b42 | areaId: 1 QUERY
10-29 22:20:24.729  2194  2194 W MediaCodecsXmlParser: unable to open media codecs configuration xml file: /data/misc/media/media_codecs_profiling_results.xml
10-29 22:20:24.729  2194  2194 W MediaCodecsXmlParser: parseTopLevelXMLFile(/data/misc/media/media_codecs_profiling_results.xml) failed
10-29 22:20:24.730  2194  2194 I ServiceManagement: Removing namespace from process name android.hardware.media.omx@1.0-service to omx@1.0-service.
10-29 22:20:24.738  1914  1954 D VehicleHalImpl: queryPropertyData: MIRROR_Y_POS | 0x14400b42 | areaId: 1 | RESULT int32_t { 15 } 
10-29 22:20:24.739  2182  2182 I cameraserver: ServiceManager: 0xf84f99e31c40
10-29 22:20:24.739  2182  2182 I CameraService: CameraService started (pid=2182)
10-29 22:20:24.739  2182  2182 I CameraService: CameraService process starting
10-29 22:20:24.739  2182  2182 W BatteryNotifier: batterystats service unavailable!
10-29 22:20:24.739  2182  2182 W BatteryNotifier: batterystats service unavailable!
10-29 22:20:24.748  1914  1954 D VehicleHalImpl: queryPropertyData: MIRROR_Y_POS | 0x14400b42 | areaId: 2 QUERY
10-29 22:20:24.755  1906  1906 W hwservicemanager: getTransport: Cannot find entry android.hardware.camera.provider@2.4::ICameraProvider/legacy/0 in either framework or device manifest.
10-29 22:20:24.755  1906  1906 W hwservicemanager: getTransport: Cannot find entry android.hardware.camera.provider@2.4::ICameraProvider/external/0 in either framework or device manifest.
10-29 22:20:24.756  2182  2182 I         : Waiting for activity service
10-29 22:20:24.765  1993  1993 I zygote  : VerifyImage: /system/bin/patchoat --input-image-location=/system/framework/boot.art --output-image-directory=/data/dalvik-cache/arm --instruction-set=arm --verify
10-29 22:20:24.781  2070  2070 I BufferProvider: found effect "Multichannel Downmix To Stereo" from The Android Open Source Project
10-29 22:20:24.783  2070  2070 I AudioFlinger: Using module 10 as the primary audio interface
10-29 22:20:24.784  2070  2241 I AudioFlinger: AudioFlinger's thread 0xe86e72ef6380 tid=2241 ready to run
10-29 22:20:24.784  2070  2070 W AudioFlinger: moveEffects() bad srcOutput 0
10-29 22:20:24.784  2070  2241 W AudioFlinger: no wake lock to update, system not ready yet
10-29 22:20:24.785  2070  2241 W AudioFlinger: no wake lock to update, system not ready yet
10-29 22:20:24.785  2017  2229 D audio_hw_primary: adev_create_audio_patch: source[0] type=2 address=
10-29 22:20:24.785  2017  2229 D audio_hw_primary: adev_create_audio_patch: sink[0] type=1 address=bus0_media_out
10-29 22:20:24.785  2017  2229 V audio_hw_wrap: wrap_adev_create_audio_patch:594
10-29 22:20:24.785  2017  2229 V audio_hw_wrap: - - - - >                         SOURCES: 1
10-29 22:20:24.785  2017  2229 V audio_hw_wrap: - - - - > sources[0].channel_mask = 3
10-29 22:20:24.785  2017  2229 V audio_hw_wrap: - - - - > sources[0].type = 2
10-29 22:20:24.785  2017  2229 V audio_hw_wrap: - - - - > sources[0].ext.mix.usecase.stream = ffffffff
10-29 22:20:24.785  2017  2229 V audio_hw_wrap: - - - - > sources[0].ext.mix.usecase.source = ffffffff
10-29 22:20:24.785  2017  2229 V audio_hw_wrap: - - - - >                         SINKS: 1
10-29 22:20:24.785  2017  2229 V audio_hw_wrap: - - - - > sinks[0].channel_mask = 0
10-29 22:20:24.785  2017  2229 V audio_hw_wrap: - - - - > sinks[0].type = 1
10-29 22:20:24.785  2017  2229 V audio_hw_wrap: - - - - > sinks[0].ext.device.type = 1000000
10-29 22:20:24.786  2070  2070 I AudioFlinger: openOutput() this 0xe86e72e50000, module 10 Device 0x1000000, SamplingRate 44100, Format 0x000001, Channels 0x3, flags 0x2
10-29 22:20:24.786  2017  2229 I audio_hw_primary: adev_open_output_stream: configuring output bus #1 "bus1_navigation_out"
10-29 22:20:24.786  2017  2229 I audio_hw_primary: bus #1 bus1_navigation_out configured as HAL_STREAM_SUBMIX, TDM slot 2
10-29 22:20:24.786  2017  2229 I audio_hw_primary: adev_open_output_stream bus:bus1_navigation_out
10-29 22:20:24.788  2070  2070 I AudioFlinger: HAL output buffer size 256 frames, normal sink buffer size 768 frames
10-29 22:20:24.790  2070  2244 I AudioFlinger: AudioFlinger's thread 0xe86e72f9f540 tid=2244 ready to run
10-29 22:20:24.790  2070  2244 W AudioFlinger: no wake lock to update, system not ready yet
10-29 22:20:24.791  2017  2229 D audio_hw_primary: adev_create_audio_patch: source[0] type=2 address=
10-29 22:20:24.791  2017  2229 D audio_hw_primary: adev_create_audio_patch: sink[0] type=1 address=bus1_navigation_out
10-29 22:20:24.791  2017  2229 V audio_hw_wrap: wrap_adev_create_audio_patch:594
10-29 22:20:24.791  2017  2229 V audio_hw_wrap: - - - - >                         SOURCES: 1
10-29 22:20:24.791  2017  2229 V audio_hw_wrap: - - - - > sources[0].channel_mask = 3
10-29 22:20:24.791  2017  2229 V audio_hw_wrap: - - - - > sources[0].type = 2
10-29 22:20:24.791  2017  2229 V audio_hw_wrap: - - - - > sources[0].ext.mix.usecase.stream = ffffffff
10-29 22:20:24.791  2017  2229 V audio_hw_wrap: - - - - > sources[0].ext.mix.usecase.source = ffffffff
10-29 22:20:24.791  2017  2229 V audio_hw_wrap: - - - - >                         SINKS: 1
10-29 22:20:24.791  2017  2229 V audio_hw_wrap: - - - - > sinks[0].channel_mask = 0
10-29 22:20:24.791  2017  2229 V audio_hw_wrap: - - - - > sinks[0].type = 1
10-29 22:20:24.791  2017  2229 V audio_hw_wrap: - - - - > sinks[0].ext.device.type = 1000000
10-29 22:20:24.791  2070  2070 I AudioFlinger: openOutput() this 0xe86e72e50000, module 10 Device 0x1000000, SamplingRate 44100, Format 0x000001, Channels 0x3, flags 0x2
10-29 22:20:24.792  2017  2229 I audio_hw_primary: adev_open_output_stream: configuring output bus #2 "bus2_voice_command_out"
10-29 22:20:24.792  2017  2229 I audio_hw_primary: bus #2 bus2_voice_command_out configured as HAL_STREAM_SUBMIX, TDM slot 2
10-29 22:20:24.792  2017  2229 I audio_hw_primary: adev_open_output_stream bus:bus2_voice_command_out
10-29 22:20:24.794  2070  2070 I AudioFlinger: HAL output buffer size 256 frames, normal sink buffer size 768 frames
10-29 22:20:24.795  2070  2247 I AudioFlinger: AudioFlinger's thread 0xe86e720721c0 tid=2247 ready to run
10-29 22:20:24.795  2070  2247 W AudioFlinger: no wake lock to update, system not ready yet
10-29 22:20:24.795  2070  2247 W AudioFlinger: no wake lock to update, system not ready yet
10-29 22:20:24.796  2017  2229 D audio_hw_primary: adev_create_audio_patch: source[0] type=2 address=
10-29 22:20:24.796  2017  2229 D audio_hw_primary: adev_create_audio_patch: sink[0] type=1 address=bus2_voice_command_out
10-29 22:20:24.796  2017  2229 V audio_hw_wrap: wrap_adev_create_audio_patch:594
10-29 22:20:24.796  2017  2229 V audio_hw_wrap: - - - - >                         SOURCES: 1
10-29 22:20:24.796  2017  2229 V audio_hw_wrap: - - - - > sources[0].channel_mask = 3
10-29 22:20:24.796  2017  2229 V audio_hw_wrap: - - - - > sources[0].type = 2
10-29 22:20:24.796  2017  2229 V audio_hw_wrap: - - - - > sources[0].ext.mix.usecase.stream = ffffffff
10-29 22:20:24.796  2017  2229 V audio_hw_wrap: - - - - > sources[0].ext.mix.usecase.source = ffffffff
10-29 22:20:24.796  2017  2229 V audio_hw_wrap: - - - - >                         SINKS: 1
10-29 22:20:24.796  2017  2229 V audio_hw_wrap: - - - - > sinks[0].channel_mask = 0
10-29 22:20:24.796  2017  2229 V audio_hw_wrap: - - - - > sinks[0].type = 1
10-29 22:20:24.796  2017  2229 V audio_hw_wrap: - - - - > sinks[0].ext.device.type = 1000000
10-29 22:20:24.797  2070  2070 I AudioFlinger: openOutput() this 0xe86e72e50000, module 10 Device 0x1000000, SamplingRate 44100, Format 0x000001, Channels 0x3, flags 0x2
10-29 22:20:24.797  2017  2229 I audio_hw_primary: adev_open_output_stream: configuring output bus #3 "bus3_call_ring_out"
10-29 22:20:24.797  2017  2229 I audio_hw_primary: bus #3 bus3_call_ring_out configured as HAL_STREAM_SUBMIX, TDM slot 1
10-29 22:20:24.797  2017  2229 I audio_hw_primary: adev_open_output_stream bus:bus3_call_ring_out
10-29 22:20:24.799  2070  2070 I AudioFlinger: HAL output buffer size 256 frames, normal sink buffer size 768 frames
10-29 22:20:24.800  2070  2250 I AudioFlinger: AudioFlinger's thread 0xe86e72123c40 tid=2250 ready to run
10-29 22:20:24.800  2070  2250 W AudioFlinger: no wake lock to update, system not ready yet
10-29 22:20:24.800  2070  2250 W AudioFlinger: no wake lock to update, system not ready yet
10-29 22:20:24.801  2017  2229 D audio_hw_primary: adev_create_audio_patch: source[0] type=2 address=
10-29 22:20:24.801  2017  2229 D audio_hw_primary: adev_create_audio_patch: sink[0] type=1 address=bus3_call_ring_out
10-29 22:20:24.801  2017  2229 V audio_hw_wrap: wrap_adev_create_audio_patch:594
10-29 22:20:24.801  2017  2229 V audio_hw_wrap: - - - - >                         SOURCES: 1
10-29 22:20:24.801  2017  2229 V audio_hw_wrap: - - - - > sources[0].channel_mask = 3
10-29 22:20:24.801  2017  2229 V audio_hw_wrap: - - - - > sources[0].type = 2
10-29 22:20:24.801  2017  2229 V audio_hw_wrap: - - - - > sources[0].ext.mix.usecase.stream = ffffffff
10-29 22:20:24.801  2017  2229 V audio_hw_wrap: - - - - > sources[0].ext.mix.usecase.source = ffffffff
10-29 22:20:24.801  2017  2229 V audio_hw_wrap: - - - - >                         SINKS: 1
10-29 22:20:24.801  2017  2229 V audio_hw_wrap: - - - - > sinks[0].channel_mask = 0
10-29 22:20:24.802  2017  2229 V audio_hw_wrap: - - - - > sinks[0].type = 1
10-29 22:20:24.802  2017  2229 V audio_hw_wrap: - - - - > sinks[0].ext.device.type = 1000000
10-29 22:20:24.803  2070  2070 I AudioFlinger: openOutput() this 0xe86e72e50000, module 10 Device 0x1000000, SamplingRate 44100, Format 0x000001, Channels 0x3, flags 0x2
10-29 22:20:24.803  2017  2229 I audio_hw_primary: adev_open_output_stream: configuring output bus #4 "bus4_call_out"
10-29 22:20:24.803  2017  2229 I audio_hw_primary: bus #4 bus4_call_out configured as HAL_STREAM_SUBMIX, TDM slot 1
10-29 22:20:24.803  2017  2229 I audio_hw_primary: adev_open_output_stream bus:bus4_call_out
10-29 22:20:24.805  2070  2070 I AudioFlinger: HAL output buffer size 256 frames, normal sink buffer size 768 frames
10-29 22:20:24.806  2070  2253 I AudioFlinger: AudioFlinger's thread 0xe86e71828a80 tid=2253 ready to run
10-29 22:20:24.807  2070  2253 W AudioFlinger: no wake lock to update, system not ready yet
10-29 22:20:24.807  2017  2229 D audio_hw_primary: adev_create_audio_patch: source[0] type=2 address=
10-29 22:20:24.807  2017  2229 D audio_hw_primary: adev_create_audio_patch: sink[0] type=1 address=bus4_call_out
10-29 22:20:24.807  2017  2229 V audio_hw_wrap: wrap_adev_create_audio_patch:594
10-29 22:20:24.807  2017  2229 V audio_hw_wrap: - - - - >                         SOURCES: 1
10-29 22:20:24.807  2017  2229 V audio_hw_wrap: - - - - > sources[0].channel_mask = 3
10-29 22:20:24.807  2017  2229 V audio_hw_wrap: - - - - > sources[0].type = 2
10-29 22:20:24.807  2017  2229 V audio_hw_wrap: - - - - > sources[0].ext.mix.usecase.stream = ffffffff
10-29 22:20:24.807  2017  2229 V audio_hw_wrap: - - - - > sources[0].ext.mix.usecase.source = ffffffff
10-29 22:20:24.807  2017  2229 V audio_hw_wrap: - - - - >                         SINKS: 1
10-29 22:20:24.807  2017  2229 V audio_hw_wrap: - - - - > sinks[0].channel_mask = 0
10-29 22:20:24.807  2017  2229 V audio_hw_wrap: - - - - > sinks[0].type = 1
10-29 22:20:24.807  2017  2229 V audio_hw_wrap: - - - - > sinks[0].ext.device.type = 1000000
10-29 22:20:24.808  2070  2070 I AudioFlinger: openOutput() this 0xe86e72e50000, module 10 Device 0x1000000, SamplingRate 44100, Format 0x000001, Channels 0x3, flags 0x2
10-29 22:20:24.808  2017  2229 I audio_hw_primary: adev_open_output_stream: configuring output bus #5 "bus5_alarm_out"
10-29 22:20:24.808  2017  2229 I audio_hw_primary: bus #5 bus5_alarm_out configured as HAL_STREAM_SUBMIX, TDM slot 2
10-29 22:20:24.808  2017  2229 I audio_hw_primary: adev_open_output_stream bus:bus5_alarm_out
10-29 22:20:24.810  2070  2070 I AudioFlinger: HAL output buffer size 256 frames, normal sink buffer size 768 frames
10-29 22:20:24.812  2070  2257 I AudioFlinger: AudioFlinger's thread 0xe86e718d9f40 tid=2257 ready to run
10-29 22:20:24.812  2070  2257 W AudioFlinger: no wake lock to update, system not ready yet
10-29 22:20:24.812  2070  2257 W AudioFlinger: no wake lock to update, system not ready yet
10-29 22:20:24.813  2017  2017 D audio_hw_primary: adev_create_audio_patch: source[0] type=2 address=
10-29 22:20:24.813  2017  2017 D audio_hw_primary: adev_create_audio_patch: sink[0] type=1 address=bus5_alarm_out
10-29 22:20:24.813  2017  2017 V audio_hw_wrap: wrap_adev_create_audio_patch:594
10-29 22:20:24.813  2017  2017 V audio_hw_wrap: - - - - >                         SOURCES: 1
10-29 22:20:24.813  2017  2017 V audio_hw_wrap: - - - - > sources[0].channel_mask = 3
10-29 22:20:24.813  2017  2017 V audio_hw_wrap: - - - - > sources[0].type = 2
10-29 22:20:24.813  2017  2017 V audio_hw_wrap: - - - - > sources[0].ext.mix.usecase.stream = ffffffff
10-29 22:20:24.813  2017  2017 V audio_hw_wrap: - - - - > sources[0].ext.mix.usecase.source = ffffffff
10-29 22:20:24.813  2017  2017 V audio_hw_wrap: - - - - >                         SINKS: 1
10-29 22:20:24.813  2017  2017 V audio_hw_wrap: - - - - > sinks[0].channel_mask = 0
10-29 22:20:24.813  2017  2017 V audio_hw_wrap: - - - - > sinks[0].type = 1
10-29 22:20:24.813  2017  2017 V audio_hw_wrap: - - - - > sinks[0].ext.device.type = 1000000
10-29 22:20:24.813  1914  1952 D VehicleHalImpl: ENV_OUTSIDE_TEMPERATURE | 0x00000703 | Area: 0x1000000 | NOTIFY | float { 0 } 
10-29 22:20:24.813  1914  1952 D VehicleHalImpl: GEAR_SELECTION | 0x00000400 | Area: 0x1000000 | NOTIFY | int32_t { 2 } 
10-29 22:20:24.813  1914  1952 D VehicleHalImpl: OPERATION_POWER_STATE | 0x000005c9 | Area: 0x1000000 | NOTIFY | int32_t { 4 } 
10-29 22:20:24.813  1914  1954 D VehicleHalImpl: queryPropertyData: MIRROR_Y_POS | 0x14400b42 | areaId: 2 | RESULT int32_t { 15 } 
10-29 22:20:24.813  2070  2070 I AudioFlinger: openOutput() this 0xe86e72e50000, module 10 Device 0x1000000, SamplingRate 44100, Format 0x000001, Channels 0x3, flags 0x2
10-29 22:20:24.813  2017  2017 I audio_hw_primary: adev_open_output_stream: configuring output bus #6 "bus6_notification_out"
10-29 22:20:24.814  2017  2017 I audio_hw_primary: bus #6 bus6_notification_out configured as HAL_STREAM_SUBMIX, TDM slot 2
10-29 22:20:24.814  2017  2017 I audio_hw_primary: adev_open_output_stream bus:bus6_notification_out
10-29 22:20:24.815  2070  2070 I AudioFlinger: HAL output buffer size 256 frames, normal sink buffer size 768 frames
10-29 22:20:24.816  2070  2260 I AudioFlinger: AudioFlinger's thread 0xe86e719a6140 tid=2260 ready to run
10-29 22:20:24.816  2070  2260 W AudioFlinger: no wake lock to update, system not ready yet
10-29 22:20:24.817  2070  2260 W AudioFlinger: no wake lock to update, system not ready yet
10-29 22:20:24.819  2017  2017 D audio_hw_primary: adev_create_audio_patch: source[0] type=2 address=
10-29 22:20:24.819  2017  2017 D audio_hw_primary: adev_create_audio_patch: sink[0] type=1 address=bus6_notification_out
10-29 22:20:24.819  2017  2017 V audio_hw_wrap: wrap_adev_create_audio_patch:594
10-29 22:20:24.819  2017  2017 V audio_hw_wrap: - - - - >                         SOURCES: 1
10-29 22:20:24.819  2017  2017 V audio_hw_wrap: - - - - > sources[0].channel_mask = 3
10-29 22:20:24.819  2017  2017 V audio_hw_wrap: - - - - > sources[0].type = 2
10-29 22:20:24.819  2017  2017 V audio_hw_wrap: - - - - > sources[0].ext.mix.usecase.stream = ffffffff
10-29 22:20:24.819  2017  2017 V audio_hw_wrap: - - - - > sources[0].ext.mix.usecase.source = ffffffff
10-29 22:20:24.819  2017  2017 V audio_hw_wrap: - - - - >                         SINKS: 1
10-29 22:20:24.819  2017  2017 V audio_hw_wrap: - - - - > sinks[0].channel_mask = 0
10-29 22:20:24.819  2017  2017 V audio_hw_wrap: - - - - > sinks[0].type = 1
10-29 22:20:24.819  2017  2017 V audio_hw_wrap: - - - - > sinks[0].ext.device.type = 1000000
10-29 22:20:24.819  2070  2070 I AudioFlinger: openOutput() this 0xe86e72e50000, module 10 Device 0x1000000, SamplingRate 44100, Format 0x000001, Channels 0x3, flags 0x2
10-29 22:20:24.820  2017  2017 I audio_hw_primary: adev_open_output_stream: configuring output bus #7 "bus7_system_sound_out"
10-29 22:20:24.820  2017  2017 I audio_hw_primary: bus #7 bus7_system_sound_out configured as HAL_STREAM_SUBMIX, TDM slot 2
10-29 22:20:24.820  2017  2017 I audio_hw_primary: adev_open_output_stream bus:bus7_system_sound_out
10-29 22:20:24.821  2070  2070 I AudioFlinger: HAL output buffer size 256 frames, normal sink buffer size 768 frames
10-29 22:20:24.823  2070  2263 I AudioFlinger: AudioFlinger's thread 0xe86e71281640 tid=2263 ready to run
10-29 22:20:24.823  2070  2263 W AudioFlinger: no wake lock to update, system not ready yet
10-29 22:20:24.823  1914  1954 D VehicleHalImpl: queryPropertyData: HVAC_AC_ON | 0x15200505 | areaId: 75 QUERY
10-29 22:20:24.824  2070  2263 W AudioFlinger: no wake lock to update, system not ready yet
10-29 22:20:24.825  2017  2017 D audio_hw_primary: adev_create_audio_patch: source[0] type=2 address=
10-29 22:20:24.825  2017  2017 D audio_hw_primary: adev_create_audio_patch: sink[0] type=1 address=bus7_system_sound_out
10-29 22:20:24.825  2017  2017 V audio_hw_wrap: wrap_adev_create_audio_patch:594
10-29 22:20:24.825  2017  2017 V audio_hw_wrap: - - - - >                         SOURCES: 1
10-29 22:20:24.825  2017  2017 V audio_hw_wrap: - - - - > sources[0].channel_mask = 3
10-29 22:20:24.825  2017  2017 V audio_hw_wrap: - - - - > sources[0].type = 2
10-29 22:20:24.825  2017  2017 V audio_hw_wrap: - - - - > sources[0].ext.mix.usecase.stream = ffffffff
10-29 22:20:24.825  2017  2017 V audio_hw_wrap: - - - - > sources[0].ext.mix.usecase.source = ffffffff
10-29 22:20:24.825  2017  2017 V audio_hw_wrap: - - - - >                         SINKS: 1
10-29 22:20:24.825  2017  2017 V audio_hw_wrap: - - - - > sinks[0].channel_mask = 0
10-29 22:20:24.825  2017  2017 V audio_hw_wrap: - - - - > sinks[0].type = 1
10-29 22:20:24.825  2017  2017 V audio_hw_wrap: - - - - > sinks[0].ext.device.type = 1000000
10-29 22:20:24.826  2017  2017 I audio_hw_primary: configuring input bus #0 ""
10-29 22:20:24.826  2017  2017 W audio_hw_primary: unexpected bus ID 0 "", using default input as fallback
10-29 22:20:24.835  2070  2265 I AudioFlinger: AudioFlinger's thread 0xe86e71352d80 tid=2265 ready to run
10-29 22:20:24.836  2070  2264 E FastThread: did not receive expected priority boost on time
10-29 22:20:24.836  2017  2017 D audio_hw_primary: adev_close_input_stream bus:
10-29 22:20:24.836  2070  2070 W APM_AudioPolicyManager: Input profile contains no device on module primary
10-29 22:20:24.838  1914  1954 D VehicleHalImpl: queryPropertyData: HVAC_AC_ON | 0x15200505 | areaId: 75 | RESULT int32_t { 0 } 
10-29 22:20:24.848  1914  1954 D VehicleHalImpl: queryPropertyData: HVAC_MAX_AC_ON | 0x15200506 | areaId: 75 QUERY
10-29 22:20:24.913  1914  1952 D VehicleHalImpl: ENV_OUTSIDE_TEMPERATURE | 0x00000703 | Area: 0x1000000 | NOTIFY | float { 0 } 
10-29 22:20:24.913  1914  1952 D VehicleHalImpl: GEAR_SELECTION | 0x00000400 | Area: 0x1000000 | NOTIFY | int32_t { 2 } 
10-29 22:20:24.913  1914  1952 D VehicleHalImpl: OPERATION_POWER_STATE | 0x000005c9 | Area: 0x1000000 | NOTIFY | int32_t { 4 } 
10-29 22:20:24.914  1914  1954 D VehicleHalImpl: queryPropertyData: HVAC_MAX_AC_ON | 0x15200506 | areaId: 75 | RESULT int32_t { 0 } 
10-29 22:20:24.924  1914  1954 D VehicleHalImpl: queryPropertyData: HVAC_DUAL_ON | 0x15200509 | areaId: 75 QUERY
10-29 22:20:24.938  1914  1954 D VehicleHalImpl: queryPropertyData: HVAC_DUAL_ON | 0x15200509 | areaId: 75 | RESULT int32_t { 0 } 
10-29 22:20:24.945  2070  2070 I bt_a2dp_hw: adev_open:  adev_open in A2dp_hw module
10-29 22:20:24.946  2070  2070 I AudioFlinger: loadHwModule() Loaded a2dp audio interface, handle 18
10-29 22:20:24.946  2017  2017 E DevicesFactoryHAL: loadAudioInterface couldn't load audio hw module audio.usb (No such file or directory)
10-29 22:20:24.946  2070  2070 E AudioFlinger: loadHwModule() error -22 loading module usb
10-29 22:20:24.946  2070  2070 W APM_AudioPolicyManager: could not open HW module usb
10-29 22:20:24.949  1914  1954 D VehicleHalImpl: queryPropertyData: HVAC_AUTO_ON | 0x1520050a | areaId: 75 QUERY
10-29 22:20:24.966  2192  2204 I ServiceManager: Waiting for service package_native...
10-29 22:20:24.970  2017  2017 I r_submix: adev_open(name=audio_hw_if)
10-29 22:20:24.971  2017  2017 I r_submix: adev_init_check()
10-29 22:20:24.971  2017  2017 W DeviceHAL: Error from HAL Device in function set_master_mute: Function not implemented
10-29 22:20:24.971  2070  2070 I AudioFlinger: loadHwModule() Loaded r_submix audio interface, handle 26
10-29 22:20:24.971  2017  2017 D r_submix: adev_open_input_stream(addr=0)
10-29 22:20:24.971  2017  2017 D r_submix: submix_audio_device_create_pipe_l(addr=0, idx=9)
10-29 22:20:24.971  2017  2017 D r_submix:   now using address 0 for route 9
10-29 22:20:24.973  2070  2266 I AudioFlinger: AudioFlinger's thread 0xe86e71352b40 tid=2266 ready to run
10-29 22:20:24.973  2070  2070 I         : Waiting for activity service
10-29 22:20:24.974  2017  2017 D r_submix: adev_close_input_stream()
10-29 22:20:24.974  2017  2017 D r_submix: submix_audio_device_release_pipe_l(idx=9) addr=0
10-29 22:20:24.974  2017  2017 D r_submix: submix_audio_device_destroy_pipe_l(): pipe destroyed
10-29 22:20:25.020  2226  2269 D libEGL  : loaded /vendor/lib64/egl/libEGL_POWERVR_ROGUE.so
10-29 22:20:25.029  2226  2269 D libEGL  : loaded /vendor/lib64/egl/libGLESv1_CM_POWERVR_ROGUE.so
10-29 22:20:25.039  1914  1952 D VehicleHalImpl: ENV_OUTSIDE_TEMPERATURE | 0x00000703 | Area: 0x1000000 | NOTIFY | float { 0 } 
10-29 22:20:25.039  1914  1952 D VehicleHalImpl: GEAR_SELECTION | 0x00000400 | Area: 0x1000000 | NOTIFY | int32_t { 2 } 
10-29 22:20:25.039  1914  1952 D VehicleHalImpl: OPERATION_POWER_STATE | 0x000005c9 | Area: 0x1000000 | NOTIFY | int32_t { 4 } 
10-29 22:20:25.039  1914  1954 D VehicleHalImpl: queryPropertyData: HVAC_AUTO_ON | 0x1520050a | areaId: 75 | RESULT int32_t { 0 } 
10-29 22:20:25.049  1914  1954 D VehicleHalImpl: queryPropertyData: HVAC_FAN_SPEED | 0x15400500 | areaId: 75 QUERY
10-29 22:20:25.059  2226  2269 D libEGL  : loaded /vendor/lib64/egl/libGLESv2_POWERVR_ROGUE.so
10-29 22:20:25.088  2226  2269 I ConfigStore: android::hardware::configstore::V1_0::ISurfaceFlingerConfigs::hasWideColorDisplay retrieved: 0
10-29 22:20:25.088  2226  2269 I ConfigStore: android::hardware::configstore::V1_0::ISurfaceFlingerConfigs::hasHDRDisplay retrieved: 0
10-29 22:20:25.089  1914  1954 D VehicleHalImpl: queryPropertyData: HVAC_FAN_SPEED | 0x15400500 | areaId: 75 | RESULT int32_t { 0 } 
10-29 22:20:25.099  1914  1954 D VehicleHalImpl: queryPropertyData: HVAC_FAN_DIRECTION | 0x15400501 | areaId: 75 QUERY
10-29 22:20:25.101  1914  1952 D VehicleHalImpl: ENV_OUTSIDE_TEMPERATURE | 0x00000703 | Area: 0x1000000 | NOTIFY | float { 0 } 
10-29 22:20:25.101  1914  1952 D VehicleHalImpl: STEERING_ANGLE | 0x00000200 | Area: 0x1000000 | NOTIFY | float { -0.0026 } 
10-29 22:20:25.101  1914  1952 D VehicleHalImpl: PERF_ODOMETER | 0x00000204 | Area: 0x1000000 | NOTIFY | float { 0 } 
10-29 22:20:25.101  1914  1952 D VehicleHalImpl: PERF_VEHICLE_SPEED | 0x00000207 | Area: 0x1000000 | NOTIFY | float { 0 } 
10-29 22:20:25.143  1914  1952 D VehicleHalImpl: GEAR_SELECTION | 0x00000400 | Area: 0x1000000 | NOTIFY | int32_t { 2 } 
10-29 22:20:25.144  1914  1952 D VehicleHalImpl: ENGINE_RPM | 0x00000305 | Area: 0x1000000 | NOTIFY | float { 0 } 
10-29 22:20:25.144  1914  1952 D VehicleHalImpl: FUEL_LEVEL | 0x00000307 | Area: 0x1000000 | NOTIFY | float { 0 } 
10-29 22:20:25.144  1914  1952 D VehicleHalImpl: OPERATION_POWER_STATE | 0x000005c9 | Area: 0x1000000 | NOTIFY | int32_t { 4 } 
10-29 22:20:25.144  1914  1954 D VehicleHalImpl: queryPropertyData: HVAC_FAN_DIRECTION | 0x15400501 | areaId: 75 | RESULT int32_t { 0 } 
